07-07 15:19:22.835   529  2423 W Binder  : Outgoing transactions from this process must be FLAG_ONEWAY
07-07 15:19:22.835   529  2423 W Binder  : java.lang.Throwable
07-07 15:19:22.835   529  2423 W Binder  : 	at android.os.BinderProxy.transact(Binder.java:752)
07-07 15:19:22.835   529  2423 W Binder  : 	at android.app.IActivityController$Stub$Proxy.activityStarting(IActivityController.java:172)
07-07 15:19:22.835   529  2423 W Binder  : 	at com.android.server.am.ActivityStarter.startActivity(ActivityStarter.java:449)
07-07 15:19:22.835   529  2423 W Binder  : 	at com.android.server.am.ActivityStarter.startActivityLocked(ActivityStarter.java:278)
07-07 15:19:22.835   529  2423 W Binder  : 	at com.android.server.am.ActivityStarter.startActivityMayWait(ActivityStarter.java:817)
07-07 15:19:22.835   529  2423 W Binder  : 	at com.android.server.am.ActivityManagerService.startActivityAsUser(ActivityManagerService.java:4590)
07-07 15:19:22.835   529  2423 W Binder  : 	at com.android.server.am.ActivityManagerService.startActivity(ActivityManagerService.java:4577)
07-07 15:19:22.835   529  2423 W Binder  : 	at android.app.IActivityManager$Stub.onTransact(IActivityManager.java:121)
07-07 15:19:22.835   529  2423 W Binder  : 	at com.android.server.am.ActivityManagerService.onTransact(ActivityManagerService.java:2977)
07-07 15:19:22.835   529  2423 W Binder  : 	at android.os.Binder.execTransact(Binder.java:697)
07-07 15:19:22.838  2428  2428 I Monkey  : Events injected: 1
07-07 15:19:22.843  2438  2438 W zygote  : Unexpected CPU variant for X86 using defaults: x86
07-07 15:19:22.851   529   541 I ActivityManager: Start proc 2438:ccc71.at.free:ui/u0a68 for activity ccc71.at.free/ccc71.at.at_main_popup
07-07 15:19:22.848   529   529 I Binder:529_4: type=1400 audit(0.0:1338): avc: denied { write } for name="timerslack_ns" dev="proc" ino=32988 scontext=u:r:system_server:s0 tcontext=u:r:untrusted_app:s0:c512,c768 tclass=file permissive=1
07-07 15:19:22.848   529   529 I Binder:529_4: type=1400 audit(0.0:1339): avc: denied { write } for name="timerslack_ns" dev="proc" ino=19496 scontext=u:r:system_server:s0 tcontext=u:r:priv_app:s0:c512,c768 tclass=file permissive=1
07-07 15:19:22.855  2428  2428 I Monkey  : ## Network stats: elapsed time=4ms (0ms mobile, 0ms wifi, 4ms not connected)
07-07 15:19:22.856  2428  2428 I com.android.commands.monkey: System.exit called, status: 0
07-07 15:19:22.856  2428  2428 I AndroidRuntime: VM exiting with result code 0.
07-07 15:19:22.864  2438  2438 I MultiDex: VM with version 2.1.0 has multidex support
07-07 15:19:22.864  2438  2438 I MultiDex: Installing application
07-07 15:19:22.864  2438  2438 I MultiDex: VM has multidex support, MultiDex support library is disabled.
07-07 15:19:22.871  2438  2457 D libEGL  : Emulator has host GPU support, qemu.gles is set to 1.
07-07 15:19:22.864  2438  2438 I ccc71.at.free:ui: type=1400 audit(0.0:1340): avc: denied { write } for comm=45474C20496E6974 name="property_service" dev="tmpfs" ino=9255 scontext=u:r:untrusted_app:s0:c512,c768 tcontext=u:object_r:property_socket:s0 tclass=sock_file permissive=1
07-07 15:19:22.864  2438  2438 I ccc71.at.free:ui: type=1400 audit(0.0:1341): avc: denied { connectto } for comm=45474C20496E6974 path="/dev/socket/property_service" scontext=u:r:untrusted_app:s0:c512,c768 tcontext=u:r:init:s0 tclass=unix_stream_socket permissive=1
07-07 15:19:22.872  2438  2457 D vndksupport: Loading /vendor/lib/egl/libGLES_emulation.so from current namespace instead of sphal namespace.
07-07 15:19:22.875  2438  2457 E libEGL  : load_driver(/vendor/lib/egl/libGLES_emulation.so): dlopen failed: library "/vendor/lib/egl/libGLES_emulation.so" not found
07-07 15:19:22.875  2438  2457 D vndksupport: Loading /vendor/lib/egl/libEGL_emulation.so from current namespace instead of sphal namespace.
07-07 15:19:22.877  2438  2456 W 3c.settings: Loaded 10 shared preference settings
07-07 15:19:22.877  2438  2456 W 3c.lib  : Loading exception handler onto file /storage/emulated/0/Android/data/ccc71.at.free/support/crash_reports.txt
07-07 15:19:22.877  2438  2456 E 3c.lib  : Checking isUI thread
07-07 15:19:22.878  2438  2456 I 3c.lib  : Checking isUI (from AM):true - ccc71.at.free:ui
07-07 15:19:22.878  2438  2456 W 3c.ui.utils: shortcut initialized  / 0 / empty
07-07 15:19:22.878  2438  2456 W 3c.ui.utils: Loading language into shortcuts initializer
07-07 15:19:22.878  2438  2456 W 3c.ui.utils: Loaded language into shortcuts initializer: en_US
07-07 15:19:22.882  2438  2438 I 3c.ui.utils: Preparing conf with language: en - US = en_US
07-07 15:19:22.884  2438  2457 D libEGL  : loaded /vendor/lib/egl/libEGL_emulation.so
07-07 15:19:22.884  2438  2457 D vndksupport: Loading /vendor/lib/egl/libGLESv1_CM_emulation.so from current namespace instead of sphal namespace.
07-07 15:19:22.885  2438  2438 I 3c.ui.utils: Creating conf with language: US / en
07-07 15:19:22.886  2438  2457 D libEGL  : loaded /vendor/lib/egl/libGLESv1_CM_emulation.so
07-07 15:19:22.887  2438  2438 D AppCompatDelegate: Checking for metadata for AppLocalesMetadataHolderService : Service not found
07-07 15:19:22.891  2438  2457 D vndksupport: Loading /vendor/lib/egl/libGLESv2_emulation.so from current namespace instead of sphal namespace.
07-07 15:19:22.894  2438  2457 D libEGL  : loaded /vendor/lib/egl/libGLESv2_emulation.so
07-07 15:19:22.895  2438  2456 W 3c.lib  : Trying to gain root access, remaining attempts: 1
07-07 15:19:22.895  2438  2456 W 3c.lib  : Running lib as root: /data/app/ccc71.at.free-T69qXGMfeYinLahOZFBQLg==/lib/x86/liblib3c.so
07-07 15:19:22.892  2458  2458 I Thread-2: type=1400 audit(0.0:1342): avc: denied { execute } for name="su" dev="sda6" ino=2766 scontext=u:r:untrusted_app:s0:c512,c768 tcontext=u:object_r:su_exec:s0 tclass=file permissive=1
07-07 15:19:22.896  2458  2458 I Thread-2: type=1400 audit(0.0:1343): avc: denied { read open } for path="/system/xbin/su" dev="sda6" ino=2766 scontext=u:r:untrusted_app:s0:c512,c768 tcontext=u:object_r:su_exec:s0 tclass=file permissive=1
07-07 15:19:22.903  2438  2438 D 3c.lib  : No extras in intent Intent { act=android.intent.action.MAIN cat=[android.intent.category.LAUNCHER] flg=0x10200000 cmp=ccc71.at.free/ccc71.at.at_main_popup }
07-07 15:19:22.896  2458  2458 I Thread-2: type=1400 audit(0.0:1344): avc: denied { execute_no_trans } for path="/system/xbin/su" dev="sda6" ino=2766 scontext=u:r:untrusted_app:s0:c512,c768 tcontext=u:object_r:su_exec:s0 tclass=file permissive=1
07-07 15:19:22.900  2459  2459 I su      : type=1400 audit(0.0:1345): avc: denied { write } for name="server" dev="tmpfs" ino=9803 scontext=u:r:untrusted_app:s0:c512,c768 tcontext=u:object_r:device:s0 tclass=sock_file permissive=1
07-07 15:19:22.900  2459  2459 I su      : type=1400 audit(0.0:1346): avc: denied { connectto } for path="/dev/com.genymotion.superuser.daemon/server" scontext=u:r:untrusted_app:s0:c512,c768 tcontext=u:r:su_daemon:s0 tclass=unix_stream_socket permissive=1
07-07 15:19:22.900  2461  2461 I su      : type=1400 audit(0.0:1347): avc: denied { sys_ptrace } for capability=19 scontext=u:r:su_daemon:s0 tcontext=u:r:su_daemon:s0 tclass=capability permissive=1
07-07 15:19:22.900  2461  2461 I su      : type=1400 audit(0.0:1348): avc: denied { read } for scontext=u:r:su_daemon:s0 tcontext=u:r:untrusted_app:s0:c512,c768 tclass=file permissive=1
07-07 15:19:22.900  2461  2461 I su      : type=1400 audit(0.0:1349): avc: denied { search } for name="2459" dev="proc" ino=32130 scontext=u:r:su_daemon:s0 tcontext=u:r:untrusted_app:s0:c512,c768 tclass=dir permissive=1
07-07 15:19:22.900  2461  2461 I su      : type=1400 audit(0.0:1350): avc: denied { read } for name="exe" dev="proc" ino=34253 scontext=u:r:su_daemon:s0 tcontext=u:r:untrusted_app:s0:c512,c768 tclass=lnk_file permissive=1
07-07 15:19:22.904   529   780 I ActivityManager: START u0 {flg=0x34000000 cmp=ccc71.at.free/ccc71.at.activities.easy_tabs.at_easy_tabs (has extras)} from uid 10068
07-07 15:19:22.900  2463  2463 I su      : type=1400 audit(0.0:1351): avc: denied { open } for path="/proc/2438/cmdline" dev="proc" ino=34229 scontext=u:r:su_daemon:s0 tcontext=u:r:untrusted_app:s0:c512,c768 tclass=file permissive=1
07-07 15:19:22.900  2463  2463 I su      : type=1400 audit(0.0:1352): avc: denied { search } for name="com.genymotion.superuser" dev="sdb3" ino=81703 scontext=u:r:su_daemon:s0 tcontext=u:object_r:system_app_data_file:s0 tclass=dir permissive=1
07-07 15:19:22.900  2463  2463 I su      : type=1400 audit(0.0:1353): avc: denied { getattr } for path="/data/data/com.genymotion.superuser" dev="sdb3" ino=81703 scontext=u:r:su_daemon:s0 tcontext=u:object_r:system_app_data_file:s0 tclass=dir permissive=1
07-07 15:19:22.900  2463  2463 I su      : type=1400 audit(0.0:1354): avc: denied { setattr } for name="com.genymotion.superuser" dev="tmpfs" ino=26284 scontext=u:r:su_daemon:s0 tcontext=u:object_r:device:s0 tclass=dir permissive=1
07-07 15:19:22.900  2463  2463 I su      : type=1400 audit(0.0:1355): avc: denied { chown } for capability=0 scontext=u:r:su_daemon:s0 tcontext=u:r:su_daemon:s0 tclass=capability permissive=1
07-07 15:19:22.900  2463  2463 I su      : type=1400 audit(0.0:1356): avc: denied { setgid } for capability=6 scontext=u:r:su_daemon:s0 tcontext=u:r:su_daemon:s0 tclass=capability permissive=1
07-07 15:19:22.900  2463  2463 I su      : type=1400 audit(0.0:1357): avc: denied { setuid } for capability=7 scontext=u:r:su_daemon:s0 tcontext=u:r:su_daemon:s0 tclass=capability permissive=1
07-07 15:19:22.900  2464  2464 I su      : type=1400 audit(0.0:1359): avc: denied { execute } for name="app_process32" dev="sda6" ino=338 scontext=u:r:su_daemon:s0 tcontext=u:object_r:zygote_exec:s0 tclass=file permissive=1
07-07 15:19:22.900  2463  2463 I su      : type=1400 audit(0.0:1358): avc: denied { execute } for name="sh" dev="sda6" ino=579 scontext=u:r:su_daemon:s0 tcontext=u:object_r:shell_exec:s0 tclass=file permissive=1
07-07 15:19:22.900  2463  2463 I su      : type=1400 audit(0.0:1360): avc: denied { read open } for path="/system/bin/sh" dev="sda6" ino=579 scontext=u:r:su_daemon:s0 tcontext=u:object_r:shell_exec:s0 tclass=file permissive=1
07-07 15:19:22.900  2463  2463 I su      : type=1400 audit(0.0:1361): avc: denied { execute_no_trans } for path="/system/bin/sh" dev="sda6" ino=579 scontext=u:r:su_daemon:s0 tcontext=u:object_r:shell_exec:s0 tclass=file permissive=1
07-07 15:19:22.900  2464  2464 I su      : type=1400 audit(0.0:1362): avc: denied { read open } for path="/system/bin/app_process32" dev="sda6" ino=338 scontext=u:r:su_daemon:s0 tcontext=u:object_r:zygote_exec:s0 tclass=file permissive=1
07-07 15:19:22.900  2464  2464 I su      : type=1400 audit(0.0:1363): avc: denied { execute_no_trans } for path="/system/bin/app_process32" dev="sda6" ino=338 scontext=u:r:su_daemon:s0 tcontext=u:object_r:zygote_exec:s0 tclass=file permissive=1
07-07 15:19:22.909  2438  2438 D 3c.ui.utils: at_activity.initAll(ccc71.at.at_main_popup@be55b42, true);
07-07 15:19:22.918  2438  2456 W 3c.lib  : Got root access, resetting attempts
07-07 15:19:22.926  2438  2456 W 3c.app.tb: Removing shortcut Usage: API != 22
07-07 15:19:22.926  1206  1295 W OpenGLRenderer: Incorrectly called buildLayer on View: ShortcutAndWidgetContainer, destroying layer...
07-07 15:19:22.926  2438  2456 W 3c.app.tb: Removing shortcut Optimization: API != 23
07-07 15:19:22.944  2438  2456 W 3c.app.tb: Removing shortcut Graphics: API != 23
07-07 15:19:22.944  2438  2456 W 3c.app.tb: Removing shortcut Wi-Fi AP: API < 23
07-07 15:19:22.945  2438  2468 D OpenGLRenderer: Skia GL Pipeline
07-07 15:19:22.953  2438  2456 W 3c.app.tb: Removing shortcut GPU: no GPU
07-07 15:19:22.953  2438  2456 W 3c.app.tb: Removing shortcut Times: no TIMES
07-07 15:19:22.954  2438  2456 D 3c.control: max_cpu Read valid core for max cpu
07-07 15:19:22.954  2438  2468 D         : HostConnection::get() New Host Connection established 0xe44a4500, pid 2438, tid 2468
07-07 15:19:22.954  2438  2456 D 3c.control: max_cpu Read valid core: 0-3
07-07 15:19:22.954  2438  2456 D 3c.control: max_cpu Read single core: 0 from 0
07-07 15:19:22.954  2438  2456 D 3c.control: max_cpu Read single core: 3 from 3
07-07 15:19:22.955  2438  2456 W 3c.app.tb: Removing shortcut Voltage: no VOLTAGE
07-07 15:19:22.955   461  2469 D local_opengl: Sending id 27 to host
07-07 15:19:22.956  2438  2468 D         : HostComposition ext ANDROID_EMU_host_composition_v1 ANDROID_EMU_host_composition_v2 ANDROID_EMU_async_unmap_buffer ANDROID_EMU_sync_buffer_data GL_OES_EGL_image_external_essl3 GL_OES_vertex_array_object GL_KHR_texture_compression_astc_ldr ANDROID_EMU_host_side_tracing ANDROID_EMU_async_frame_commands ANDROID_EMU_gles_max_version_3_1 
07-07 15:19:22.956  2438  2468 W         : Process pipe failed
07-07 15:19:22.956  2438  2456 W 3c.app.tb: Removing shortcut Thermal: no THERMAL
07-07 15:19:22.957  2438  2456 W 3c.app.tb: Removing shortcut MPDecision: no MP
07-07 15:19:22.958  2438  2468 I ccc71.at.free:ui: android::hardware::configstore::V1_0::ISurfaceFlingerConfigs::hasWideColorDisplay retrieved: 0
07-07 15:19:22.958  2438  2468 I OpenGLRenderer: Initialized EGL, version 1.4
07-07 15:19:22.958  2438  2468 D OpenGLRenderer: Swap behavior 1
07-07 15:19:22.959  2438  2468 W OpenGLRenderer: Failed to choose config with EGL_SWAP_BEHAVIOR_PRESERVED, retrying without...
07-07 15:19:22.959  2438  2468 D OpenGLRenderer: Swap behavior 0
07-07 15:19:22.960  2438  2468 D EGL_emulation: eglCreateContext: 0xe44855a0: maj 3 min 1 rcv 4
07-07 15:19:22.960  2438  2456 D 3c.control: Checking availability: /sys/devices/platform/mipi_lgit.1537/kgamma_r
07-07 15:19:22.960  2438  2456 D 3c.control: Checking availability: /sys/devices/platform/mipi_lgit.1537/kgamma_g
07-07 15:19:22.960  2438  2456 D 3c.control: Checking availability: /sys/devices/platform/mipi_lgit.1537/kgamma_b
07-07 15:19:22.960  2438  2456 D 3c.control: Checking availability: /sys/devices/platform/mipi_lgit.1537/kgamma_ctrl
07-07 15:19:22.960  2438  2456 D 3c.control: Checking availability: /sys/devices/platform/kcal_ctrl.0/kcal
07-07 15:19:22.960  2438  2456 D 3c.control: Checking availability: /sys/devices/platform/kcal_ctrl.0/kcal_ctrl
07-07 15:19:22.960  2438  2456 D 3c.control: Checking availability: /sys/devices/platform/mipi_lgit.1537/refresh_screen
07-07 15:19:22.960  2438  2456 D 3c.control: Checking availability: /sys/class/misc/colorcontrol/multiplier_disabled
07-07 15:19:22.961  2438  2456 W 3c.app.tb: Removing shortcut Gamma: no GAMMA
07-07 15:19:22.961  2438  2456 D 3c.control: Checking availability: /sys/kernel/sound_control/cam_mic_gain
07-07 15:19:22.961  2438  2456 D 3c.control: Checking availability: /sys/kernel/sound_control/headphone_gain
07-07 15:19:22.961  2438  2456 D 3c.control: Checking availability: /sys/kernel/sound_control/mic_gain
07-07 15:19:22.961  2438  2456 D 3c.control: Checking availability: /sys/kernel/sound_control/speaker_gain
07-07 15:19:22.961  2438  2456 D 3c.control: Checking availability: /sys/kernel/sound_control/gpl_sound_control_locked
07-07 15:19:22.961  2438  2456 W 3c.app.tb: Removing shortcut Sound: no SOUND
07-07 15:19:22.962  2438  2438 I 3c.ui.utils: Preparing conf with language: en - US = en_US
07-07 15:19:22.963  2438  2438 I 3c.ui.utils: Creating conf with language: US / en
07-07 15:19:22.965  2438  2438 D 3c.ui.utils: at_activity.initAll(ccc71.at.activities.easy_tabs.at_easy_tabs@633e82d, false);
07-07 15:19:22.968  2438  2471 W 3c.ui.utils: Running init once...
07-07 15:19:22.968  2438  2471 D 3c.ui   : Found version:2.7.5 previous:2.7.5
07-07 15:19:22.968  2438  2471 D 3c.ui   : Same version, not showing update
07-07 15:19:22.969  2438  2471 D 3c.notifications: Got notifications packages: 
07-07 15:19:22.973  2438  2456 W 3c.ui.utils: Done initializing shortcuts
07-07 15:19:22.977  2438  2456 D 3c.processes: Loaded known list: 1
07-07 15:19:22.978  2438  2456 D 3c.processes: Got 1 excluded processes
07-07 15:19:22.978  2438  2456 D 3c.processes: Loaded excluded list: 1
07-07 15:19:22.978  2438  2456 W 3c.app.tb: Starting missing services after force-stop
07-07 15:19:22.978  2438  2456 W 3c.ui   : Auto-kill screen-off :false root: true, SDK: 27
07-07 15:19:22.980  2438  2471 D 3c.app.bm: Battery receiver needed: Notif shortcut: -1 - notif: false - overlay: false - screen on: true - recording: false - shorcut: false
07-07 15:19:22.980  2438  2471 D 3c.notifications: Got notifications packages: 
07-07 15:19:22.982  2438  2456 E 3c.settings: Prefs prefskey.watch.id default -1
07-07 15:19:22.982  2438  2456 W 3c.lib  : Calling native ls(false, false, /data/user/0/ccc71.at.free/xposed
07-07 15:19:22.984  2438  2456 E 3c.settings: Prefs prefskey.profile.id default -1
07-07 15:19:22.984  2438  2456 W 3c.profiles: Current profile: -1
07-07 15:19:22.985  2438  2456 D 3c.profiles: tweaks needed: profile: null
07-07 15:19:22.985  2438  2471 D 3c.app.tb: Disabling backup accessibility service
07-07 15:19:22.985  2438  2471 D 3c.lib  : Installing ZIP file widgets.zip
07-07 15:19:22.985  2438  2471 D 3c.lib  : Installing ZIP file presets.zip
07-07 15:19:22.986  2438  2471 D 3c.lib  : Installing ZIP file debloat.zip
07-07 15:19:22.987  2438  2438 D 3c.ui   : addDrawer on ccc71.at.activities.easy_tabs.at_easy_tabs@633e82d / android.widget.LinearLayout{895a109 V.E...... ......I. 0,0-0,0 #7f0903e2 app:id/layoutMain}
07-07 15:19:22.989  2438  2438 D 3c.ui   : in content frame = android.widget.FrameLayout{8457e1a V.E...... ......I. 0,0-0,0 #7f09020d app:id/content_frame}
07-07 15:19:22.990  2438  2438 D 3c.ui   : new screenWidth = 1440
07-07 15:19:22.990  2438  2438 D 3c.ui   : result new screenWidth = 1152
07-07 15:19:22.991  2438  2472 W 3c.ui.utils: shortcut initialized  / 109 / Main screen
07-07 15:19:22.996  2438  2471 W 3c.files: Is external SD secure:false
07-07 15:19:22.997  2438  2471 W 3c.files: Is external SD secure:false
07-07 15:19:22.998  2438  2471 D 3c.files: Transforming SD device from /dev/block/by-name/data into /dev/block/sdb3
07-07 15:19:22.999  2438  2471 D 3c.control: Checking availability: /sys/devices/virtual/bdi/8:16/read_ahead_kb
07-07 15:19:23.001  2438  2471 W 3c.files: Is external SD secure:false
07-07 15:19:23.001  2438  2471 D 3c.control: Checking availability: /sys/block/sdb/queue/scheduler
07-07 15:19:23.001  2438  2471 D 3c.control: Checking availability: /sys/module/sync/parameters/fsync_enabled
07-07 15:19:23.001  2438  2471 D 3c.control: Checking availability: /sys/kernel/dyn_fsync/Dyn_fsync_active
07-07 15:19:23.001  2438  2471 D 3c.control: Checking availability: /sys/devices/virtual/misc/fsynccontrol/fsync_enabled
07-07 15:19:23.001  2438  2471 D 3c.control: Checking availability: /sys/class/misc/fsynccontrol/fsync_enabled
07-07 15:19:23.001  2438  2471 D 3c.control: Checking availability: /sys/android_touch/sweep2wake
07-07 15:19:23.001  2438  2471 D 3c.control: Checking availability: /sys/devices/virtual/misc/touchwake/enabled
07-07 15:19:23.002  2438  2471 D 3c.control: Checking availability: /sys/android_key/sweep2wake
07-07 15:19:23.002  2438  2471 D 3c.control: Checking availability: /sys/android_touch/sweep2sleep
07-07 15:19:23.002  2438  2471 D 3c.control: Checking availability: /sys/android_key/sweep2sleep
07-07 15:19:23.002  2438  2471 D 3c.control: Checking availability: /sys/android_touch/doubletap2wake
07-07 15:19:23.002  2438  2471 D 3c.control: Checking availability: /sys/android_key/doubletap2wake
07-07 15:19:23.002  2438  2471 D 3c.control: Checking availability: /sys/devices/platform/htc_battery/fast_charge
07-07 15:19:23.002  2438  2471 D 3c.control: Checking availability: /sys/kernel/fast_charge/force_fast_charge
07-07 15:19:23.003  2438  2471 I 3c.app.tb: Checking Xposed configuration
07-07 15:19:23.003   529   780 I ActivityManager: Start proc 2474:ccc71.at.free/u0a68 for service ccc71.at.free/lib3c.indicators.lib3c_indicators_service
07-07 15:19:23.003  2438  2456 D 3c.notifications: Got notifications packages: 
07-07 15:19:23.005  2438  2438 W ActionBarDrawerToggle: DrawerToggle may not show up because NavigationIcon is not visible. You may need to call actionbar.setDisplayHomeAsUpEnabled(true);
07-07 15:19:23.006  2438  2456 D 3c.notifications: Got notifications packages: 
07-07 15:19:23.007  2438  2438 W 3c.ui   : resume - call_onshow set to fragment xk1{d2d61e6} (d8857344-6e77-4bf5-9911-b50dce9e93b6)
07-07 15:19:23.007  2474  2474 W zygote  : Unexpected CPU variant for X86 using defaults: x86
07-07 15:19:23.009  2438  2456 E 3c.settings: Prefs prefskey.watch.id default -1
07-07 15:19:23.009  2438  2480 W 3c.ui.utils: shortcut initialized  / 109 / Main screen
07-07 15:19:23.010  2438  2456 E 3c.lib  : Received uncaught exception
07-07 15:19:23.010  2438  2456 E 3c.lib  : java.lang.NoClassDefFoundError: Failed resolution of: Llib3c/service/boot/lib3c_boot_service;
07-07 15:19:23.010  2438  2456 E 3c.lib  : 	at lib3c.service.tasker.lib3c_task_receiver.a(Unknown Source:156)
07-07 15:19:23.010  2438  2456 E 3c.lib  : 	at ccc71.at.at_application.a(Unknown Source:260)
07-07 15:19:23.010  2438  2456 E 3c.lib  : 	at lib3c.application.lib3c_application$a.runThread(Unknown Source:204)
07-07 15:19:23.010  2438  2456 E 3c.lib  : 	at c.gh2.run(Unknown Source:2)
07-07 15:19:23.010  2438  2456 E 3c.lib  : Caused by: java.lang.ClassNotFoundException: Didn't find class "lib3c.service.boot.lib3c_boot_service" on path: DexPathList[[zip file "/data/app/ccc71.at.free-T69qXGMfeYinLahOZFBQLg==/base.apk"],nativeLibraryDirectories=[/data/app/ccc71.at.free-T69qXGMfeYinLahOZFBQLg==/lib/x86, /data/app/ccc71.at.free-T69qXGMfeYinLahOZFBQLg==/base.apk!/lib/x86, /system/lib, /system/vendor/lib]]
07-07 15:19:23.010  2438  2456 E 3c.lib  : 	at dalvik.system.BaseDexClassLoader.findClass(BaseDexClassLoader.java:125)
07-07 15:19:23.010  2438  2456 E 3c.lib  : 	at java.lang.ClassLoader.loadClass(ClassLoader.java:379)
07-07 15:19:23.010  2438  2456 E 3c.lib  : 	at java.lang.ClassLoader.loadClass(ClassLoader.java:312)
07-07 15:19:23.010  2438  2456 E 3c.lib  : 	... 4 more
07-07 15:19:23.011  2438  2456 I 3c.lib  : Finished logging uncaught exception
07-07 15:19:23.024  2438  2468 E eglCodecCommon: glUtilsParamSize: unknow param 0x00008f38
07-07 15:19:23.024  2438  2468 E eglCodecCommon: glUtilsParamSize: unknow param 0x00008f38
07-07 15:19:23.025  2438  2468 E eglCodecCommon: glUtilsParamSize: unknow param 0x000090ca
07-07 15:19:23.025  2438  2468 E eglCodecCommon: glUtilsParamSize: unknow param 0x000090ca
07-07 15:19:23.025  2438  2468 E eglCodecCommon: glUtilsParamSize: unknow param 0x000090ce
07-07 15:19:23.025  2438  2468 E eglCodecCommon: glUtilsParamSize: unknow param 0x000090ce
07-07 15:19:23.026  2438  2468 E eglCodecCommon: glUtilsParamSize: unknow param 0x000090cf
07-07 15:19:23.026  2438  2468 E eglCodecCommon: glUtilsParamSize: unknow param 0x000090cf
07-07 15:19:23.028  2438  2468 D vndksupport: Loading /vendor/lib/hw/android.hardware.graphics.mapper@2.0-impl.so from current namespace instead of sphal namespace.
07-07 15:19:23.029  2438  2468 D vndksupport: Loading /vendor/lib/hw/gralloc.vbox86.so from current namespace instead of sphal namespace.
07-07 15:19:23.029  2438  2468 D         : createUnique: call
07-07 15:19:23.029  2438  2468 D         : HostConnection::get() New Host Connection established 0xe44a4410, pid 2438, tid 2468
07-07 15:19:23.030   461  2494 D local_opengl: Sending id 28 to host
07-07 15:19:23.031  2438  2468 D         : HostComposition ext ANDROID_EMU_host_composition_v1 ANDROID_EMU_host_composition_v2 ANDROID_EMU_async_unmap_buffer ANDROID_EMU_sync_buffer_data GL_OES_EGL_image_external_essl3 GL_OES_vertex_array_object GL_KHR_texture_compression_astc_ldr ANDROID_EMU_host_side_tracing ANDROID_EMU_async_frame_commands ANDROID_EMU_gles_max_version_3_1 
07-07 15:19:23.031  2438  2468 E eglCodecCommon: goldfish_dma_create_region: could not obtain fd to device! fd -1 errno=2
07-07 15:19:23.035  2474  2474 I MultiDex: VM with version 2.1.0 has multidex support
07-07 15:19:23.035  2474  2474 I MultiDex: Installing application
07-07 15:19:23.035  2474  2474 I MultiDex: VM has multidex support, MultiDex support library is disabled.
07-07 15:19:23.045  2474  2474 D WM-WrkMgrInitializer: Initializing WorkManager with default configuration.
07-07 15:19:23.059  2474  2474 D 3c.explorer: provider.onCreate
07-07 15:19:23.076  2474  2499 W 3c.settings: Loaded 10 shared preference settings
07-07 15:19:23.076  2474  2474 W 3c.settings: Loaded 10 shared preference settings
07-07 15:19:23.076  2474  2474 W 3c.settings: Reloading shared preferences
07-07 15:19:23.076  2474  2474 W 3c.settings: Loaded 10 shared preference settings
07-07 15:19:23.076  2474  2499 W 3c.lib  : Loading exception handler onto file /storage/emulated/0/Android/data/ccc71.at.free/support/crash_reports.txt
07-07 15:19:23.077  2474  2499 E 3c.lib  : Checking isUI thread
07-07 15:19:23.077  2474  2499 I 3c.lib  : Checking isUI (from AM):false - ccc71.at.free
07-07 15:19:23.077  2474  2499 W 3c.ui.utils: shortcut initialized  / 0 / empty
07-07 15:19:23.077  2474  2499 W 3c.ui.utils: Loading language into shortcuts initializer
07-07 15:19:23.077  2474  2499 W 3c.ui.utils: Loaded language into shortcuts initializer: en_US
07-07 15:19:23.087  2464  2464 D AndroidRuntime: >>>>>> START com.android.internal.os.RuntimeInit uid 0 <<<<<<
07-07 15:19:23.090  2464  2464 W /system/bin/app_process: Could not reserve sentinel fault page
07-07 15:19:23.093  2474  2474 W 3c.settings: Reloading shared preferences
07-07 15:19:23.093  2474  2474 W 3c.settings: Loaded 10 shared preference settings
07-07 15:19:23.093  2474  2474 W 3c.notifications: Registering lib3c_notification_timer
07-07 15:19:23.095  2474  2499 W 3c.lib  : Trying to gain root access, remaining attempts: 1
07-07 15:19:23.095  2474  2499 W 3c.lib  : Running lib as root: /data/app/ccc71.at.free-T69qXGMfeYinLahOZFBQLg==/lib/x86/liblib3c.so
07-07 15:19:23.099  2474  2474 W 3c.screen: Registered lib3c_screen_receiver (screen true)
07-07 15:19:23.099  2474  2474 D 3c.notifications: Got notifications packages: 
07-07 15:19:23.100  2474  2474 W 3c.screen: UNregistered lib3c_screen_receiver
07-07 15:19:23.100  2474  2474 W 3c.notifications: Unregistering lib3c_notification_timer - not needed
07-07 15:19:23.100  2474  2474 D 3c.notifications: Got notifications packages: 
07-07 15:19:23.103  2474  2474 D 3c.notifications: Got notifications packages: 
07-07 15:19:23.140  2438  2443 I zygote  : Do partial code cache collection, code=14KB, data=26KB
07-07 15:19:23.140  2438  2443 I zygote  : After code cache collection, code=14KB, data=26KB
07-07 15:19:23.140  2438  2443 I zygote  : Increasing code cache capacity to 128KB
07-07 15:19:23.156  2464  2464 W /system/bin/app_process: Unexpected CPU variant for X86 using defaults: x86
07-07 15:19:23.160  2474  2499 W 3c.lib  : Got root access, resetting attempts
07-07 15:19:23.160  2464  2464 I /system/bin/app_process: The ClassLoaderContext is a special shared library.
07-07 15:19:23.167  2474  2499 W 3c.app.tb: Removing shortcut Usage: API != 22
07-07 15:19:23.167  2474  2499 W 3c.app.tb: Removing shortcut Optimization: API != 23
07-07 15:19:23.176  2474  2499 W 3c.app.tb: Removing shortcut Graphics: API != 23
07-07 15:19:23.176  2474  2499 W 3c.app.tb: Removing shortcut Wi-Fi AP: API < 23
07-07 15:19:23.185  2474  2485 W 3c.db   : c.of2.close() was never called to clean-up resources
07-07 15:19:23.185  2474  2485 W 3c.db   : java.lang.Exception: Process has leaked c.of2
07-07 15:19:23.185  2474  2485 W 3c.db   : 	at c.e82.<init>(Unknown Source:32)
07-07 15:19:23.185  2474  2485 W 3c.db   : 	at c.of2.<init>(Unknown Source:7)
07-07 15:19:23.185  2474  2485 W 3c.db   : 	at c.nf2.u(Unknown Source:17)
07-07 15:19:23.185  2474  2485 W 3c.db   : 	at c.nf2.H(Unknown Source:0)
07-07 15:19:23.185  2474  2485 W 3c.db   : 	at lib3c.application.lib3c_application$a.runThread(Unknown Source:17)
07-07 15:19:23.185  2474  2485 W 3c.db   : 	at c.gh2.run(Unknown Source:2)
07-07 15:19:23.186  2464  2464 D AndroidRuntime: Calling main entry com.android.commands.am.Am
07-07 15:19:23.200  2474  2499 W 3c.app.tb: Removing shortcut GPU: no GPU
07-07 15:19:23.201  2474  2499 W 3c.app.tb: Removing shortcut Times: no TIMES
07-07 15:19:23.202  2474  2499 D 3c.control: max_cpu Read valid core for max cpu
07-07 15:19:23.202  2474  2499 D 3c.control: max_cpu Read valid core: 0-3
07-07 15:19:23.202  2474  2499 D 3c.control: max_cpu Read single core: 0 from 0
07-07 15:19:23.202  2474  2499 D 3c.control: max_cpu Read single core: 3 from 3
07-07 15:19:23.202  2474  2499 W 3c.app.tb: Removing shortcut Voltage: no VOLTAGE
07-07 15:19:23.204  2474  2499 W 3c.app.tb: Removing shortcut Thermal: no THERMAL
07-07 15:19:23.205  2474  2499 W 3c.app.tb: Removing shortcut MPDecision: no MP
07-07 15:19:23.207  2474  2499 D 3c.control: Checking availability: /sys/devices/platform/mipi_lgit.1537/kgamma_r
07-07 15:19:23.207  2474  2499 D 3c.control: Checking availability: /sys/devices/platform/mipi_lgit.1537/kgamma_g
07-07 15:19:23.207  2474  2499 D 3c.control: Checking availability: /sys/devices/platform/mipi_lgit.1537/kgamma_b
07-07 15:19:23.207  2474  2499 D 3c.control: Checking availability: /sys/devices/platform/mipi_lgit.1537/kgamma_ctrl
07-07 15:19:23.207  2474  2499 D 3c.control: Checking availability: /sys/devices/platform/kcal_ctrl.0/kcal
07-07 15:19:23.207  2474  2499 D 3c.control: Checking availability: /sys/devices/platform/kcal_ctrl.0/kcal_ctrl
07-07 15:19:23.207  2474  2499 D 3c.control: Checking availability: /sys/devices/platform/mipi_lgit.1537/refresh_screen
07-07 15:19:23.207  2474  2499 D 3c.control: Checking availability: /sys/class/misc/colorcontrol/multiplier_disabled
07-07 15:19:23.207  2474  2499 W 3c.app.tb: Removing shortcut Gamma: no GAMMA
07-07 15:19:23.207  2474  2499 D 3c.control: Checking availability: /sys/kernel/sound_control/cam_mic_gain
07-07 15:19:23.207  2474  2499 D 3c.control: Checking availability: /sys/kernel/sound_control/headphone_gain
07-07 15:19:23.207  2474  2499 D 3c.control: Checking availability: /sys/kernel/sound_control/mic_gain
07-07 15:19:23.207  2474  2499 D 3c.control: Checking availability: /sys/kernel/sound_control/speaker_gain
07-07 15:19:23.207  2474  2499 D 3c.control: Checking availability: /sys/kernel/sound_control/gpl_sound_control_locked
07-07 15:19:23.207  2474  2499 W 3c.app.tb: Removing shortcut Sound: no SOUND
07-07 15:19:23.213  2474  2499 W 3c.ui.utils: Done initializing shortcuts
07-07 15:19:23.215  2474  2499 D 3c.processes: Loaded known list: 1
07-07 15:19:23.216  2474  2499 D 3c.processes: Got 1 excluded processes
07-07 15:19:23.216  2474  2499 D 3c.processes: Loaded excluded list: 1
07-07 15:19:23.216  2474  2499 D 3c.widgets: Enumerating existing widgets...
07-07 15:19:23.219  2474  2499 D 3c.widgets: Recovered 0 widget(s)
07-07 15:19:23.219  2474  2499 W 3c.widgets: has refreshable widgets: false
07-07 15:19:23.221  2474  2474 W 3c.widgets: has refreshable widgets: false
07-07 15:19:23.221  2474  2474 I 3c.widgets: Widgets service started but not needed!
07-07 15:19:23.221  2474  2474 W 3c.widgets: has refreshable widgets: false
07-07 15:19:23.222  2464  2464 D AndroidRuntime: Shutting down VM
07-07 15:19:23.235  2438  2438 W 3c.ui.utils: Finishing init...
07-07 15:19:23.235  2438  2438 D 3c.ui.utils: lib3c_ui_utils.initInApps
07-07 15:19:23.237  2438  2438 D 3c.ui.utils: at_activity.initInAppPurchase(false);
07-07 15:19:23.239  2438  2438 I zygote  : Deoptimizing boolean androidx.appcompat.widget.TintContextWrapper.shouldWrap(android.content.Context) due to JIT inline cache
07-07 15:19:23.240  2438  2438 D 3c.ui   : Trying to set icons visible in menu
07-07 15:19:23.242  2438  2438 D 3c.ui   : Trying to set icons visible in menu
07-07 15:19:23.251  2438  2443 I zygote  : Do partial code cache collection, code=59KB, data=54KB
07-07 15:19:23.252  2438  2443 I zygote  : After code cache collection, code=58KB, data=54KB
07-07 15:19:23.252  2438  2443 I zygote  : Increasing code cache capacity to 256KB
07-07 15:19:23.254  2508  2508 D AndroidRuntime: >>>>>> START com.android.internal.os.RuntimeInit uid 0 <<<<<<
07-07 15:19:23.306  2508  2508 W /system/bin/app_process: Unexpected CPU variant for X86 using defaults: x86
07-07 15:19:23.307  2508  2508 I /system/bin/app_process: The ClassLoaderContext is a special shared library.
07-07 15:19:23.324   529   553 I ActivityManager: Displayed ccc71.at.free/ccc71.at.activities.easy_tabs.at_easy_tabs: +368ms (total +479ms)
07-07 15:19:23.331  2508  2508 D AndroidRuntime: Calling main entry com.android.commands.am.Am
07-07 15:19:23.337  1206  1295 E eglCodecCommon: goldfish_dma_create_region: could not obtain fd to device! fd -1 errno=2
07-07 15:19:23.356  2508  2508 D AndroidRuntime: Shutting down VM
07-07 15:19:23.359   529   537 E eglCodecCommon: goldfish_dma_create_region: could not obtain fd to device! fd -1 errno=2
07-07 15:19:23.511  2438  2438 D 3c.ui   : Trying to set icons visible in menu
07-07 15:19:24.344   476   476 I batteryd: type=1400 audit(0.0:1445): avc: denied { read } for name="capacity" dev="sysfs" ino=3641 scontext=u:r:batteryd:s0 tcontext=u:object_r:sysfs:s0 tclass=file permissive=1
07-07 15:19:24.344   476   476 I batteryd: type=1400 audit(0.0:1446): avc: denied { open } for path="/sys/devices/LNXSYSTM:00/LNXSYBUS:00/PNP0A03:00/PNP0C0A:00/power_supply/BAT0/capacity" dev="sysfs" ino=3641 scontext=u:r:batteryd:s0 tcontext=u:object_r:sysfs:s0 tclass=file permissive=1
07-07 15:19:24.344   510   510 I healthd : type=1400 audit(0.0:1447): avc: denied { read } for name="capacity" dev="fuse" ino=8 scontext=u:r:healthd:s0 tcontext=u:object_r:fuse:s0 tclass=file permissive=1
07-07 15:19:24.344   510   510 I healthd : type=1400 audit(0.0:1448): avc: denied { open } for path="/dev/pipe/battery/BAT0/capacity" dev="fuse" ino=8 scontext=u:r:healthd:s0 tcontext=u:object_r:fuse:s0 tclass=file permissive=1
07-07 15:19:24.344   510   510 I healthd : type=1400 audit(0.0:1449): avc: denied { getattr } for path="/dev/pipe/battery/BAT0/capacity" dev="fuse" ino=8 scontext=u:r:healthd:s0 tcontext=u:object_r:fuse:s0 tclass=file permissive=1
07-07 15:19:25.712   475   475 I android.hardwar: type=1400 audit(0.0:1450): avc: denied { write } for scontext=u:r:hal_wifi_default:s0 tcontext=u:r:hal_wifi_default:s0 tclass=netlink_route_socket permissive=1
07-07 15:19:25.712   475   475 I android.hardwar: type=1400 audit(0.0:1451): avc: denied { nlmsg_read } for scontext=u:r:hal_wifi_default:s0 tcontext=u:r:hal_wifi_default:s0 tclass=netlink_route_socket permissive=1
07-07 15:19:25.712   475   475 I android.hardwar: type=1400 audit(0.0:1452): avc: denied { read } for scontext=u:r:hal_wifi_default:s0 tcontext=u:r:hal_wifi_default:s0 tclass=netlink_route_socket permissive=1
07-07 15:19:26.407   529   529 W WindowManager: removeWindowToken: Attempted to remove non-existing token: android.os.Binder@f882550
07-07 15:19:26.418   482   482 D SurfaceFlinger: duplicate layer name: changing Toast to Toast#1
07-07 15:19:26.468   529   650 E TaskPersister: File error accessing recents directory (directory doesn't exist?).
07-07 15:19:26.920   378   378 I hostapd : type=1400 audit(0.0:1453): avc: denied { read } for scontext=u:r:execns:s0 tcontext=u:r:execns:s0 tclass=netlink_generic_socket permissive=1
07-07 15:19:26.920   378   378 I hostapd : type=1400 audit(0.0:1454): avc: denied { write } for scontext=u:r:execns:s0 tcontext=u:r:execns:s0 tclass=netlink_generic_socket permissive=1
07-07 15:19:26.920   378   378 I hostapd : type=1400 audit(0.0:1455): avc: denied { net_admin } for capability=12 scontext=u:r:execns:s0 tcontext=u:r:execns:s0 tclass=capability permissive=1
07-07 15:19:28.412   529   529 W WindowManager: removeWindowToken: Attempted to remove non-existing token: android.os.Binder@8f1cdf1
07-07 15:19:28.415  1656  2210 E eglCodecCommon: goldfish_dma_create_region: could not obtain fd to device! fd -1 errno=2
07-07 15:19:28.708  1417  1876 I Dialer  : OmtpVvmCarrierCfgHlpr - OmtpEvent:CONFIG_STATUS_SMS_TIME_OUT
07-07 15:19:28.708  1417  1417 I Dialer  : RetryPolicy - discarding deferred status: configuration_state=4
07-07 15:19:28.709  1417  1417 I Dialer  : VvmTaskExecutor - no more tasks, stopping service if no task are added in 5000 millis
07-07 15:19:28.709  1417  1417 I Dialer  : VvmTaskReceiver - task received
07-07 15:19:28.709  1417  1417 I Dialer  : VvmTaskReceiver - TaskExecutor already running
07-07 15:19:28.709  1417  1417 I Dialer  : Task.createTask - create task:com.android.voicemail.impl.ActivationTask
07-07 15:19:28.710  1417  1417 I Dialer  : RetryPolicy - retry #3 for com.android.voicemail.impl.ActivationTask@71a9854 queued, executing in 5000
07-07 15:19:28.710  1417  1417 I Dialer  : VvmTaskExecutor - com.android.voicemail.impl.ActivationTask@71a9854 added
07-07 15:19:28.710  1417  1417 I Dialer  : VvmTaskExecutor - minimal wait time:5000
07-07 15:19:28.710  1417  1417 I Dialer  : VvmTaskExecutor - sleep for 5000 millis
07-07 15:19:29.009  2474  2530 D ProfileInstaller: Skipping profile installation for ccc71.at.free
07-07 15:19:30.418  1656  2210 E eglCodecCommon: goldfish_dma_create_region: could not obtain fd to device! fd -1 errno=2
07-07 15:19:30.420   529   529 W WindowManager: removeWindowToken: Attempted to remove non-existing token: android.os.Binder@5955fe5
07-07 15:19:33.729  1417  1876 I Dialer  : VvmTaskExecutor - executing task com.android.voicemail.impl.ActivationTask@71a9854
07-07 15:19:33.729  1417  1876 I Dialer  : PreOMigrationHandler - ComponentInfo{com.android.phone/com.android.services.telephony.TelephonyConnectionService}, [5fef04621e9a9b41849c3df35e75799299008300], UserHandle{0} already migrated
07-07 15:19:33.741   529   545 E memtrack: Couldn't load memtrack module
07-07 15:19:33.741   529   545 W android.os.Debug: failed to get memory consumption info: -1
07-07 15:19:33.752  1417  1876 I Dialer  : VvmActivationTask - VVM content provider configured - vvm_type_cvvm
07-07 15:19:33.752  1417  1876 I Dialer  : OmtpVvmCarrierCfgHlpr - OmtpEvent:CONFIG_ACTIVATING
07-07 15:19:33.756  1417  1876 I Dialer  : TelephonyMangerCompat.setVisualVoicemailSmsFilterSettings - using TelephonyManager
07-07 15:19:33.758  1417  1876 I Dialer  : TelephonyMangerCompat.sendVisualVoicemailSms - using TelephonyManager
07-07 15:19:33.762   499  1710 D baseband-sms: newsms
07-07 15:19:33.762   499  1710 D baseband-sms: sender:(N/A)
07-07 15:19:33.762   499  1710 D baseband-sms: receiver:122
07-07 15:19:33.762   499  1710 D baseband-sms: index:1/1
07-07 15:19:33.762   499  1710 D baseband-sms: txt:'FQKf.:et#W'
07-07 15:19:33.756   499   499 I genybaseband: type=1400 audit(0.0:1456): avc: denied { write } for path="socket:[15520]" dev="sockfs" ino=15520 scontext=u:r:genybaseband:s0 tcontext=u:r:genybaseband:s0 tclass=tcp_socket permissive=1
07-07 15:19:33.756   499   499 I genybaseband: type=1400 audit(0.0:1457): avc: denied { read } for path="socket:[15520]" dev="sockfs" ino=15520 scontext=u:r:genybaseband:s0 tcontext=u:r:genybaseband:s0 tclass=tcp_socket permissive=1
07-07 15:19:33.756   217   217 I redis   : type=1400 audit(0.0:1458): avc: denied { read } for path="socket:[15523]" dev="sockfs" ino=15523 scontext=u:r:redis:s0 tcontext=u:r:redis:s0 tclass=tcp_socket permissive=1
07-07 15:19:33.756   217   217 I redis   : type=1400 audit(0.0:1459): avc: denied { write } for path="socket:[15523]" dev="sockfs" ino=15523 scontext=u:r:redis:s0 tcontext=u:r:redis:s0 tclass=tcp_socket permissive=1
07-07 15:19:48.134   529  2423 I ActivityManager: Force stopping ccc71.at.free appid=10068 user=0: from pid 2536
07-07 15:19:48.134   529  2423 I ActivityManager: Killing 2438:ccc71.at.free:ui/u0a68 (adj 0): stop ccc71.at.free
07-07 15:19:48.134   529   548 W system_server: kill(-2438, 9) failed: No such process
07-07 15:19:48.136   529  2423 W ActivityManager: Force removing ActivityRecord{4367349 u0 ccc71.at.free/ccc71.at.activities.easy_tabs.at_easy_tabs t10}: app died, no saved state
07-07 15:19:48.136   529  2423 I WindowManager: Failed to capture screenshot of Token{5c5844e ActivityRecord{4367349 u0 ccc71.at.free/ccc71.at.activities.easy_tabs.at_easy_tabs t10 f}} appWin=Window{d4185bd u0 ccc71.at.free/ccc71.at.activities.easy_tabs.at_easy_tabs} drawState=4
07-07 15:19:48.139   529  2423 I ActivityManager: Killing 2474:ccc71.at.free/u0a68 (adj 900): stop ccc71.at.free
07-07 15:19:48.141   868   868 D CarrierSvcBindHelper: No carrier app for: 0
07-07 15:19:48.144   461   461 I local_opengl: type=1400 audit(0.0:1460): avc: denied { write } for laddr=192.168.56.102 lport=22468 faddr=192.168.56.1 fport=45408 scontext=u:r:local_opengl:s0 tcontext=u:r:local_opengl:s0 tclass=tcp_socket permissive=1
07-07 15:19:48.144   461   461 I local_opengl: type=1400 audit(0.0:1461): avc: denied { read } for laddr=192.168.56.102 lport=22468 faddr=192.168.56.1 fport=45402 scontext=u:r:local_opengl:s0 tcontext=u:r:local_opengl:s0 tclass=tcp_socket permissive=1
07-07 15:19:48.163   529   553 W ActivityManager: setHasOverlayUi called on unknown pid: 2438
07-07 15:19:48.179   529   548 W system_server: kill(-2438, 9) failed: No such process
07-07 15:19:48.180   529   548 I system_server: Successfully killed process cgroup uid 10068 pid 2438 in 45ms
07-07 15:19:48.180   529   548 W system_server: kill(-2474, 9) failed: No such process
07-07 15:19:48.180   529   548 I system_server: Successfully killed process cgroup uid 10068 pid 2474 in 0ms
07-07 15:19:48.325  2542  2542 D AndroidRuntime: >>>>>> START com.android.internal.os.RuntimeInit uid 0 <<<<<<
07-07 15:19:48.382  2542  2542 W app_process: Unexpected CPU variant for X86 using defaults: x86
07-07 15:19:48.384  2542  2542 I app_process: The ClassLoaderContext is a special shared library.
07-07 15:19:48.397  2542  2542 D AndroidRuntime: Calling main entry com.android.commands.monkey.Monkey
07-07 15:19:48.402  2542  2542 W Monkey  : args: [-p, ccc71.at.free, -c, android.intent.category.LAUNCHER, 1]
07-07 15:19:48.402  2542  2542 W Monkey  :  arg: "-p"
07-07 15:19:48.402  2542  2542 W Monkey  :  arg: "ccc71.at.free"
07-07 15:19:48.402  2542  2542 W Monkey  :  arg: "-c"
07-07 15:19:48.402  2542  2542 W Monkey  :  arg: "android.intent.category.LAUNCHER"
07-07 15:19:48.402  2542  2542 W Monkey  :  arg: "1"
07-07 15:19:48.402  2542  2542 W Monkey  : data="ccc71.at.free"
07-07 15:19:48.402  2542  2542 W Monkey  : data="android.intent.category.LAUNCHER"
07-07 15:19:48.413   529   546 W BroadcastQueue: Skipping deliver [background] BroadcastRecord{995710d u-1 android.net.conn.CONNECTIVITY_CHANGE} to ReceiverList{a2148c2 2542 (unknown name)/0/u-1 remote:426fe37}: process gone or crashing
07-07 15:19:48.417   529  2539 I ActivityManager: START u0 {act=android.intent.action.MAIN cat=[android.intent.category.LAUNCHER] flg=0x10200000 cmp=ccc71.at.free/ccc71.at.at_main_popup} from uid 0
07-07 15:19:48.417   529  2539 W Binder  : Outgoing transactions from this process must be FLAG_ONEWAY
07-07 15:19:48.417   529  2539 W Binder  : java.lang.Throwable
07-07 15:19:48.417   529  2539 W Binder  : 	at android.os.BinderProxy.transact(Binder.java:752)
07-07 15:19:48.417   529  2539 W Binder  : 	at android.app.IActivityController$Stub$Proxy.activityStarting(IActivityController.java:172)
07-07 15:19:48.417   529  2539 W Binder  : 	at com.android.server.am.ActivityStarter.startActivity(ActivityStarter.java:449)
07-07 15:19:48.417   529  2539 W Binder  : 	at com.android.server.am.ActivityStarter.startActivityLocked(ActivityStarter.java:278)
07-07 15:19:48.417   529  2539 W Binder  : 	at com.android.server.am.ActivityStarter.startActivityMayWait(ActivityStarter.java:817)
07-07 15:19:48.417   529  2539 W Binder  : 	at com.android.server.am.ActivityManagerService.startActivityAsUser(ActivityManagerService.java:4590)
07-07 15:19:48.417   529  2539 W Binder  : 	at com.android.server.am.ActivityManagerService.startActivity(ActivityManagerService.java:4577)
07-07 15:19:48.417   529  2539 W Binder  : 	at android.app.IActivityManager$Stub.onTransact(IActivityManager.java:121)
07-07 15:19:48.417   529  2539 W Binder  : 	at com.android.server.am.ActivityManagerService.onTransact(ActivityManagerService.java:2977)
07-07 15:19:48.417   529  2539 W Binder  : 	at android.os.Binder.execTransact(Binder.java:697)
07-07 15:19:48.421  2542  2542 I Monkey  : Events injected: 1
07-07 15:19:48.428  2552  2552 W zygote  : Unexpected CPU variant for X86 using defaults: x86
07-07 15:19:48.432   529   541 I ActivityManager: Start proc 2552:ccc71.at.free:ui/u0a68 for activity ccc71.at.free/ccc71.at.at_main_popup
07-07 15:19:48.435  2542  2542 I Monkey  : ## Network stats: elapsed time=7ms (0ms mobile, 0ms wifi, 7ms not connected)
07-07 15:19:48.436   529   529 I Binder:529_10: type=1400 audit(0.0:1462): avc: denied { write } for name="timerslack_ns" dev="proc" ino=19496 scontext=u:r:system_server:s0 tcontext=u:r:priv_app:s0:c512,c768 tclass=file permissive=1
07-07 15:19:48.443  2542  2542 I com.android.commands.monkey: System.exit called, status: 0
07-07 15:19:48.443  2542  2542 I AndroidRuntime: VM exiting with result code 0.
07-07 15:19:48.461  2552  2552 I MultiDex: VM with version 2.1.0 has multidex support
07-07 15:19:48.461  2552  2552 I MultiDex: Installing application
07-07 15:19:48.461  2552  2552 I MultiDex: VM has multidex support, MultiDex support library is disabled.
07-07 15:19:48.480  2552  2570 W 3c.settings: Loaded 10 shared preference settings
07-07 15:19:48.480  2552  2571 D libEGL  : Emulator has host GPU support, qemu.gles is set to 1.
07-07 15:19:48.476  2552  2552 I ccc71.at.free:ui: type=1400 audit(0.0:1463): avc: denied { connectto } for comm=45474C20496E6974 path="/dev/socket/property_service" scontext=u:r:untrusted_app:s0:c512,c768 tcontext=u:r:init:s0 tclass=unix_stream_socket permissive=1
07-07 15:19:48.481  2552  2570 W 3c.lib  : Loading exception handler onto file /storage/emulated/0/Android/data/ccc71.at.free/support/crash_reports.txt
07-07 15:19:48.481  2552  2571 D vndksupport: Loading /vendor/lib/egl/libGLES_emulation.so from current namespace instead of sphal namespace.
07-07 15:19:48.481  2552  2570 E 3c.lib  : Checking isUI thread
07-07 15:19:48.482  2552  2570 I 3c.lib  : Checking isUI (from AM):true - ccc71.at.free:ui
07-07 15:19:48.482  2552  2570 W 3c.ui.utils: shortcut initialized  / 0 / empty
07-07 15:19:48.482  2552  2570 W 3c.ui.utils: Loading language into shortcuts initializer
07-07 15:19:48.482  2552  2570 W 3c.ui.utils: Loaded language into shortcuts initializer: en_US
07-07 15:19:48.485  2552  2571 E libEGL  : load_driver(/vendor/lib/egl/libGLES_emulation.so): dlopen failed: library "/vendor/lib/egl/libGLES_emulation.so" not found
07-07 15:19:48.485  2552  2571 D vndksupport: Loading /vendor/lib/egl/libEGL_emulation.so from current namespace instead of sphal namespace.
07-07 15:19:48.489  2552  2552 I 3c.ui.utils: Preparing conf with language: en - US = en_US
07-07 15:19:48.490  2552  2552 I 3c.ui.utils: Creating conf with language: US / en
07-07 15:19:48.491  2552  2571 D libEGL  : loaded /vendor/lib/egl/libEGL_emulation.so
07-07 15:19:48.491  2552  2552 D AppCompatDelegate: Checking for metadata for AppLocalesMetadataHolderService : Service not found
07-07 15:19:48.491  2552  2571 D vndksupport: Loading /vendor/lib/egl/libGLESv1_CM_emulation.so from current namespace instead of sphal namespace.
07-07 15:19:48.496  2552  2571 D libEGL  : loaded /vendor/lib/egl/libGLESv1_CM_emulation.so
07-07 15:19:48.500  2552  2552 D 3c.lib  : No extras in intent Intent { act=android.intent.action.MAIN cat=[android.intent.category.LAUNCHER] flg=0x10200000 cmp=ccc71.at.free/ccc71.at.at_main_popup }
07-07 15:19:48.502   529   541 I ActivityManager: START u0 {flg=0x34000000 cmp=ccc71.at.free/ccc71.at.activities.easy_tabs.at_easy_tabs (has extras)} from uid 10068
07-07 15:19:48.503  2552  2570 W 3c.lib  : Trying to gain root access, remaining attempts: 1
07-07 15:19:48.503  2552  2570 W 3c.lib  : Running lib as root: /data/app/ccc71.at.free-T69qXGMfeYinLahOZFBQLg==/lib/x86/liblib3c.so
07-07 15:19:48.510  2552  2571 D vndksupport: Loading /vendor/lib/egl/libGLESv2_emulation.so from current namespace instead of sphal namespace.
07-07 15:19:48.504  2573  2573 I su      : type=1400 audit(0.0:1464): avc: denied { connectto } for path="/dev/com.genymotion.superuser.daemon/server" scontext=u:r:untrusted_app:s0:c512,c768 tcontext=u:r:su_daemon:s0 tclass=unix_stream_socket permissive=1
07-07 15:19:48.508  2575  2575 I su      : type=1400 audit(0.0:1465): avc: denied { read } for scontext=u:r:su_daemon:s0 tcontext=u:r:untrusted_app:s0:c512,c768 tclass=file permissive=1
07-07 15:19:48.508  2575  2575 I su      : type=1400 audit(0.0:1466): avc: denied { search } for name="2573" dev="proc" ino=36013 scontext=u:r:su_daemon:s0 tcontext=u:r:untrusted_app:s0:c512,c768 tclass=dir permissive=1
07-07 15:19:48.508  2575  2575 I su      : type=1400 audit(0.0:1467): avc: denied { read } for name="exe" dev="proc" ino=35516 scontext=u:r:su_daemon:s0 tcontext=u:r:untrusted_app:s0:c512,c768 tclass=lnk_file permissive=1
07-07 15:19:48.508  2575  2575 I su      : type=1400 audit(0.0:1468): avc: denied { read } for path="pipe:[34528]" dev="pipefs" ino=34528 scontext=u:r:su_daemon:s0 tcontext=u:r:untrusted_app:s0:c512,c768 tclass=fifo_file permissive=1
07-07 15:19:48.508  2575  2575 I su      : type=1400 audit(0.0:1469): avc: denied { write } for path="pipe:[34529]" dev="pipefs" ino=34529 scontext=u:r:su_daemon:s0 tcontext=u:r:untrusted_app:s0:c512,c768 tclass=fifo_file permissive=1
07-07 15:19:48.508  2577  2577 I su      : type=1400 audit(0.0:1470): avc: denied { open } for path="/proc/2552/cmdline" dev="proc" ino=35500 scontext=u:r:su_daemon:s0 tcontext=u:r:untrusted_app:s0:c512,c768 tclass=file permissive=1
