07-07 15:18:22.361  2111  2143 D 3c.control: Checking availability: /sys/android_key/sweep2wake
07-07 15:18:22.362  2111  2143 D 3c.control: Checking availability: /sys/android_touch/sweep2sleep
07-07 15:18:22.362  2111  2143 D 3c.control: Checking availability: /sys/android_key/sweep2sleep
07-07 15:18:22.362   529   799 D PackageManager: Ephemeral installer not found with new action; try old one
07-07 15:18:22.363   529   799 D PackageManager: Clear ephemeral installer activity
07-07 15:18:22.363  2111  2128 D 3c.notifications: Got notifications packages: 
07-07 15:18:22.363   529   799 D PackageManager: Ephemeral installer not found with new action; try old one
07-07 15:18:22.363   529   799 D PackageManager: Clear ephemeral installer activity
07-07 15:18:22.364  2111  2143 D 3c.control: Checking availability: /sys/android_touch/doubletap2wake
07-07 15:18:22.364  2111  2143 D 3c.control: Checking availability: /sys/android_key/doubletap2wake
07-07 15:18:22.364  2111  2128 D 3c.notifications: Got notifications packages: 
07-07 15:18:22.365  2111  2128 E 3c.settings: Prefs prefskey.watch.id default -1
07-07 15:18:22.365   529   799 D PackageManager: Ephemeral installer not found with new action; try old one
07-07 15:18:22.365  2111  2143 D 3c.control: Checking availability: /sys/devices/platform/htc_battery/fast_charge
07-07 15:18:22.365   529   799 D PackageManager: Clear ephemeral installer activity
07-07 15:18:22.370  2111  2143 D 3c.control: Checking availability: /sys/kernel/fast_charge/force_fast_charge
07-07 15:18:22.370  2111  2143 I 3c.app.tb: Checking Xposed configuration
07-07 15:18:22.371  2237  2237 D WM-WrkMgrInitializer: Initializing WorkManager with default configuration.
07-07 15:18:22.373   529   799 D PackageManager: Ephemeral installer not found with new action; try old one
07-07 15:18:22.373   529   799 D PackageManager: Clear ephemeral installer activity
07-07 15:18:22.378  2237  2237 D 3c.explorer: provider.onCreate
07-07 15:18:22.385  2237  2237 I 3c.xposed: LogcatService: Starting logcat service (lib3c.controls.xposed.lib3c_logcat_service@c6dcebf)
07-07 15:18:22.393  2111  2111 W 3c.ui.utils: Finishing init...
07-07 15:18:22.393  2237  2258 W 3c.settings: Loaded 7 shared preference settings
07-07 15:18:22.393  2237  2258 W 3c.lib  : Loading exception handler onto file /storage/emulated/0/Android/data/ccc71.at.free/support/crash_reports.txt
07-07 15:18:22.394  2237  2258 E 3c.lib  : Checking isUI thread
07-07 15:18:22.394  2111  2111 D 3c.ui.utils: lib3c_ui_utils.initInApps
07-07 15:18:22.394  2237  2258 I 3c.lib  : Checking isUI (from AM):false - ccc71.at.free
07-07 15:18:22.394  2111  2261 W 3c.settings: Commiting 1 shared preferences
07-07 15:18:22.394  2237  2258 W 3c.ui.utils: shortcut initialized  / 0 / empty
07-07 15:18:22.394  2237  2258 W 3c.ui.utils: Loading language into shortcuts initializer
07-07 15:18:22.394  2237  2258 W 3c.ui.utils: Loaded language into shortcuts initializer: en_US
07-07 15:18:22.395  2111  2111 D 3c.ui.utils: at_activity.initInAppPurchase(false);
07-07 15:18:22.395  2237  2259 W 3c.settings: Loaded 7 shared preference settings
07-07 15:18:22.395  2237  2259 W 3c.settings: Reloading shared preferences
07-07 15:18:22.398  2111  2128 E 3c.lib  : Received uncaught exception
07-07 15:18:22.398  2111  2128 E 3c.lib  : java.lang.NoClassDefFoundError: Failed resolution of: Llib3c/service/boot/lib3c_boot_service;
07-07 15:18:22.398  2111  2128 E 3c.lib  : 	at lib3c.service.tasker.lib3c_task_receiver.a(Unknown Source:156)
07-07 15:18:22.398  2111  2128 E 3c.lib  : 	at ccc71.at.at_application.a(Unknown Source:260)
07-07 15:18:22.398  2111  2128 E 3c.lib  : 	at lib3c.application.lib3c_application$a.runThread(Unknown Source:204)
07-07 15:18:22.398  2111  2128 E 3c.lib  : 	at c.gh2.run(Unknown Source:2)
07-07 15:18:22.398  2111  2128 E 3c.lib  : Caused by: java.lang.ClassNotFoundException: Didn't find class "lib3c.service.boot.lib3c_boot_service" on path: DexPathList[[zip file "/data/app/ccc71.at.free-T69qXGMfeYinLahOZFBQLg==/base.apk"],nativeLibraryDirectories=[/data/app/ccc71.at.free-T69qXGMfeYinLahOZFBQLg==/lib/x86, /data/app/ccc71.at.free-T69qXGMfeYinLahOZFBQLg==/base.apk!/lib/x86, /system/lib, /system/vendor/lib]]
07-07 15:18:22.398  2111  2128 E 3c.lib  : 	at dalvik.system.BaseDexClassLoader.findClass(BaseDexClassLoader.java:125)
07-07 15:18:22.398  2111  2128 E 3c.lib  : 	at java.lang.ClassLoader.loadClass(ClassLoader.java:379)
07-07 15:18:22.398  2111  2128 E 3c.lib  : 	at java.lang.ClassLoader.loadClass(ClassLoader.java:312)
07-07 15:18:22.398  2111  2128 E 3c.lib  : 	... 4 more
07-07 15:18:22.399  2111  2128 I 3c.lib  : Finished logging uncaught exception
07-07 15:18:22.399  2237  2237 W 3c.settings: Loaded 8 shared preference settings
07-07 15:18:22.399  2237  2237 W 3c.settings: Reloading shared preferences
07-07 15:18:22.399  2237  2237 W 3c.settings: Loaded 8 shared preference settings
07-07 15:18:22.399  2237  2259 W 3c.settings: Loaded 8 shared preference settings
07-07 15:18:22.403  2237  2237 W 3c.settings: Reloading shared preferences
07-07 15:18:22.403  2237  2237 W 3c.settings: Loaded 8 shared preference settings
07-07 15:18:22.403  2237  2237 W 3c.notifications: Registering lib3c_notification_timer
07-07 15:18:22.405  2237  2237 W 3c.screen: Registered lib3c_screen_receiver (screen true)
07-07 15:18:22.405  2237  2237 D 3c.notifications: Got notifications packages: 
07-07 15:18:22.406  2237  2259 E 3c.settings: Prefs prefskey.watch.id default -1
07-07 15:18:22.406  2237  2258 W 3c.lib  : Trying to gain root access, remaining attempts: 1
07-07 15:18:22.406  2237  2258 W 3c.lib  : Running lib as root: /data/app/ccc71.at.free-T69qXGMfeYinLahOZFBQLg==/lib/x86/liblib3c.so
07-07 15:18:22.406  2237  2259 W 3c.lib  : Calling native ls(false, false, /data/user/0/ccc71.at.free/xposed
07-07 15:18:22.406  2237  2237 W 3c.screen: UNregistered lib3c_screen_receiver
07-07 15:18:22.406  2237  2237 W 3c.notifications: Unregistering lib3c_notification_timer - not needed
07-07 15:18:22.406  2237  2237 D 3c.notifications: Got notifications packages: 
07-07 15:18:22.412  2237  2237 D 3c.notifications: Got notifications packages: 
07-07 15:18:22.422  2237  2258 W 3c.lib  : Got root access, resetting attempts
07-07 15:18:22.422  2237  2259 I 3c.xposed: LogcatService: Creating logcat service (lib3c.controls.xposed.lib3c_logcat_service$a@71a9854)
07-07 15:18:22.425  2237  2259 E ThemeUtils: View class androidx.appcompat.widget.AppCompatImageView is an AppCompat widget that can only be used with a Theme.AppCompat theme (or descendant).
07-07 15:18:22.426  2237  2274 W 3c.xposed: LogcatService: Starting logcat reader lib3c.controls.xposed.lib3c_logcat_service$b@ab2e5c0
07-07 15:18:22.427  2237  2274 D 3c.xposed: LogcatService: read 0 from at_limit_apps
07-07 15:18:22.427  2237  2274 D 3c.xposed: LogcatService: got 0 limit periods apps
07-07 15:18:22.428  2237  2274 E 3c.settings: Prefs prefskey.watch.id default -1
07-07 15:18:22.428  2237  2274 D 3c.xposed: LogcatService: Current screen state 1
07-07 15:18:22.428  2237  2258 W 3c.app.tb: Removing shortcut Usage: API != 22
07-07 15:18:22.429  2237  2258 W 3c.app.tb: Removing shortcut Optimization: API != 23
07-07 15:18:22.429  2237  2274 D 3c.processes: Loaded known list: 1
07-07 15:18:22.429  2237  2274 D 3c.processes: Got 1 excluded processes
07-07 15:18:22.429  2237  2274 D 3c.processes: Loaded excluded list: 1
07-07 15:18:22.429  2237  2274 D 3c.processes: updateProcessInfo(-1, false, false, false, false)
07-07 15:18:22.429  2237  2274 W 3c.processes: grepping...
07-07 15:18:22.435  2237  2274 W 3c.processes: grepped 300 ...
07-07 15:18:22.436  2237  2274 W 3c.processes: Found 102 valid processes
07-07 15:18:22.446  2237  2246 W 3c.db   : c.of2.close() was never called to clean-up resources
07-07 15:18:22.446  2237  2246 W 3c.db   : java.lang.Exception: Process has leaked c.of2
07-07 15:18:22.446  2237  2246 W 3c.db   : 	at c.e82.<init>(Unknown Source:32)
07-07 15:18:22.446  2237  2246 W 3c.db   : 	at c.of2.<init>(Unknown Source:7)
07-07 15:18:22.446  2237  2246 W 3c.db   : 	at c.nf2.M(Unknown Source:15)
07-07 15:18:22.446  2237  2246 W 3c.db   : 	at lib3c.controls.xposed.lib3c_logcat_service$a.doInBackground(Unknown Source:2)
07-07 15:18:22.446  2237  2246 W 3c.db   : 	at lib3c.controls.xposed.lib3c_logcat_service$a.doInBackground(Unknown Source:2)
07-07 15:18:22.446  2237  2246 W 3c.db   : 	at c.ug2$c.call(Unknown Source:23)
07-07 15:18:22.446  2237  2246 W 3c.db   : 	at java.util.concurrent.FutureTask.run(FutureTask.java:266)
07-07 15:18:22.446  2237  2246 W 3c.db   : 	at java.util.concurrent.ThreadPoolExecutor.runWorker(ThreadPoolExecutor.java:1162)
07-07 15:18:22.446  2237  2246 W 3c.db   : 	at java.util.concurrent.ThreadPoolExecutor$Worker.run(ThreadPoolExecutor.java:636)
07-07 15:18:22.446  2237  2246 W 3c.db   : 	at java.lang.Thread.run(Thread.java:764)
07-07 15:18:22.447  2237  2246 W 3c.db   : c.of2.close() was never called to clean-up resources
07-07 15:18:22.447  2237  2246 W 3c.db   : java.lang.Exception: Process has leaked c.of2
07-07 15:18:22.447  2237  2246 W 3c.db   : 	at c.e82.<init>(Unknown Source:32)
07-07 15:18:22.447  2237  2246 W 3c.db   : 	at c.of2.<init>(Unknown Source:7)
07-07 15:18:22.447  2237  2246 W 3c.db   : 	at c.nf2.u(Unknown Source:17)
07-07 15:18:22.447  2237  2246 W 3c.db   : 	at c.nf2.H(Unknown Source:0)
07-07 15:18:22.447  2237  2246 W 3c.db   : 	at lib3c.application.lib3c_application$a.runThread(Unknown Source:17)
07-07 15:18:22.447  2237  2246 W 3c.db   : 	at c.gh2.run(Unknown Source:2)
07-07 15:18:22.451  2237  2258 W 3c.app.tb: Removing shortcut Graphics: API != 23
07-07 15:18:22.451  2237  2258 W 3c.app.tb: Removing shortcut Wi-Fi AP: API < 23
07-07 15:18:22.459  2237  2258 W 3c.app.tb: Removing shortcut GPU: no GPU
07-07 15:18:22.460  2237  2258 W 3c.app.tb: Removing shortcut Times: no TIMES
07-07 15:18:22.460  2237  2258 D 3c.control: max_cpu Read valid core for max cpu
07-07 15:18:22.460  2237  2258 D 3c.control: max_cpu Read valid core: 0-3
07-07 15:18:22.460  2237  2258 D 3c.control: max_cpu Read single core: 0 from 0
07-07 15:18:22.460  2237  2258 D 3c.control: max_cpu Read single core: 3 from 3
07-07 15:18:22.460  2237  2258 W 3c.app.tb: Removing shortcut Voltage: no VOLTAGE
07-07 15:18:22.462  2237  2258 W 3c.app.tb: Removing shortcut Thermal: no THERMAL
07-07 15:18:22.462  2237  2258 W 3c.app.tb: Removing shortcut MPDecision: no MP
07-07 15:18:22.466  2237  2258 D 3c.control: Checking availability: /sys/devices/platform/mipi_lgit.1537/kgamma_r
07-07 15:18:22.466  2237  2258 D 3c.control: Checking availability: /sys/devices/platform/mipi_lgit.1537/kgamma_g
07-07 15:18:22.466  2237  2258 D 3c.control: Checking availability: /sys/devices/platform/mipi_lgit.1537/kgamma_b
07-07 15:18:22.466  2237  2258 D 3c.control: Checking availability: /sys/devices/platform/mipi_lgit.1537/kgamma_ctrl
07-07 15:18:22.466  2237  2258 D 3c.control: Checking availability: /sys/devices/platform/kcal_ctrl.0/kcal
07-07 15:18:22.466  2237  2258 D 3c.control: Checking availability: /sys/devices/platform/kcal_ctrl.0/kcal_ctrl
07-07 15:18:22.466  2237  2258 D 3c.control: Checking availability: /sys/devices/platform/mipi_lgit.1537/refresh_screen
07-07 15:18:22.466  2237  2258 D 3c.control: Checking availability: /sys/class/misc/colorcontrol/multiplier_disabled
07-07 15:18:22.466  2237  2258 W 3c.app.tb: Removing shortcut Gamma: no GAMMA
07-07 15:18:22.467  2237  2258 D 3c.control: Checking availability: /sys/kernel/sound_control/cam_mic_gain
07-07 15:18:22.467  2237  2258 D 3c.control: Checking availability: /sys/kernel/sound_control/headphone_gain
07-07 15:18:22.467  2237  2258 D 3c.control: Checking availability: /sys/kernel/sound_control/mic_gain
07-07 15:18:22.467  2237  2258 D 3c.control: Checking availability: /sys/kernel/sound_control/speaker_gain
07-07 15:18:22.468  2237  2258 D 3c.control: Checking availability: /sys/kernel/sound_control/gpl_sound_control_locked
07-07 15:18:22.468  2237  2258 W 3c.app.tb: Removing shortcut Sound: no SOUND
07-07 15:18:22.475  2237  2258 W 3c.ui.utils: Done initializing shortcuts
07-07 15:18:22.477  2237  2258 D 3c.widgets: Enumerating existing widgets...
07-07 15:18:22.478  2237  2274 I 3c.processes: Found 28 processes in 49 milliseconds!
07-07 15:18:22.478  2237  2274 W 3c.xposed: LogcatService: Starting filter  -b events -v brief  *:s (preview: 0)
07-07 15:18:22.478  2237  2274 D 3c.lib  : logcat binary found in /system/bin
07-07 15:18:22.478  2237  2258 D 3c.widgets: Recovered 0 widget(s)
07-07 15:18:22.478  2237  2258 W 3c.widgets: has refreshable widgets: false
07-07 15:18:22.479   529  1829 D PackageManager: Ephemeral installer not found with new action; try old one
07-07 15:18:22.479   529  1829 D PackageManager: Clear ephemeral installer activity
07-07 15:18:22.479  2237  2237 W 3c.widgets: has refreshable widgets: false
07-07 15:18:22.479  2237  2237 I 3c.widgets: Widgets service started but not needed!
07-07 15:18:22.480  2237  2237 W 3c.widgets: has refreshable widgets: false
07-07 15:18:22.480  2277  2277 E linker  : "/system/bin/logcat": ignoring DT_PREINIT_ARRAY in shared library!
07-07 15:18:22.491  2237  2274 D 3c.lib  : su binary found in /system/bin
07-07 15:18:22.491  2237  2274 D 3c.lib  : logcat binary found in /system/bin
07-07 15:18:22.492  2237  2274 W 3c.lib  : Registered debug process Process[pid=2278, hasExited=false]
07-07 15:18:22.528  2270  2270 D AndroidRuntime: >>>>>> START com.android.internal.os.RuntimeInit uid 0 <<<<<<
07-07 15:18:22.565  2270  2270 W /system/bin/app_process: Unexpected CPU variant for X86 using defaults: x86
07-07 15:18:22.567  2270  2270 I /system/bin/app_process: The ClassLoaderContext is a special shared library.
07-07 15:18:22.582  2270  2270 D AndroidRuntime: Calling main entry com.android.commands.am.Am
07-07 15:18:22.592  2270  2270 D AndroidRuntime: Shutting down VM
07-07 15:18:22.618  2285  2285 D AndroidRuntime: >>>>>> START com.android.internal.os.RuntimeInit uid 0 <<<<<<
07-07 15:18:22.648  2285  2285 W /system/bin/app_process: Unexpected CPU variant for X86 using defaults: x86
07-07 15:18:22.649  2285  2285 I /system/bin/app_process: The ClassLoaderContext is a special shared library.
07-07 15:18:22.658  2285  2285 D AndroidRuntime: Calling main entry com.android.commands.am.Am
07-07 15:18:22.666  2285  2285 D AndroidRuntime: Shutting down VM
07-07 15:18:22.730  2237  2274 D 3c.xposed: LogcatService: Top package is ok : null
07-07 15:18:22.744   529  1923 D         : HostConnection::get() New Host Connection established 0xd3793870, pid 529, tid 1923
07-07 15:18:22.746   461  2304 D local_opengl: Sending id 26 to host
07-07 15:18:22.747   529  1923 D         : HostComposition ext ANDROID_EMU_host_composition_v1 ANDROID_EMU_host_composition_v2 ANDROID_EMU_async_unmap_buffer ANDROID_EMU_sync_buffer_data GL_OES_EGL_image_external_essl3 GL_OES_vertex_array_object GL_KHR_texture_compression_astc_ldr ANDROID_EMU_host_side_tracing ANDROID_EMU_async_frame_commands ANDROID_EMU_gles_max_version_3_1 
07-07 15:18:22.749   529  1923 I system_server: android::hardware::configstore::V1_0::ISurfaceFlingerConfigs::hasWideColorDisplay retrieved: 0
07-07 15:18:22.749   529  1923 I OpenGLRenderer: Initialized EGL, version 1.4
07-07 15:18:22.749   529  1923 D OpenGLRenderer: Swap behavior 1
07-07 15:18:22.749   529  1923 W OpenGLRenderer: Failed to choose config with EGL_SWAP_BEHAVIOR_PRESERVED, retrying without...
07-07 15:18:22.749   529  1923 D OpenGLRenderer: Swap behavior 0
07-07 15:18:22.749   529  1923 D EGL_emulation: eglCreateContext: 0xcdf6a240: maj 3 min 1 rcv 4
07-07 15:18:22.764   529  1923 E eglCodecCommon: glUtilsParamSize: unknow param 0x00008f38
07-07 15:18:22.764   529  1923 E eglCodecCommon: glUtilsParamSize: unknow param 0x00008f38
07-07 15:18:22.764   529  1923 E eglCodecCommon: glUtilsParamSize: unknow param 0x000090ca
07-07 15:18:22.764   529  1923 E eglCodecCommon: glUtilsParamSize: unknow param 0x000090ca
07-07 15:18:22.764   529  1923 E eglCodecCommon: glUtilsParamSize: unknow param 0x000090ce
07-07 15:18:22.765   529  1923 E eglCodecCommon: glUtilsParamSize: unknow param 0x000090ce
07-07 15:18:22.765   529  1923 E eglCodecCommon: glUtilsParamSize: unknow param 0x000090cf
07-07 15:18:22.765   529  1923 E eglCodecCommon: glUtilsParamSize: unknow param 0x000090cf
07-07 15:18:23.627  1417  1876 I Dialer  : OmtpVvmCarrierCfgHlpr - OmtpEvent:CONFIG_STATUS_SMS_TIME_OUT
07-07 15:18:23.627  1417  1417 I Dialer  : RetryPolicy - discarding deferred status: configuration_state=4
07-07 15:18:23.628  1417  1417 I Dialer  : VvmTaskExecutor - no more tasks, stopping service if no task are added in 5000 millis
07-07 15:18:23.628  1417  1417 I Dialer  : VvmTaskReceiver - task received
07-07 15:18:23.628  1417  1417 I Dialer  : VvmTaskReceiver - TaskExecutor already running
07-07 15:18:23.628  1417  1417 I Dialer  : Task.createTask - create task:com.android.voicemail.impl.ActivationTask
07-07 15:18:23.628  1417  1417 I Dialer  : RetryPolicy - retry #2 for com.android.voicemail.impl.ActivationTask@fd59c66 queued, executing in 5000
07-07 15:18:23.628  1417  1417 I Dialer  : VvmTaskExecutor - com.android.voicemail.impl.ActivationTask@fd59c66 added
07-07 15:18:23.628  1417  1417 I Dialer  : VvmTaskExecutor - minimal wait time:5000
07-07 15:18:23.628  1417  1417 I Dialer  : VvmTaskExecutor - sleep for 5000 millis
07-07 15:18:23.949   529   529 W WindowManager: removeWindowToken: Attempted to remove non-existing token: android.os.Binder@399531a
07-07 15:18:23.949  1656  2210 E eglCodecCommon: goldfish_dma_create_region: could not obtain fd to device! fd -1 errno=2
07-07 15:18:23.959   482   482 D SurfaceFlinger: duplicate layer name: changing Toast to Toast#1
07-07 15:18:24.790   529   650 E TaskPersister: File error accessing recents directory (directory doesn't exist?).
07-07 15:18:24.918   220   253 W genymotion_audio: Not supplying enough data to HAL, expected position 759636 , only wrote 534960
07-07 15:18:25.952   529   529 W WindowManager: removeWindowToken: Attempted to remove non-existing token: android.os.Binder@b272ed
07-07 15:18:25.953  1656  2210 E eglCodecCommon: goldfish_dma_create_region: could not obtain fd to device! fd -1 errno=2
07-07 15:18:26.464   217   217 I redis   : type=1400 audit(0.0:1304): avc: denied { read } for path="socket:[11975]" dev="sockfs" ino=11975 scontext=u:r:redis:s0 tcontext=u:r:redis:s0 tclass=tcp_socket permissive=1
07-07 15:18:26.464   217   217 I redis   : type=1400 audit(0.0:1305): avc: denied { write } for path="socket:[11975]" dev="sockfs" ino=11975 scontext=u:r:redis:s0 tcontext=u:r:redis:s0 tclass=tcp_socket permissive=1
07-07 15:18:26.464   485   485 I vinput  : type=1400 audit(0.0:1306): avc: denied { read } for path="socket:[15443]" dev="sockfs" ino=15443 scontext=u:r:vinput:s0 tcontext=u:r:vinput:s0 tclass=tcp_socket permissive=1
07-07 15:18:26.480  2111  2111 D 3c.ui   : xk1.onHidden()
07-07 15:18:26.476   529   529 I Binder:529_5: type=1400 audit(0.0:1307): avc: denied { write } for name="timerslack_ns" dev="proc" ino=19496 scontext=u:r:system_server:s0 tcontext=u:r:priv_app:s0:c512,c768 tclass=file permissive=1
07-07 15:18:26.611  2111  2140 E eglCodecCommon: goldfish_dma_create_region: could not obtain fd to device! fd -1 errno=2
07-07 15:18:26.620   482   482 E EGL_emulation: tid 482: eglCreateSyncKHR(2094): error 0x3004 (EGL_BAD_ATTRIBUTE)
07-07 15:18:26.696   529   529 I PackageManager: type=1400 audit(0.0:1308): avc: denied { write } for name="timerslack_ns" dev="proc" ino=26893 scontext=u:r:system_server:s0 tcontext=u:r:platform_app:s0:c512,c768 tclass=file permissive=1
07-07 15:18:26.854   529   546 I ActivityManager: Killing 1629:com.android.packageinstaller/u0a21 (adj 906): empty #17
07-07 15:18:26.854   529   548 W system_server: kill(-1629, 9) failed: No such process
07-07 15:18:26.900   529   548 W system_server: kill(-1629, 9) failed: No such process
07-07 15:18:26.900   529   548 I system_server: Successfully killed process cgroup uid 10021 pid 1629 in 46ms
07-07 15:18:27.100  1206  1295 W OpenGLRenderer: Incorrectly called buildLayer on View: ShortcutAndWidgetContainer, destroying layer...
07-07 15:18:27.956   529   529 W WindowManager: removeWindowToken: Attempted to remove non-existing token: android.os.Binder@a29cbb3
07-07 15:18:27.957   529   529 I ActivityManager: Killing 1527:com.android.email/u0a51 (adj 906): empty #17
07-07 15:18:27.958   529   548 W system_server: kill(-1527, 9) failed: No such process
07-07 15:18:27.959  1656  2210 E eglCodecCommon: goldfish_dma_create_region: could not obtain fd to device! fd -1 errno=2
07-07 15:18:28.000   529   548 W system_server: kill(-1527, 9) failed: No such process
07-07 15:18:28.000   529   548 I system_server: Successfully killed process cgroup uid 10051 pid 1527 in 42ms
07-07 15:18:28.069  2237  2306 D ProfileInstaller: Installing profile for ccc71.at.free
07-07 15:18:28.670  1417  1876 I Dialer  : VvmTaskExecutor - executing task com.android.voicemail.impl.ActivationTask@fd59c66
07-07 15:18:28.670  1417  1876 I Dialer  : PreOMigrationHandler - ComponentInfo{com.android.phone/com.android.services.telephony.TelephonyConnectionService}, [5fef04621e9a9b41849c3df35e75799299008300], UserHandle{0} already migrated
07-07 15:18:28.689  1417  1876 I Dialer  : VvmActivationTask - VVM content provider configured - vvm_type_cvvm
07-07 15:18:28.689  1417  1876 I Dialer  : OmtpVvmCarrierCfgHlpr - OmtpEvent:CONFIG_ACTIVATING
07-07 15:18:28.694  1417  1876 I Dialer  : TelephonyMangerCompat.setVisualVoicemailSmsFilterSettings - using TelephonyManager
07-07 15:18:28.695  1417  1876 I Dialer  : TelephonyMangerCompat.sendVisualVoicemailSms - using TelephonyManager
07-07 15:18:28.699   499  1710 D baseband-sms: newsms
07-07 15:18:28.699   499  1710 D baseband-sms: sender:(N/A)
07-07 15:18:28.699   499  1710 D baseband-sms: receiver:122
07-07 15:18:28.699   499  1710 D baseband-sms: index:1/1
07-07 15:18:28.699   499  1710 D baseband-sms: txt:'FQKf.:et#W'
07-07 15:18:28.692   499   499 I genybaseband: type=1400 audit(0.0:1309): avc: denied { write } for path="socket:[15520]" dev="sockfs" ino=15520 scontext=u:r:genybaseband:s0 tcontext=u:r:genybaseband:s0 tclass=tcp_socket permissive=1
07-07 15:18:28.692   499   499 I genybaseband: type=1400 audit(0.0:1310): avc: denied { read } for path="socket:[15520]" dev="sockfs" ino=15520 scontext=u:r:genybaseband:s0 tcontext=u:r:genybaseband:s0 tclass=tcp_socket permissive=1
07-07 15:18:29.908   529   650 E TaskPersister: File error accessing recents directory (directory doesn't exist?).
07-07 15:18:31.809   529   610 I InputReader: Reconfiguring input devices.  changes=0x00000010
07-07 15:18:31.816   529   545 W VoiceInteractionManagerService: no available voice interaction services found for user 0
07-07 15:18:31.816   529   529 I Telecom : DefaultDialerCache: Refreshing default dialer for user 0: now com.android.dialer: DDC.oR@AHQ
07-07 15:18:31.819   868   868 D CarrierSvcBindHelper: No carrier app for: 0
07-07 15:18:31.819   868   868 D ImsResolver: maybeAddedImsService, packageName: ccc71.at.free
07-07 15:18:31.958  2309  2309 D AndroidRuntime: >>>>>> START com.android.internal.os.RuntimeInit uid 0 <<<<<<
07-07 15:18:31.960  2309  2309 W app_process: Could not reserve sentinel fault page
07-07 15:18:31.986  2309  2309 W app_process: Unexpected CPU variant for X86 using defaults: x86
07-07 15:18:31.987  2309  2309 I app_process: The ClassLoaderContext is a special shared library.
07-07 15:18:31.997  2309  2309 D AndroidRuntime: Calling main entry com.android.commands.pm.Pm
07-07 15:18:31.999  2309  2318 W MessageQueue: Handler (android.os.Handler) {85726f6} sending message to a Handler on a dead thread
07-07 15:18:31.999  2309  2318 W MessageQueue: java.lang.IllegalStateException: Handler (android.os.Handler) {85726f6} sending message to a Handler on a dead thread
07-07 15:18:31.999  2309  2318 W MessageQueue: 	at android.os.MessageQueue.enqueueMessage(MessageQueue.java:545)
07-07 15:18:31.999  2309  2318 W MessageQueue: 	at android.os.Handler.enqueueMessage(Handler.java:662)
07-07 15:18:31.999  2309  2318 W MessageQueue: 	at android.os.Handler.sendMessageAtTime(Handler.java:631)
07-07 15:18:31.999  2309  2318 W MessageQueue: 	at android.os.Handler.sendMessageDelayed(Handler.java:601)
07-07 15:18:31.999  2309  2318 W MessageQueue: 	at android.os.Handler.post(Handler.java:357)
07-07 15:18:31.999  2309  2318 W MessageQueue: 	at android.os.ResultReceiver$MyResultReceiver.send(ResultReceiver.java:57)
07-07 15:18:31.999  2309  2318 W MessageQueue: 	at com.android.internal.os.IResultReceiver$Stub.onTransact(IResultReceiver.java:58)
07-07 15:18:31.999  2309  2318 W MessageQueue: 	at android.os.Binder.execTransact(Binder.java:697)
07-07 15:18:31.999  2309  2309 I app_process: System.exit called, status: 0
07-07 15:18:31.999  2309  2309 I AndroidRuntime: VM exiting with result code 0.
07-07 15:18:34.588   475   475 I android.hardwar: type=1400 audit(0.0:1311): avc: denied { write } for scontext=u:r:hal_wifi_default:s0 tcontext=u:r:hal_wifi_default:s0 tclass=netlink_route_socket permissive=1
07-07 15:18:34.588   475   475 I android.hardwar: type=1400 audit(0.0:1312): avc: denied { nlmsg_read } for scontext=u:r:hal_wifi_default:s0 tcontext=u:r:hal_wifi_default:s0 tclass=netlink_route_socket permissive=1
07-07 15:18:34.588   475   475 I android.hardwar: type=1400 audit(0.0:1313): avc: denied { read } for scontext=u:r:hal_wifi_default:s0 tcontext=u:r:hal_wifi_default:s0 tclass=netlink_route_socket permissive=1
07-07 15:18:38.792   378   378 I hostapd : type=1400 audit(0.0:1314): avc: denied { read } for scontext=u:r:execns:s0 tcontext=u:r:execns:s0 tclass=netlink_generic_socket permissive=1
07-07 15:18:38.792   378   378 I hostapd : type=1400 audit(0.0:1315): avc: denied { write } for scontext=u:r:execns:s0 tcontext=u:r:execns:s0 tclass=netlink_generic_socket permissive=1
07-07 15:18:38.792   378   378 I hostapd : type=1400 audit(0.0:1316): avc: denied { net_admin } for capability=12 scontext=u:r:execns:s0 tcontext=u:r:execns:s0 tclass=capability permissive=1
07-07 15:18:46.466   529   630 D ConnectivityService: sending Proxy Broadcast for [127.0.0.1] 1337 xl=
07-07 15:18:46.494  2378  2378 W zygote  : Unexpected CPU variant for X86 using defaults: x86
07-07 15:18:46.499   529  1829 I ActivityManager: Start proc 2378:opensecurity.clipdump/u0a67 for service opensecurity.clipdump/.ClipDumper
07-07 15:18:46.500   529   545 E memtrack: Couldn't load memtrack module
07-07 15:18:46.500   529   545 W android.os.Debug: failed to get memory consumption info: -1
07-07 15:18:46.510   529   545 E memtrack: Couldn't load memtrack module
07-07 15:18:46.510   529   545 W android.os.Debug: failed to get memory consumption info: -1
07-07 15:18:46.504   529   529 I Binder:529_B: type=1400 audit(0.0:1317): avc: denied { write } for name="timerslack_ns" dev="proc" ino=34095 scontext=u:r:system_server:s0 tcontext=u:r:untrusted_app_25:s0:c512,c768 tclass=file permissive=1
07-07 15:18:48.344   510   510 I healthd : type=1400 audit(0.0:1318): avc: denied { read } for name="capacity" dev="fuse" ino=8 scontext=u:r:healthd:s0 tcontext=u:object_r:fuse:s0 tclass=file permissive=1
07-07 15:18:48.344   510   510 I healthd : type=1400 audit(0.0:1319): avc: denied { open } for path="/dev/pipe/battery/BAT0/capacity" dev="fuse" ino=8 scontext=u:r:healthd:s0 tcontext=u:object_r:fuse:s0 tclass=file permissive=1
07-07 15:18:48.344   510   510 I healthd : type=1400 audit(0.0:1320): avc: denied { getattr } for path="/dev/pipe/battery/BAT0/capacity" dev="fuse" ino=8 scontext=u:r:healthd:s0 tcontext=u:object_r:fuse:s0 tclass=file permissive=1
07-07 15:18:52.740   529   545 E memtrack: Couldn't load memtrack module
07-07 15:18:52.740   529   545 W android.os.Debug: failed to get memory consumption info: -1
07-07 15:18:52.754   529   545 E memtrack: Couldn't load memtrack module
07-07 15:18:52.754   529   545 W android.os.Debug: failed to get memory consumption info: -1
07-07 15:18:53.064   378   378 I hostapd : type=1400 audit(0.0:1321): avc: denied { net_admin } for capability=12 scontext=u:r:execns:s0 tcontext=u:r:execns:s0 tclass=capability permissive=1
07-07 15:18:56.705   529  1829 D WificondControl: Scan result ready event
07-07 15:18:57.747   529   864 D SntpClient: request time failed: java.net.SocketTimeoutException: Poll timed out
07-07 15:19:00.001   529   545 E memtrack: Couldn't load memtrack module
07-07 15:19:00.001   529   545 W android.os.Debug: failed to get memory consumption info: -1
07-07 15:19:00.019   529   545 E memtrack: Couldn't load memtrack module
07-07 15:19:00.019   529   545 W android.os.Debug: failed to get memory consumption info: -1
07-07 15:19:00.027   529   545 E memtrack: Couldn't load memtrack module
07-07 15:19:00.027   529   545 W android.os.Debug: failed to get memory consumption info: -1
07-07 15:19:00.033   529   545 E memtrack: Couldn't load memtrack module
07-07 15:19:00.033   529   545 W android.os.Debug: failed to get memory consumption info: -1
07-07 15:19:02.496   217   217 I redis   : type=1400 audit(0.0:1322): avc: denied { read } for path="socket:[11975]" dev="sockfs" ino=11975 scontext=u:r:redis:s0 tcontext=u:r:redis:s0 tclass=tcp_socket permissive=1
07-07 15:19:02.496   217   217 I redis   : type=1400 audit(0.0:1323): avc: denied { write } for path="socket:[11975]" dev="sockfs" ino=11975 scontext=u:r:redis:s0 tcontext=u:r:redis:s0 tclass=tcp_socket permissive=1
07-07 15:19:02.496   485   485 I vinput  : type=1400 audit(0.0:1324): avc: denied { read } for path="socket:[15443]" dev="sockfs" ino=15443 scontext=u:r:vinput:s0 tcontext=u:r:vinput:s0 tclass=tcp_socket permissive=1
07-07 15:19:05.126   529  1162 I ActivityManager: START u0 {act=android.intent.action.MAIN cat=[android.intent.category.LAUNCHER] flg=0x10200000 cmp=ccc71.at.free/ccc71.at.at_main_popup bnds=[54,304][387,790]} from uid 10014
07-07 15:19:05.131   220   252 W genymotion_audio: Not supplying enough data to HAL, expected position 535131 , only wrote 534960
07-07 15:19:05.128   529   529 I Binder:529_E: type=1400 audit(0.0:1325): avc: denied { write } for name="timerslack_ns" dev="proc" ino=27082 scontext=u:r:system_server:s0 tcontext=u:r:untrusted_app:s0:c512,c768 tclass=file permissive=1
07-07 15:19:05.143  2111  2111 I 3c.ui.utils: Preparing conf with language: en - US = en_US
07-07 15:19:05.144  2111  2111 I 3c.ui.utils: Creating conf with language: US / en
07-07 15:19:05.147  2111  2111 D 3c.lib  : No extras in intent Intent { act=android.intent.action.MAIN cat=[android.intent.category.LAUNCHER] flg=0x10200000 cmp=ccc71.at.free/ccc71.at.at_main_popup bnds=[54,304][387,790] }
07-07 15:19:05.148   529  1829 I ActivityManager: START u0 {flg=0x34000000 cmp=ccc71.at.free/ccc71.at.activities.easy_tabs.at_easy_tabs (has extras)} from uid 10068
07-07 15:19:05.152  2111  2111 I zygote  : Deoptimizing android.graphics.drawable.Drawable androidx.appcompat.widget.ResourceManagerInternal.createDrawableIfNeeded(android.content.Context, int) due to JIT inline cache
07-07 15:19:05.153  2111  2111 D 3c.ui.utils: at_activity.initAll(ccc71.at.at_main_popup@e33a95f, true);
07-07 15:19:05.154  2111  2111 I zygote  : Deoptimizing boolean androidx.appcompat.widget.TintContextWrapper.shouldWrap(android.content.Context) due to JIT inline cache
07-07 15:19:05.155  2111  2111 I zygote  : Deoptimizing void lib3c.ui.widgets.lib3c_text_view.setText(java.lang.CharSequence, android.widget.TextView$BufferType) due to JIT inline cache
07-07 15:19:05.155  2111  2111 I zygote  : Deoptimizing void androidx.appcompat.widget.AppCompatTextHelper.updateTypefaceAndStyle(android.content.Context, androidx.appcompat.widget.TintTypedArray) due to JIT inline cache
07-07 15:19:05.155  2111  2111 I zygote  : Deoptimizing android.graphics.Typeface androidx.appcompat.widget.TintTypedArray.getFont(int, int, androidx.core.content.res.ResourcesCompat$FontCallback) due to JIT inline cache
07-07 15:19:05.155  2111  2111 I zygote  : Deoptimizing android.graphics.Typeface androidx.core.content.res.ResourcesCompat.loadFont(android.content.Context, int, android.util.TypedValue, int, androidx.core.content.res.ResourcesCompat$FontCallback, android.os.Handler, boolean, boolean) due to JIT inline cache
07-07 15:19:05.156  2111  2125 W zygote  : Checksum mismatch for dex base.apk
07-07 15:19:05.156  2111  2125 W zygote  : Checksum mismatch for dex base.apk!classes2.dex
07-07 15:19:05.181  2111  2111 I 3c.ui.utils: Preparing conf with language: en - US = en_US
07-07 15:19:05.181  2111  2111 I 3c.ui.utils: Creating conf with language: US / en
07-07 15:19:05.182  2111  2111 D 3c.ui.utils: at_activity.initAll(ccc71.at.activities.easy_tabs.at_easy_tabs@2898609, false);
07-07 15:19:05.187  2111  2111 D 3c.ui   : addDrawer on ccc71.at.activities.easy_tabs.at_easy_tabs@2898609 / android.widget.LinearLayout{3230379 V.E...... ......I. 0,0-0,0 #7f0903e2 app:id/layoutMain}
07-07 15:19:05.189  2111  2111 D 3c.ui   : in content frame = android.widget.FrameLayout{81572ca V.E...... ......I. 0,0-0,0 #7f09020d app:id/content_frame}
07-07 15:19:05.189  2111  2111 D 3c.ui   : new screenWidth = 1440
07-07 15:19:05.189  2111  2111 D 3c.ui   : result new screenWidth = 1152
07-07 15:19:05.189  2111  2404 W 3c.ui.utils: shortcut initialized  / 103 / Main screen
07-07 15:19:05.190  2111  2111 I zygote  : Deoptimizing void lib3c.ui.widgets.lib3c_text_view.a(android.util.AttributeSet) due to JIT inline cache
07-07 15:19:05.193  2111  2111 W ActionBarDrawerToggle: DrawerToggle may not show up because NavigationIcon is not visible. You may need to call actionbar.setDisplayHomeAsUpEnabled(true);
07-07 15:19:05.193  2111  2111 W 3c.ui   : resume - call_onshow set to fragment xk1{b1ca8b1} (40860faf-84f8-4f52-bbef-6f888c9fbe21)
07-07 15:19:05.193  2111  2146 W 3c.ui.utils: shortcut initialized  / 103 / Main screen
07-07 15:19:05.219  2111  2116 I zygote  : Do partial code cache collection, code=123KB, data=87KB
07-07 15:19:05.219  2111  2116 I zygote  : After code cache collection, code=114KB, data=83KB
07-07 15:19:05.219  2111  2116 I zygote  : Increasing code cache capacity to 512KB
07-07 15:19:05.291  2111  2111 W 3c.ui.utils: Finishing init...
07-07 15:19:05.291  2111  2111 D 3c.ui.utils: lib3c_ui_utils.initInApps
07-07 15:19:05.291  2111  2111 D 3c.ui.utils: at_activity.initInAppPurchase(true);
07-07 15:19:05.292  2111  2111 D 3c.ui   : Trying to set icons visible in menu
07-07 15:19:05.292  2111  2111 D 3c.ui   : Trying to set icons visible in menu
07-07 15:19:05.322   529   553 I ActivityManager: Displayed ccc71.at.free/ccc71.at.activities.easy_tabs.at_easy_tabs: +163ms (total +188ms)
07-07 15:19:05.320   461   461 I local_opengl: type=1400 audit(0.0:1326): avc: denied { write } for laddr=192.168.56.102 lport=22468 faddr=192.168.56.1 fport=60458 scontext=u:r:local_opengl:s0 tcontext=u:r:local_opengl:s0 tclass=tcp_socket permissive=1
07-07 15:19:05.320   461   461 I local_opengl: type=1400 audit(0.0:1327): avc: denied { read } for laddr=192.168.56.102 lport=22468 faddr=192.168.56.1 fport=60458 scontext=u:r:local_opengl:s0 tcontext=u:r:local_opengl:s0 tclass=tcp_socket permissive=1
07-07 15:19:05.346  1206  1295 E eglCodecCommon: goldfish_dma_create_region: could not obtain fd to device! fd -1 errno=2
07-07 15:19:05.706  2111  2111 D 3c.ui   : Trying to set icons visible in menu
07-07 15:19:07.405  2237  2252 W zygote  : Checksum mismatch for dex base.apk
07-07 15:19:07.405  2237  2252 W zygote  : Checksum mismatch for dex base.apk!classes2.dex
07-07 15:19:07.722   529  1162 I ActivityManager: START u0 {act=android.intent.action.MAIN flg=0x34000000 cmp=ccc71.at.free/ccc71.at.activities.device.at_device_tabs} from uid 10068
07-07 15:19:07.727  2111  2111 D 3c.ui   : xk1.onHidden()
07-07 15:19:07.731   529   545 E memtrack: Couldn't load memtrack module
07-07 15:19:07.731   529   545 W android.os.Debug: failed to get memory consumption info: -1
07-07 15:19:07.736  2111  2111 I 3c.ui.utils: Preparing conf with language: en - US = en_US
07-07 15:19:07.736  2111  2111 I 3c.ui.utils: Creating conf with language: US / en
07-07 15:19:07.738  2111  2111 D 3c.ui.utils: at_activity.initAll(ccc71.at.activities.device.at_device_tabs@63ef36e, false);
07-07 15:19:07.739  2111  2111 I zygote  : Deoptimizing android.graphics.drawable.Drawable androidx.appcompat.widget.ResourceManagerInternal.createDrawableIfNeeded(android.content.Context, int) due to JIT inline cache
07-07 15:19:07.741  2111  2111 D 3c.ui   : addDrawer on ccc71.at.activities.device.at_device_tabs@63ef36e / android.widget.LinearLayout{21e2059 V.E...... ......I. 0,0-0,0 #7f0903e2 app:id/layoutMain}
07-07 15:19:07.741  2111  2111 D 3c.ui   : in content frame = android.widget.FrameLayout{2ea542a V.E...... ......I. 0,0-0,0 #7f09020d app:id/content_frame}
07-07 15:19:07.741  2111  2111 I zygote  : Deoptimizing void c.ki2.y(android.content.Context, android.view.ViewGroup, float, float) due to JIT inline cache
07-07 15:19:07.741  2111  2111 D 3c.ui   : new screenWidth = 1440
07-07 15:19:07.741  2111  2111 D 3c.ui   : result new screenWidth = 1152
07-07 15:19:07.741  2111  2144 W 3c.ui.utils: shortcut initialized  / 103 / Main screen
07-07 15:19:07.747  2111  2111 I zygote  : Deoptimizing android.content.Context androidx.appcompat.widget.TintContextWrapper.wrap(android.content.Context) due to JIT inline cache
07-07 15:19:07.747  2111  2111 I zygote  : Deoptimizing android.graphics.Typeface androidx.core.content.res.ResourcesCompat.loadFont(android.content.Context, int, android.util.TypedValue, int, androidx.core.content.res.ResourcesCompat$FontCallback, android.os.Handler, boolean, boolean) due to JIT inline cache
07-07 15:19:07.747  2111  2111 I zygote  : Deoptimizing boolean androidx.appcompat.widget.TintContextWrapper.shouldWrap(android.content.Context) due to JIT inline cache
07-07 15:19:07.748  2111  2111 W ActionBarDrawerToggle: DrawerToggle may not show up because NavigationIcon is not visible. You may need to call actionbar.setDisplayHomeAsUpEnabled(true);
07-07 15:19:07.749  2111  2111 W 3c.ui   : resume - call_onshow set to fragment jg1{5e6d21b} (4c30343a-f61d-427f-9253-49bd124bc9b6)
07-07 15:19:07.750  2111  2189 W 3c.ui.utils: shortcut initialized  / 103 / Main screen
07-07 15:19:07.750  2111  2111 W 3c.ui.utils: Finishing init...
07-07 15:19:07.750  2111  2111 D 3c.ui.utils: lib3c_ui_utils.initInApps
07-07 15:19:07.750  2111  2111 D 3c.ui.utils: at_activity.initInAppPurchase(true);
07-07 15:19:07.760  2111  2111 I chatty  : uid=10068 ccc71.at.free:ui identical 2 lines
07-07 15:19:07.756  2183  2183 I liblib3c.so: type=1400 audit(0.0:1328): avc: denied { getattr } for path="/proc/stat" dev="proc" ino=4026531989 scontext=u:r:su_daemon:s0 tcontext=u:object_r:proc_stat:s0 tclass=file permissive=1
07-07 15:19:07.756  2183  2183 I liblib3c.so: type=1400 audit(0.0:1329): avc: denied { read } for name="stat" dev="proc" ino=4026531989 scontext=u:r:su_daemon:s0 tcontext=u:object_r:proc_stat:s0 tclass=file permissive=1
07-07 15:19:07.756  2183  2183 I liblib3c.so: type=1400 audit(0.0:1330): avc: denied { open } for path="/proc/stat" dev="proc" ino=4026531989 scontext=u:r:su_daemon:s0 tcontext=u:object_r:proc_stat:s0 tclass=file permissive=1
07-07 15:19:07.756  2183  2183 I liblib3c.so: type=1400 audit(0.0:1331): avc: denied { write } for path="pipe:[27965]" dev="pipefs" ino=27965 scontext=u:r:su_daemon:s0 tcontext=u:r:untrusted_app:s0:c512,c768 tclass=fifo_file permissive=1
07-07 15:19:07.756  2183  2183 I liblib3c.so: type=1400 audit(0.0:1332): avc: denied { read } for path="pipe:[27964]" dev="pipefs" ino=27964 scontext=u:r:su_daemon:s0 tcontext=u:r:untrusted_app:s0:c512,c768 tclass=fifo_file permissive=1
07-07 15:19:07.768  2183  2183 I liblib3c.so: type=1400 audit(0.0:1333): avc: denied { getattr } for path="/proc/uptime" dev="proc" ino=4026531990 scontext=u:r:su_daemon:s0 tcontext=u:object_r:proc:s0 tclass=file permissive=1
07-07 15:19:07.768  2183  2183 I liblib3c.so: type=1400 audit(0.0:1334): avc: denied { read } for name="uptime" dev="proc" ino=4026531990 scontext=u:r:su_daemon:s0 tcontext=u:object_r:proc:s0 tclass=file permissive=1
07-07 15:19:07.768  2183  2183 I liblib3c.so: type=1400 audit(0.0:1335): avc: denied { open } for path="/proc/uptime" dev="proc" ino=4026531990 scontext=u:r:su_daemon:s0 tcontext=u:object_r:proc:s0 tclass=file permissive=1
07-07 15:19:07.768  2183  2183 I liblib3c.so: type=1400 audit(0.0:1336): avc: denied { use } for path="pipe:[27965]" dev="pipefs" ino=27965 scontext=u:r:su_daemon:s0 tcontext=u:r:untrusted_app:s0:c512,c768 tclass=fd permissive=1
07-07 15:19:07.778  2111  2146 D 3c.processes: Got start times 2023-07-07_15-16 since 3m
07-07 15:19:07.778  2111  2146 D 3c.processes: Got real start times 2023-07-07_15-16 since 3m
07-07 15:19:07.778  2111  2144 D 3c.processes: Got start times 2023-07-07_15-16 since 3m
07-07 15:19:07.778  2111  2144 D 3c.processes: Got real start times 2023-07-07_15-16 since 3m
07-07 15:19:07.779  2111  2144 W 3c.services: Binding to null / ComponentInfo{ccc71.at.free/ccc71.at.services.at_service}
07-07 15:19:07.780  2237  2237 D 3c.app.bm: Received binding from client, creating remote service interface
07-07 15:19:07.830  2111  2111 I zygote  : Deoptimizing android.view.View c.cd2.d(int, android.view.View, android.view.ViewGroup) due to JIT inline cache
07-07 15:19:07.839  2111  2111 D 3c.ui   : Trying to set icons visible in menu
07-07 15:19:07.842  2111  2111 D 3c.ui   : Trying to set icons visible in menu
07-07 15:19:07.884   529   553 I ActivityManager: Displayed ccc71.at.free/ccc71.at.activities.device.at_device_tabs: +155ms
07-07 15:19:07.888  2237  2407 W 3c.app.bm: Cannot find capacity file or matching model in internal DB, using power profile data 1000
07-07 15:19:07.888  2237  2407 W 3c.app.bm: Got battery override capacity: 0
07-07 15:19:07.888  2237  2407 W 3c.app.bm: Got battery user capacity: 1500
07-07 15:19:07.888  2237  2407 W 3c.app.bm: Got battery capacity: 1500
07-07 15:19:07.890  2237  2407 E 3c.settings: Prefs prefskey.watch.id default -1
07-07 15:19:07.890  2237  2407 D 3c.notifications: Got notifications packages: 
07-07 15:19:07.891  2111  2144 D 3c.apps : Total memory: 3074436
07-07 15:19:07.895  2237  2407 D 3c.notifications: Got notifications packages: 
07-07 15:19:07.895  2237  2407 D 3c.notifications: Got notifications packages: 
07-07 15:19:07.895  2237  2407 I 3c.app.bm: NOT Notifying new external battery notifications 0 / 0
07-07 15:19:07.896  2237  2407 W 3c.screen: Registered lib3c_screen_receiver (screen true)
07-07 15:19:07.910  2237  2407 D 3c.app.battery: Loading 0 records between Jul 7, 2023 9:19 AM and Jul 7, 2023 3:19 PM
07-07 15:19:07.911  2237  2237 D 3c.app.bm: at_battery_receiver got intent Intent { act=android.intent.action.BATTERY_CHANGED flg=0x60000010 (has extras) }
07-07 15:19:07.912  2237  2407 I 3c.app.bm: Got initial Intent android.intent.action.BATTERY_CHANGED
07-07 15:19:07.913  2237  2407 W 3c.app.bm: Registered at_battery_receiver
07-07 15:19:07.915  2237  2408 W 3c.app.bm: Update mA 0 at 100% - 0.0C
07-07 15:19:07.915  2237  2408 W 3c.app.bm: Full reset plugged estimation
07-07 15:19:07.919  2237  2408 D 3c.app.bm: at_battery_receiver notify true / false
07-07 15:19:07.919  2237  2237 W 3c.widgets: Total data sources 0 in {}
07-07 15:19:07.933  2111  2111 I 3c.apps : Network stats using API: 0
07-07 15:19:07.928  2183  2183 I liblib3c.so: type=1400 audit(0.0:1337): avc: denied { getattr } for path="/proc/2183/net/dev" dev="proc" ino=4026531977 scontext=u:r:su_daemon:s0 tcontext=u:object_r:proc_net:s0 tclass=file permissive=1
07-07 15:19:07.934  2111  2111 D 3c.apps : New network stats: 159262635 / 312901205 from 115847684
07-07 15:19:07.955  2111  2140 D OpenGLRenderer: endAllActiveAnimators on 0xd0b9e580 (RippleDrawable) with handle 0xe4483850
07-07 15:19:08.255  2111  2409 W 3c.services: Set UI receiving to ccc71.at.refresh.profile on yf1{5028191} (4d9437fa-dea6-49f8-b7b9-046ea0ba7d51 id=0x7f09063c tag=android:switcher:2131297852:2)
07-07 15:19:08.256  2111  2409 W 3c.services: Binding to null / ComponentInfo{ccc71.at.free/lib3c.services.ui_service}
07-07 15:19:08.267  2111  2111 D 3c.ui   : Trying to set icons visible in menu
07-07 15:19:08.651   529   529 W WindowManager: removeWindowToken: Attempted to remove non-existing token: android.os.Binder@cb13cde
07-07 15:19:08.776  2111  2189 D 3c.processes: Got start times 2023-07-07_15-16 since 3m
07-07 15:19:08.776  2111  2189 D 3c.processes: Got real start times 2023-07-07_15-16 since 3m
07-07 15:19:08.777  2111  2111 D 3c.apps : New network stats: 259199 / 20974 from 115847684
07-07 15:19:09.244   529   650 E TaskPersister: File error accessing recents directory (directory doesn't exist?).
07-07 15:19:09.776  2111  2256 D 3c.processes: Got start times 2023-07-07_15-16 since 3m
07-07 15:19:09.776  2111  2256 D 3c.processes: Got real start times 2023-07-07_15-16 since 3m
07-07 15:19:09.780  2111  2111 D 3c.apps : New network stats: 923774 / 36806 from 115847684
07-07 15:19:10.776  2111  2404 D 3c.processes: Got start times 2023-07-07_15-16 since 3m
07-07 15:19:10.777  2111  2404 D 3c.processes: Got real start times 2023-07-07_15-16 since 3m
07-07 15:19:10.781  2111  2111 D 3c.apps : New network stats: 854238 / 18636 from 115847684
07-07 15:19:10.936   220   253 W genymotion_audio: Not supplying enough data to HAL, expected position 1090149 , only wrote 813600
07-07 15:19:11.435  2111  2111 D 3c.ui   : jg1.onHidden()
07-07 15:19:11.436  2237  2250 W 3c.app.bm: UNregistered at_battery_receiver
07-07 15:19:11.436  2237  2250 W 3c.screen: UNregistered lib3c_screen_receiver
07-07 15:19:11.438  2111  2111 W 3c.ui   : Get current page: info
07-07 15:19:11.438  2237  2237 D 3c.app.bm: No more client binded
07-07 15:19:11.442  2111  2143 W 3c.settings: Commiting 1 shared preferences
07-07 15:19:11.445  2111  2146 W 3c.ui.utils: shortcut initialized  / 103 / Main screen
07-07 15:19:11.786  2111  2410 E 3c.services: Remove UI receiving for ccc71.at.refresh.profile
07-07 15:19:11.787  2111  2410 W 3c.services: Binding to null / ComponentInfo{ccc71.at.free/lib3c.services.ui_service}
07-07 15:19:11.792  2111  2116 I zygote  : Do full code cache collection, code=252KB, data=181KB
07-07 15:19:11.792  2111  2116 I zygote  : After code cache collection, code=232KB, data=145KB
07-07 15:19:14.801   529   650 E TaskPersister: File error accessing recents directory (directory doesn't exist?).
07-07 15:19:22.343   529   540 I ActivityManager: Force stopping ccc71.at.free appid=10068 user=0: from pid 2420
07-07 15:19:22.343   529   540 I ActivityManager: Killing 2111:ccc71.at.free:ui/u0a68 (adj 0): stop ccc71.at.free
07-07 15:19:22.343   529   540 W ActivityManager: Force removing ActivityRecord{9b6bebf u0 ccc71.at.free/ccc71.at.activities.easy_tabs.at_easy_tabs t9}: app died, no saved state
07-07 15:19:22.344   529   548 W system_server: kill(-2111, 9) failed: No such process
07-07 15:19:22.345   529   540 I WindowManager: Failed to capture screenshot of Token{7a7998c ActivityRecord{9b6bebf u0 ccc71.at.free/ccc71.at.activities.easy_tabs.at_easy_tabs t9 f}} appWin=Window{9b7c6b7 u0 ccc71.at.free/ccc71.at.activities.easy_tabs.at_easy_tabs} drawState=4
07-07 15:19:22.349   529   540 I ActivityManager: Killing 2237:ccc71.at.free/u0a68 (adj 500): stop ccc71.at.free
07-07 15:19:22.349   529   540 W ActivityManager: Scheduling restart of crashed service ccc71.at.free/lib3c.controls.xposed.lib3c_logcat_service in 1000ms
07-07 15:19:22.351   529   540 I ActivityManager:   Force stopping service ServiceRecord{8ff707d u0 ccc71.at.free/lib3c.controls.xposed.lib3c_logcat_service}
07-07 15:19:22.356   868   868 D CarrierSvcBindHelper: No carrier app for: 0
07-07 15:19:22.365   529   553 W ActivityManager: setHasOverlayUi called on unknown pid: 2111
07-07 15:19:22.388   529   548 W system_server: kill(-2111, 9) failed: No such process
07-07 15:19:22.388   529   548 I system_server: Successfully killed process cgroup uid 10068 pid 2111 in 44ms
07-07 15:19:22.388   529   548 W system_server: kill(-2237, 9) failed: No such process
07-07 15:19:22.433   529   548 W system_server: kill(-2237, 9) failed: No such process
07-07 15:19:22.434   529   548 I system_server: Successfully killed process cgroup uid 10068 pid 2237 in 45ms
07-07 15:19:22.781  2428  2428 D AndroidRuntime: >>>>>> START com.android.internal.os.RuntimeInit uid 0 <<<<<<
07-07 15:19:22.784  2428  2428 W app_process: Could not reserve sentinel fault page
07-07 15:19:22.812  2428  2428 W app_process: Unexpected CPU variant for X86 using defaults: x86
07-07 15:19:22.814  2428  2428 I app_process: The ClassLoaderContext is a special shared library.
07-07 15:19:22.824  2428  2428 D AndroidRuntime: Calling main entry com.android.commands.monkey.Monkey
07-07 15:19:22.825  2428  2428 W Monkey  : args: [-p, ccc71.at.free, -c, android.intent.category.LAUNCHER, 1]
07-07 15:19:22.825  2428  2428 W Monkey  :  arg: "-p"
07-07 15:19:22.825  2428  2428 W Monkey  :  arg: "ccc71.at.free"
07-07 15:19:22.825  2428  2428 W Monkey  :  arg: "-c"
07-07 15:19:22.825  2428  2428 W Monkey  :  arg: "android.intent.category.LAUNCHER"
07-07 15:19:22.825  2428  2428 W Monkey  :  arg: "1"
07-07 15:19:22.825  2428  2428 W Monkey  : data="ccc71.at.free"
07-07 15:19:22.825  2428  2428 W Monkey  : data="android.intent.category.LAUNCHER"
07-07 15:19:22.832   529   546 W BroadcastQueue: Skipping deliver [background] BroadcastRecord{128c27f u-1 android.net.conn.CONNECTIVITY_CHANGE} to ReceiverList{6d7b24c 2428 (unknown name)/0/u-1 remote:28661d9}: process gone or crashing
07-07 15:19:22.835   529  2423 I ActivityManager: START u0 {act=android.intent.action.MAIN cat=[android.intent.category.LAUNCHER] flg=0x10200000 cmp=ccc71.at.free/ccc71.at.at_main_popup} from uid 0
