--------- beginning of main
07-07 15:18:20.124   217   217 I redis   : type=1400 audit(0.0:877): avc: denied { read } for path="socket:[11975]" dev="sockfs" ino=11975 scontext=u:r:redis:s0 tcontext=u:r:redis:s0 tclass=tcp_socket permissive=1
07-07 15:18:20.124   217   217 I redis   : type=1400 audit(0.0:878): avc: denied { write } for path="socket:[11975]" dev="sockfs" ino=11975 scontext=u:r:redis:s0 tcontext=u:r:redis:s0 tclass=tcp_socket permissive=1
07-07 15:18:20.124   485   485 I vinput  : type=1400 audit(0.0:879): avc: denied { read } for path="socket:[15443]" dev="sockfs" ino=15443 scontext=u:r:vinput:s0 tcontext=u:r:vinput:s0 tclass=tcp_socket permissive=1
07-07 15:18:20.208   220   252 W genymotion_audio: Not supplying enough data to HAL, expected position 309044 , only wrote 308880
07-07 15:18:21.403  2111  2140 E eglCodecCommon: goldfish_dma_create_region: could not obtain fd to device! fd -1 errno=2
--------- beginning of system
07-07 15:18:21.403   529   529 W WindowManager: removeWindowToken: Attempted to remove non-existing token: android.os.Binder@8b9889b
07-07 15:18:21.400   529   529 I system_server: type=1400 audit(0.0:880): avc: denied { write } for name="timerslack_ns" dev="proc" ino=27082 scontext=u:r:system_server:s0 tcontext=u:r:untrusted_app:s0:c512,c768 tclass=file permissive=1
07-07 15:18:21.428   529   650 E TaskPersister: File error accessing recents directory (directory doesn't exist?).
07-07 15:18:21.744  2138  2138 I su      : type=1400 audit(0.0:881): avc: denied { dac_override } for capability=1 scontext=u:r:su_daemon:s0 tcontext=u:r:su_daemon:s0 tclass=capability permissive=1
07-07 15:18:21.744  2138  2138 I su      : type=1400 audit(0.0:882): avc: denied { remove_name } for name=".socket2138" dev="tmpfs" ino=26286 scontext=u:r:su_daemon:s0 tcontext=u:object_r:device:s0 tclass=dir permissive=1
07-07 15:18:21.744  2138  2138 I su      : type=1400 audit(0.0:883): avc: denied { unlink } for name=".socket2138" dev="tmpfs" ino=26286 scontext=u:r:su_daemon:s0 tcontext=u:object_r:device:s0 tclass=sock_file permissive=1
07-07 15:18:21.744  2138  2138 I su      : type=1400 audit(0.0:884): avc: denied { setuid } for capability=7 scontext=u:r:su_daemon:s0 tcontext=u:r:su_daemon:s0 tclass=capability permissive=1
07-07 15:18:21.744  2138  2138 I su      : type=1400 audit(0.0:885): avc: denied { setgid } for capability=6 scontext=u:r:su_daemon:s0 tcontext=u:r:su_daemon:s0 tclass=capability permissive=1
07-07 15:18:21.744  2138  2138 I su      : type=1400 audit(0.0:886): avc: denied { execute } for name="sh" dev="sda6" ino=579 scontext=u:r:su_daemon:s0 tcontext=u:object_r:shell_exec:s0 tclass=file permissive=1
07-07 15:18:21.744  2138  2138 I su      : type=1400 audit(0.0:887): avc: denied { read open } for path="/system/bin/sh" dev="sda6" ino=579 scontext=u:r:su_daemon:s0 tcontext=u:object_r:shell_exec:s0 tclass=file permissive=1
07-07 15:18:21.744  2138  2138 I su      : type=1400 audit(0.0:888): avc: denied { execute_no_trans } for path="/system/bin/sh" dev="sda6" ino=579 scontext=u:r:su_daemon:s0 tcontext=u:object_r:shell_exec:s0 tclass=file permissive=1
07-07 15:18:21.744  2182  2182 I su      : type=1400 audit(0.0:889): avc: denied { execute } for name="app_process32" dev="sda6" ino=338 scontext=u:r:su_daemon:s0 tcontext=u:object_r:zygote_exec:s0 tclass=file permissive=1
07-07 15:18:21.744  2182  2182 I su      : type=1400 audit(0.0:890): avc: denied { read open } for path="/system/bin/app_process32" dev="sda6" ino=338 scontext=u:r:su_daemon:s0 tcontext=u:object_r:zygote_exec:s0 tclass=file permissive=1
07-07 15:18:21.744  2138  2138 I sh      : type=1400 audit(0.0:891): avc: denied { getattr } for path="/system/bin/sh" dev="sda6" ino=579 scontext=u:r:su_daemon:s0 tcontext=u:object_r:shell_exec:s0 tclass=file permissive=1
07-07 15:18:21.744  2182  2182 I su      : type=1400 audit(0.0:892): avc: denied { execute_no_trans } for path="/system/bin/app_process32" dev="sda6" ino=338 scontext=u:r:su_daemon:s0 tcontext=u:object_r:zygote_exec:s0 tclass=file permissive=1
07-07 15:18:21.744  2182  2182 I app_process: type=1400 audit(0.0:893): avc: denied { getattr } for path="/system/bin/app_process32" dev="sda6" ino=338 scontext=u:r:su_daemon:s0 tcontext=u:object_r:zygote_exec:s0 tclass=file permissive=1
07-07 15:18:21.744  2138  2138 I sh      : type=1400 audit(0.0:894): avc: denied { use } for path="pipe:[27964]" dev="pipefs" ino=27964 ioctlcmd=5401 scontext=u:r:su_daemon:s0 tcontext=u:r:untrusted_app:s0:c512,c768 tclass=fd permissive=1
07-07 15:18:21.744  2138  2138 I sh      : type=1400 audit(0.0:895): avc: denied { ioctl } for path="pipe:[27964]" dev="pipefs" ino=27964 ioctlcmd=5401 scontext=u:r:su_daemon:s0 tcontext=u:r:untrusted_app:s0:c512,c768 tclass=fifo_file permissive=1
07-07 15:18:21.744  2138  2138 I sh      : type=1400 audit(0.0:896): avc: denied { getattr } for path="pipe:[27964]" dev="pipefs" ino=27964 scontext=u:r:su_daemon:s0 tcontext=u:r:untrusted_app:s0:c512,c768 tclass=fifo_file permissive=1
07-07 15:18:21.744  2138  2138 I sh      : type=1400 audit(0.0:897): avc: denied { getattr } for path="/data/app/ccc71.at.free-T69qXGMfeYinLahOZFBQLg==/lib/x86/liblib3c.so" dev="sdb3" ino=39 scontext=u:r:su_daemon:s0 tcontext=u:object_r:apk_data_file:s0 tclass=file permissive=1
07-07 15:18:21.744  2138  2138 I sh      : type=1400 audit(0.0:898): avc: denied { execute } for name="liblib3c.so" dev="sdb3" ino=39 scontext=u:r:su_daemon:s0 tcontext=u:object_r:apk_data_file:s0 tclass=file permissive=1
07-07 15:18:21.744  2183  2183 I sh      : type=1400 audit(0.0:899): avc: denied { read open } for path="/data/app/ccc71.at.free-T69qXGMfeYinLahOZFBQLg==/lib/x86/liblib3c.so" dev="sdb3" ino=39 scontext=u:r:su_daemon:s0 tcontext=u:object_r:apk_data_file:s0 tclass=file permissive=1
07-07 15:18:21.744  2183  2183 I sh      : type=1400 audit(0.0:900): avc: denied { execute_no_trans } for path="/data/app/ccc71.at.free-T69qXGMfeYinLahOZFBQLg==/lib/x86/liblib3c.so" dev="sdb3" ino=39 scontext=u:r:su_daemon:s0 tcontext=u:object_r:apk_data_file:s0 tclass=file permissive=1
07-07 15:18:21.748  2184  2184 I liblib3c.so: type=1400 audit(0.0:901): avc: denied { read } for name="su" dev="sda6" ino=2766 scontext=u:r:su_daemon:s0 tcontext=u:object_r:su_exec:s0 tclass=file permissive=1
07-07 15:18:21.748  2184  2184 I liblib3c.so: type=1400 audit(0.0:902): avc: denied { open } for path="/system/xbin/su" dev="sda6" ino=2766 scontext=u:r:su_daemon:s0 tcontext=u:object_r:su_exec:s0 tclass=file permissive=1
07-07 15:18:21.748  2184  2184 I liblib3c.so: type=1400 audit(0.0:903): avc: denied { getattr } for path="/system/xbin/su" dev="sda6" ino=2766 scontext=u:r:su_daemon:s0 tcontext=u:object_r:su_exec:s0 tclass=file permissive=1
07-07 15:18:21.748  2184  2184 I liblib3c.so: type=1400 audit(0.0:904): avc: denied { execute } for name="su" dev="sda6" ino=2766 scontext=u:r:su_daemon:s0 tcontext=u:object_r:su_exec:s0 tclass=file permissive=1
07-07 15:18:21.748  2184  2184 I liblib3c.so: type=1400 audit(0.0:905): avc: denied { execute_no_trans } for path="/system/xbin/su" dev="sda6" ino=2766 scontext=u:r:su_daemon:s0 tcontext=u:object_r:su_exec:s0 tclass=file permissive=1
07-07 15:18:21.756  2111  2128 W 3c.lib  : Got root access, resetting attempts
07-07 15:18:21.756  2111  2144 W zygote  : Long monitor contention with owner Thread-2 (2128) at java.util.ArrayList lib3c.lib3c.runmulti(java.lang.String)(:-2) waiters=0 in boolean lib3c.lib3c.B() for 3.762s
07-07 15:18:21.756  2111  2128 W 3c.app.tb: Removing shortcut Freeze: no log permission
07-07 15:18:21.756  2111  2146 W zygote  : Long monitor contention with owner Thread-2 (2128) at java.util.ArrayList lib3c.lib3c.runmulti(java.lang.String)(:-2) waiters=1 in boolean lib3c.lib3c.B() for 3.762s
07-07 15:18:21.756  2111  2143 W zygote  : Long monitor contention with owner Thread-2 (2128) at java.util.ArrayList lib3c.lib3c.runmulti(java.lang.String)(:-2) waiters=2 in boolean lib3c.lib3c.B() for 3.744s
07-07 15:18:21.757  2111  2144 W 3c.app.tb: Removing shortcut Freeze: no log permission
07-07 15:18:21.757  2111  2128 W 3c.app.tb: Removing shortcut Backup: no log permission
07-07 15:18:21.757  2111  2146 W 3c.app.tb: Removing shortcut Freeze: no log permission
07-07 15:18:21.757  2111  2146 W 3c.app.tb: Removing shortcut Backup: no log permission
07-07 15:18:21.757  2111  2128 W 3c.app.tb: Removing shortcut Restore: no log permission
07-07 15:18:21.757  2111  2146 W 3c.app.tb: Removing shortcut Restore: no log permission
07-07 15:18:21.757  2111  2144 W 3c.app.tb: Removing shortcut Backup: no log permission
07-07 15:18:21.757  2111  2128 W 3c.app.tb: Removing shortcut Force-stop: no log permission
07-07 15:18:21.757  2111  2144 W 3c.app.tb: Removing shortcut Restore: no log permission
07-07 15:18:21.757  2111  2146 W 3c.app.tb: Removing shortcut Force-stop: no log permission
07-07 15:18:21.757  2111  2146 W 3c.app.tb: Removing shortcut Kill: no log permission
07-07 15:18:21.757  2111  2128 W 3c.app.tb: Removing shortcut Kill: no log permission
07-07 15:18:21.758  2111  2144 W 3c.app.tb: Removing shortcut Force-stop: no log permission
07-07 15:18:21.758  2111  2128 W 3c.app.tb: Removing shortcut Crystallize: no log permission
07-07 15:18:21.758  2111  2128 W 3c.app.tb: Removing shortcut Freeze: no log permission
07-07 15:18:21.758  2111  2144 W 3c.app.tb: Removing shortcut Kill: no log permission
07-07 15:18:21.758  2111  2128 W 3c.app.tb: Removing shortcut Unfreeze: no log permission
07-07 15:18:21.758  2111  2144 W 3c.app.tb: Removing shortcut Crystallize: no log permission
07-07 15:18:21.758  2111  2146 W 3c.app.tb: Removing shortcut Crystallize: no log permission
07-07 15:18:21.758  2111  2143 D 3c.app.tb: Disabling clear cache accessibility service
07-07 15:18:21.758  2111  2128 W 3c.app.tb: Removing shortcut Backup: no log permission
07-07 15:18:21.758  2111  2146 W 3c.app.tb: Removing shortcut Freeze: no log permission
07-07 15:18:21.758   529   540 D PackageManager: Ephemeral installer not found with new action; try old one
07-07 15:18:21.758   529   540 D PackageManager: Clear ephemeral installer activity
07-07 15:18:21.758  2111  2128 W 3c.app.tb: Removing shortcut Restore: no log permission
07-07 15:18:21.758  2111  2143 D 3c.app.tb: Disabling clear cache service
07-07 15:18:21.758  2111  2144 W 3c.app.tb: Removing shortcut Freeze: no log permission
07-07 15:18:21.758   529   795 D PackageManager: Ephemeral installer not found with new action; try old one
07-07 15:18:21.758   529   795 D PackageManager: Clear ephemeral installer activity
07-07 15:18:21.758  2111  2146 W 3c.app.tb: Removing shortcut Unfreeze: no log permission
07-07 15:18:21.758  2111  2144 W 3c.app.tb: Removing shortcut Unfreeze: no log permission
07-07 15:18:21.758  2111  2146 W 3c.app.tb: Removing shortcut Backup: no log permission
07-07 15:18:21.758  2111  2144 W 3c.app.tb: Removing shortcut Backup: no log permission
07-07 15:18:21.758  2111  2143 D 3c.app.tb: Disabling backup accessibility service
07-07 15:18:21.759  2111  2146 W 3c.app.tb: Removing shortcut Restore: no log permission
07-07 15:18:21.759   529   540 D PackageManager: Ephemeral installer not found with new action; try old one
07-07 15:18:21.759   529   540 D PackageManager: Clear ephemeral installer activity
07-07 15:18:21.760  2111  2144 W 3c.app.tb: Removing shortcut Restore: no log permission
07-07 15:18:21.756  2186  2186 I liblib3c.so: type=1400 audit(0.0:906): avc: denied { execute_no_trans } for path="/system/bin/pm" dev="sda6" ino=539 scontext=u:r:su_daemon:s0 tcontext=u:object_r:system_file:s0 tclass=file permissive=1
07-07 15:18:21.760   529   529 I Binder:529_6: type=1400 audit(0.0:907): avc: denied { write } for name="timerslack_ns" dev="proc" ino=28010 scontext=u:r:system_server:s0 tcontext=u:r:system_app:s0 tclass=file permissive=1
07-07 15:18:21.773  2111  2189 W 3c.ui.utils: shortcut initialized  / 0 / empty
07-07 15:18:21.773  2111  2189 W 3c.ui.utils: Loading language into shortcuts initializer
07-07 15:18:21.773  2111  2189 W 3c.ui.utils: Loaded language into shortcuts initializer: en_US
07-07 15:18:21.782  2111  2189 W 3c.app.tb: Removing shortcut Profile: no log permission
07-07 15:18:21.851  2158  2176 E eglCodecCommon: goldfish_dma_create_region: could not obtain fd to device! fd -1 errno=2
07-07 15:18:21.867   482   482 E EGL_emulation: tid 482: eglCreateSyncKHR(2094): error 0x3004 (EGL_BAD_ATTRIBUTE)
07-07 15:18:21.869  2186  2186 D AndroidRuntime: >>>>>> START com.android.internal.os.RuntimeInit uid 0 <<<<<<
07-07 15:18:21.871  2182  2182 D AndroidRuntime: >>>>>> START com.android.internal.os.RuntimeInit uid 0 <<<<<<
07-07 15:18:21.868  2186  2186 I app_process: type=1400 audit(0.0:908): avc: denied { read } for name="system@framework@boot.vdex" dev="sdb3" ino=105876 scontext=u:r:su_daemon:s0 tcontext=u:object_r:dalvikcache_data_file:s0 tclass=lnk_file permissive=1
07-07 15:18:21.868  2186  2186 I app_process: type=1400 audit(0.0:909): avc: denied { getattr } for path="/data/dalvik-cache/x86/system@framework@boot.oat" dev="sdb3" ino=105875 scontext=u:r:su_daemon:s0 tcontext=u:object_r:dalvikcache_data_file:s0 tclass=lnk_file permissive=1
07-07 15:18:21.873  2182  2182 W /system/bin/app_process: Could not reserve sentinel fault page
07-07 15:18:21.904  2182  2182 W /system/bin/app_process: Unexpected CPU variant for X86 using defaults: x86
07-07 15:18:21.904  2186  2186 W app_process: Unexpected CPU variant for X86 using defaults: x86
07-07 15:18:21.900  2186  2186 I main    : type=1400 audit(0.0:910): avc: denied { execute } for path="/dev/ashmem" dev="tmpfs" ino=8231 scontext=u:r:su_daemon:s0 tcontext=u:object_r:ashmem_device:s0 tclass=chr_file permissive=1
07-07 15:18:21.900  2182  2182 I main    : type=1400 audit(0.0:911): avc: denied { execute } for path="/dev/ashmem" dev="tmpfs" ino=8231 scontext=u:r:su_daemon:s0 tcontext=u:object_r:ashmem_device:s0 tclass=chr_file permissive=1
07-07 15:18:21.905  2182  2182 I /system/bin/app_process: The ClassLoaderContext is a special shared library.
07-07 15:18:21.906  2186  2186 I app_process: The ClassLoaderContext is a special shared library.
07-07 15:18:21.919  2182  2182 D AndroidRuntime: Calling main entry com.android.commands.am.Am
07-07 15:18:21.916   168   168 I servicemanager: type=1400 audit(0.0:912): avc: denied { getattr } for scontext=u:r:servicemanager:s0 tcontext=u:r:su_daemon:s0 tclass=process permissive=1
07-07 15:18:21.920  2186  2186 D AndroidRuntime: Calling main entry com.android.commands.pm.Pm
07-07 15:18:21.916  2182  2182 I main    : type=1400 audit(0.0:913): avc: denied { call } for scontext=u:r:su_daemon:s0 tcontext=u:r:system_server:s0 tclass=binder permissive=1
07-07 15:18:21.916  2182  2182 I main    : type=1400 audit(0.0:914): avc: denied { transfer } for scontext=u:r:su_daemon:s0 tcontext=u:r:system_server:s0 tclass=binder permissive=1
07-07 15:18:21.921   168   168 E SELinux : avc:  denied  { find } for service=account pid=2186 uid=0 scontext=u:r:su_daemon:s0 tcontext=u:object_r:account_service:s0 tclass=service_manager permissive=1
07-07 15:18:21.921   168   168 E SELinux : avc:  denied  { find } for service=user pid=2186 uid=0 scontext=u:r:su_daemon:s0 tcontext=u:object_r:user_service:s0 tclass=service_manager permissive=1
07-07 15:18:21.916   529   529 I Binder:529_6: type=1400 audit(0.0:915): avc: denied { transfer } for scontext=u:r:system_server:s0 tcontext=u:r:su_daemon:s0 tclass=binder permissive=1
07-07 15:18:21.922  2186  2186 I app_process: System.exit called, status: 0
07-07 15:18:21.922  2186  2186 I AndroidRuntime: VM exiting with result code 0.
07-07 15:18:21.931  2111  2189 W 3c.app.tb: Removing shortcut Freeze: no log permission
07-07 15:18:21.932  2111  2128 W 3c.app.tb: Removing shortcut Usage: API != 22
07-07 15:18:21.932  2111  2189 W 3c.app.tb: Removing shortcut Backup: no log permission
07-07 15:18:21.932  2111  2144 W 3c.app.tb: Removing shortcut Usage: API != 22
07-07 15:18:21.933  2111  2146 W 3c.app.tb: Removing shortcut Usage: API != 22
07-07 15:18:21.933  2111  2128 W 3c.app.tb: Removing shortcut Optimization: API != 23
07-07 15:18:21.939  2111  2189 W 3c.app.tb: Removing shortcut Restore: no log permission
07-07 15:18:21.941  2111  2146 W 3c.app.tb: Removing shortcut Optimization: API != 23
07-07 15:18:21.942  2111  2144 W 3c.app.tb: Removing shortcut Optimization: API != 23
07-07 15:18:21.940   529   529 I Binder:529_E: type=1400 audit(0.0:916): avc: denied { call } for scontext=u:r:system_server:s0 tcontext=u:r:su_daemon:s0 tclass=binder permissive=1
07-07 15:18:21.945  2182  2182 D AndroidRuntime: Shutting down VM
07-07 15:18:21.948  1656  2210 D OpenGLRenderer: Skia GL Pipeline
07-07 15:18:21.957  1656  2210 D libEGL  : Emulator has host GPU support, qemu.gles is set to 1.
07-07 15:18:21.957  1656  2210 D vndksupport: Loading /vendor/lib/egl/libGLES_emulation.so from current namespace instead of sphal namespace.
07-07 15:18:21.958  1656  2210 E libEGL  : load_driver(/vendor/lib/egl/libGLES_emulation.so): dlopen failed: library "/vendor/lib/egl/libGLES_emulation.so" not found
07-07 15:18:21.958  1656  2210 D vndksupport: Loading /vendor/lib/egl/libEGL_emulation.so from current namespace instead of sphal namespace.
07-07 15:18:21.960  1656  2210 D libEGL  : loaded /vendor/lib/egl/libEGL_emulation.so
07-07 15:18:21.961  1656  2210 D vndksupport: Loading /vendor/lib/egl/libGLESv1_CM_emulation.so from current namespace instead of sphal namespace.
07-07 15:18:21.961  1656  2210 D libEGL  : loaded /vendor/lib/egl/libGLESv1_CM_emulation.so
07-07 15:18:21.968  1656  2210 D vndksupport: Loading /vendor/lib/egl/libGLESv2_emulation.so from current namespace instead of sphal namespace.
07-07 15:18:21.968  1656  2210 D libEGL  : loaded /vendor/lib/egl/libGLESv2_emulation.so
07-07 15:18:21.976  1656  2210 D         : HostConnection::get() New Host Connection established 0xe44a43c0, pid 1656, tid 2210
07-07 15:18:21.977   461  2211 D local_opengl: Sending id 24 to host
07-07 15:18:21.977  1656  2210 D         : HostComposition ext ANDROID_EMU_host_composition_v1 ANDROID_EMU_host_composition_v2 ANDROID_EMU_async_unmap_buffer ANDROID_EMU_sync_buffer_data GL_OES_EGL_image_external_essl3 GL_OES_vertex_array_object GL_KHR_texture_compression_astc_ldr ANDROID_EMU_host_side_tracing ANDROID_EMU_async_frame_commands ANDROID_EMU_gles_max_version_3_1 
07-07 15:18:21.977  1656  2210 W         : Process pipe failed
07-07 15:18:21.979  1656  2210 I com.genymotion.superuser: android::hardware::configstore::V1_0::ISurfaceFlingerConfigs::hasWideColorDisplay retrieved: 0
07-07 15:18:21.979  1656  2210 I OpenGLRenderer: Initialized EGL, version 1.4
07-07 15:18:21.979  1656  2210 D OpenGLRenderer: Swap behavior 1
07-07 15:18:21.979  1656  2210 W OpenGLRenderer: Failed to choose config with EGL_SWAP_BEHAVIOR_PRESERVED, retrying without...
07-07 15:18:21.979  1656  2210 D OpenGLRenderer: Swap behavior 0
07-07 15:18:21.980  1656  2210 D EGL_emulation: eglCreateContext: 0xe4485480: maj 3 min 1 rcv 4
07-07 15:18:21.995  1656  2210 E eglCodecCommon: glUtilsParamSize: unknow param 0x00008f38
07-07 15:18:21.996  1656  2210 E eglCodecCommon: glUtilsParamSize: unknow param 0x00008f38
07-07 15:18:21.996  1656  2210 E eglCodecCommon: glUtilsParamSize: unknow param 0x000090ca
07-07 15:18:21.996  1656  2210 E eglCodecCommon: glUtilsParamSize: unknow param 0x000090ca
07-07 15:18:21.997  1656  2210 E eglCodecCommon: glUtilsParamSize: unknow param 0x000090ce
07-07 15:18:21.997  1656  2210 E eglCodecCommon: glUtilsParamSize: unknow param 0x000090ce
07-07 15:18:21.997  1656  2210 E eglCodecCommon: glUtilsParamSize: unknow param 0x000090cf
07-07 15:18:21.997  1656  2210 E eglCodecCommon: glUtilsParamSize: unknow param 0x000090cf
07-07 15:18:21.999  1656  2210 D vndksupport: Loading /vendor/lib/hw/android.hardware.graphics.mapper@2.0-impl.so from current namespace instead of sphal namespace.
07-07 15:18:22.000  1656  2210 D vndksupport: Loading /vendor/lib/hw/gralloc.vbox86.so from current namespace instead of sphal namespace.
07-07 15:18:22.000  1656  2210 D         : createUnique: call
07-07 15:18:22.001  1656  2210 D         : HostConnection::get() New Host Connection established 0xe44a42d0, pid 1656, tid 2210
07-07 15:18:22.001   461  2213 D local_opengl: Sending id 25 to host
07-07 15:18:22.001  1656  2210 D         : HostComposition ext ANDROID_EMU_host_composition_v1 ANDROID_EMU_host_composition_v2 ANDROID_EMU_async_unmap_buffer ANDROID_EMU_sync_buffer_data GL_OES_EGL_image_external_essl3 GL_OES_vertex_array_object GL_KHR_texture_compression_astc_ldr ANDROID_EMU_host_side_tracing ANDROID_EMU_async_frame_commands ANDROID_EMU_gles_max_version_3_1 
07-07 15:18:22.002  1656  2210 E eglCodecCommon: goldfish_dma_create_region: could not obtain fd to device! fd -1 errno=2
07-07 15:18:22.052  2209  2209 D AndroidRuntime: >>>>>> START com.android.internal.os.RuntimeInit uid 0 <<<<<<
07-07 15:18:22.086  2209  2209 W app_process: Unexpected CPU variant for X86 using defaults: x86
07-07 15:18:22.088  2209  2209 I app_process: The ClassLoaderContext is a special shared library.
07-07 15:18:22.098  2209  2209 D AndroidRuntime: Calling main entry com.android.commands.pm.Pm
07-07 15:18:22.099  2209  2209 I app_process: System.exit called, status: 0
07-07 15:18:22.099  2209  2209 I AndroidRuntime: VM exiting with result code 0.
07-07 15:18:22.106  2111  2128 W zygote  : Long monitor contention with owner lib3c_task #2 (2143) at java.util.ArrayList lib3c.lib3c.runmulti(java.lang.String)(:-2) waiters=1 in boolean lib3c.lib3c.B() for 167ms
07-07 15:18:22.107  2111  2144 W zygote  : Long monitor contention with owner lib3c_task #2 (2143) at java.util.ArrayList lib3c.lib3c.runmulti(java.lang.String)(:-2) waiters=3 in boolean lib3c.lib3c.B() for 164ms
07-07 15:18:22.107  2111  2189 W 3c.app.tb: Removing shortcut Force-stop: no log permission
07-07 15:18:22.108  2111  2189 W 3c.app.tb: Removing shortcut Kill: no log permission
07-07 15:18:22.115  2111  2128 W 3c.app.tb: Removing shortcut Graphics: API != 23
07-07 15:18:22.115  2111  2128 W 3c.app.tb: Removing shortcut Wi-Fi AP: API < 23
07-07 15:18:22.115  2111  2146 W 3c.app.tb: Removing shortcut Graphics: API != 23
07-07 15:18:22.116  2111  2146 W 3c.app.tb: Removing shortcut Wi-Fi AP: API < 23
07-07 15:18:22.211  2223  2223 D AndroidRuntime: >>>>>> START com.android.internal.os.RuntimeInit uid 0 <<<<<<
07-07 15:18:22.245  2223  2223 W app_process: Unexpected CPU variant for X86 using defaults: x86
07-07 15:18:22.246  2223  2223 I app_process: The ClassLoaderContext is a special shared library.
07-07 15:18:22.257  2223  2223 D AndroidRuntime: Calling main entry com.android.commands.pm.Pm
07-07 15:18:22.258  2223  2223 I app_process: System.exit called, status: 0
07-07 15:18:22.258  2223  2223 I AndroidRuntime: VM exiting with result code 0.
07-07 15:18:22.264  2111  2146 W zygote  : Long monitor contention with owner lib3c_task #2 (2143) at java.util.ArrayList lib3c.lib3c.runmulti(java.lang.String)(:-2) waiters=3 in boolean lib3c.lib3c.B() for 148ms
07-07 15:18:22.264  2111  2143 D 3c.app.tb: Disabling force stop accessibility service
07-07 15:18:22.265   529  1829 D PackageManager: Ephemeral installer not found with new action; try old one
07-07 15:18:22.265   529  1829 D PackageManager: Clear ephemeral installer activity
07-07 15:18:22.265  2111  2143 D 3c.app.tb: Disabling force stop service
07-07 15:18:22.266   529  1829 D PackageManager: Ephemeral installer not found with new action; try old one
07-07 15:18:22.266   529  1829 D PackageManager: Clear ephemeral installer activity
07-07 15:18:22.266  2111  2143 D 3c.lib  : Installing ZIP file widgets.zip
07-07 15:18:22.267  2111  2143 W 3c.files: Is external SD secure:false
07-07 15:18:22.268  2111  2143 I 3c.files: Extracting ZIP file /data/user/0/ccc71.at.free/widgets.zip from c.ka2@a91d200 to /storage/emulated/0/Android/data/ccc71.at.free (notifying on null)
07-07 15:18:22.269  2111  2143 I 3c.files: Possibly extracting file widgets/Widget_1x1_battery to /storage/emulated/0/Android/data/ccc71.at.free/widgets/Widget_1x1_battery
07-07 15:18:22.270  2111  2143 I 3c.files: Adding extracted size 93 = 93 vs 10064
07-07 15:18:22.270  2111  2143 I 3c.files: Possibly extracting file widgets/Widget_1x1_battery_text to /storage/emulated/0/Android/data/ccc71.at.free/widgets/Widget_1x1_battery_text
07-07 15:18:22.270  2111  2143 I 3c.files: Adding extracted size 94 = 187 vs 10064
07-07 15:18:22.270  2111  2143 I 3c.files: Possibly extracting file widgets/Widget_1x1_cpu to /storage/emulated/0/Android/data/ccc71.at.free/widgets/Widget_1x1_cpu
07-07 15:18:22.270  2111  2143 I 3c.files: Adding extracted size 91 = 278 vs 10064
07-07 15:18:22.270  2111  2143 I 3c.files: Possibly extracting file widgets/Widget_1x1_cpu_big to /storage/emulated/0/Android/data/ccc71.at.free/widgets/Widget_1x1_cpu_big
07-07 15:18:22.270  2111  2143 I 3c.files: Adding extracted size 96 = 374 vs 10064
07-07 15:18:22.270  2111  2143 I 3c.files: Possibly extracting file widgets/Widget_1x1_cpu_text to /storage/emulated/0/Android/data/ccc71.at.free/widgets/Widget_1x1_cpu_text
07-07 15:18:22.270  2111  2143 I 3c.files: Adding extracted size 90 = 464 vs 10064
07-07 15:18:22.270  2111  2143 I 3c.files: Possibly extracting file widgets/Widget_1x1_network to /storage/emulated/0/Android/data/ccc71.at.free/widgets/Widget_1x1_network
07-07 15:18:22.270  2111  2143 I 3c.files: Adding extracted size 96 = 560 vs 10064
07-07 15:18:22.270  2111  2143 I 3c.files: Possibly extracting file widgets/Widget_1x1_on-battery_big to /storage/emulated/0/Android/data/ccc71.at.free/widgets/Widget_1x1_on-battery_big
07-07 15:18:22.274  2111  2143 I 3c.files: Adding extracted size 101 = 661 vs 10064
07-07 15:18:22.274  2111  2143 I 3c.files: Possibly extracting file widgets/Widget_1x1_screen-on_big to /storage/emulated/0/Android/data/ccc71.at.free/widgets/Widget_1x1_screen-on_big
07-07 15:18:22.274  2111  2128 W 3c.app.tb: Removing shortcut GPU: no GPU
07-07 15:18:22.274  2111  2143 I 3c.files: Adding extracted size 96 = 757 vs 10064
07-07 15:18:22.274  2111  2143 I 3c.files: Possibly extracting file widgets/Widget_2x1_battery to /storage/emulated/0/Android/data/ccc71.at.free/widgets/Widget_2x1_battery
07-07 15:18:22.274  2111  2189 W 3c.app.tb: Removing shortcut Usage: API != 22
07-07 15:18:22.274  2111  2189 W 3c.app.tb: Removing shortcut Optimization: API != 23
07-07 15:18:22.275  2111  2143 I 3c.files: Adding extracted size 97 = 854 vs 10064
07-07 15:18:22.275  2111  2143 I 3c.files: Possibly extracting file widgets/Widget_2x1_cpu to /storage/emulated/0/Android/data/ccc71.at.free/widgets/Widget_2x1_cpu
07-07 15:18:22.275  2111  2128 W 3c.app.tb: Removing shortcut Times: no TIMES
07-07 15:18:22.275  2111  2128 D 3c.control: max_cpu Read valid core for max cpu
07-07 15:18:22.275  2111  2143 I 3c.files: Adding extracted size 92 = 946 vs 10064
07-07 15:18:22.275  2111  2143 I 3c.files: Possibly extracting file widgets/Widget_2x1_network to /storage/emulated/0/Android/data/ccc71.at.free/widgets/Widget_2x1_network
07-07 15:18:22.275  2111  2128 D 3c.control: max_cpu Read valid core: 0-3
07-07 15:18:22.275  2111  2128 D 3c.control: max_cpu Read single core: 0 from 0
07-07 15:18:22.275  2111  2128 D 3c.control: max_cpu Read single core: 3 from 3
07-07 15:18:22.275  2111  2128 W 3c.app.tb: Removing shortcut Voltage: no VOLTAGE
07-07 15:18:22.275  2111  2143 I 3c.files: Adding extracted size 100 = 1046 vs 10064
07-07 15:18:22.275  2111  2143 I 3c.files: Possibly extracting file widgets/Widget_Graph_battery-dark to /storage/emulated/0/Android/data/ccc71.at.free/widgets/Widget_Graph_battery-dark
07-07 15:18:22.276  2111  2128 W 3c.app.tb: Removing shortcut Thermal: no THERMAL
07-07 15:18:22.276  2111  2128 W 3c.app.tb: Removing shortcut MPDecision: no MP
07-07 15:18:22.276  2111  2143 I 3c.files: Adding extracted size 101 = 1147 vs 10064
07-07 15:18:22.276  2111  2143 I 3c.files: Possibly extracting file widgets/Widget_Graph_battery-light to /storage/emulated/0/Android/data/ccc71.at.free/widgets/Widget_Graph_battery-light
07-07 15:18:22.277  2111  2143 I 3c.files: Adding extracted size 98 = 1245 vs 10064
07-07 15:18:22.277  2111  2143 I 3c.files: Possibly extracting file widgets/Widget_Graph_cpu-dark to /storage/emulated/0/Android/data/ccc71.at.free/widgets/Widget_Graph_cpu-dark
07-07 15:18:22.279  2111  2128 D 3c.control: Checking availability: /sys/devices/platform/mipi_lgit.1537/kgamma_r
07-07 15:18:22.279  2111  2128 D 3c.control: Checking availability: /sys/devices/platform/mipi_lgit.1537/kgamma_g
07-07 15:18:22.279  2111  2128 D 3c.control: Checking availability: /sys/devices/platform/mipi_lgit.1537/kgamma_b
07-07 15:18:22.279  2111  2128 D 3c.control: Checking availability: /sys/devices/platform/mipi_lgit.1537/kgamma_ctrl
07-07 15:18:22.279  2111  2128 D 3c.control: Checking availability: /sys/devices/platform/kcal_ctrl.0/kcal
07-07 15:18:22.279  2111  2128 D 3c.control: Checking availability: /sys/devices/platform/kcal_ctrl.0/kcal_ctrl
07-07 15:18:22.279  2111  2128 D 3c.control: Checking availability: /sys/devices/platform/mipi_lgit.1537/refresh_screen
07-07 15:18:22.279  2111  2128 D 3c.control: Checking availability: /sys/class/misc/colorcontrol/multiplier_disabled
07-07 15:18:22.279  2111  2128 W 3c.app.tb: Removing shortcut Gamma: no GAMMA
07-07 15:18:22.280  2111  2128 D 3c.control: Checking availability: /sys/kernel/sound_control/cam_mic_gain
07-07 15:18:22.280  2111  2128 D 3c.control: Checking availability: /sys/kernel/sound_control/headphone_gain
07-07 15:18:22.280  2111  2128 D 3c.control: Checking availability: /sys/kernel/sound_control/mic_gain
07-07 15:18:22.280  2111  2128 D 3c.control: Checking availability: /sys/kernel/sound_control/speaker_gain
07-07 15:18:22.280  2111  2128 D 3c.control: Checking availability: /sys/kernel/sound_control/gpl_sound_control_locked
07-07 15:18:22.280  2111  2128 W 3c.app.tb: Removing shortcut Sound: no SOUND
07-07 15:18:22.281  2111  2143 I 3c.files: Adding extracted size 100 = 1345 vs 10064
07-07 15:18:22.281  2111  2143 I 3c.files: Possibly extracting file widgets/Widget_Graph_cpu-light to /storage/emulated/0/Android/data/ccc71.at.free/widgets/Widget_Graph_cpu-light
07-07 15:18:22.282  2111  2143 I 3c.files: Adding extracted size 96 = 1441 vs 10064
07-07 15:18:22.282  2111  2143 I 3c.files: Possibly extracting file widgets/Widget_Graph_memory-dark to /storage/emulated/0/Android/data/ccc71.at.free/widgets/Widget_Graph_memory-dark
07-07 15:18:22.282  2111  2143 I 3c.files: Adding extracted size 100 = 1541 vs 10064
07-07 15:18:22.282  2111  2143 I 3c.files: Possibly extracting file widgets/Widget_Graph_memory-light to /storage/emulated/0/Android/data/ccc71.at.free/widgets/Widget_Graph_memory-light
07-07 15:18:22.282  2111  2143 I 3c.files: Adding extracted size 101 = 1642 vs 10064
07-07 15:18:22.282  2111  2143 I 3c.files: Possibly extracting file widgets/Widget_Graph_network-dark to /storage/emulated/0/Android/data/ccc71.at.free/widgets/Widget_Graph_network-dark
07-07 15:18:22.283  2111  2143 I 3c.files: Adding extracted size 101 = 1743 vs 10064
07-07 15:18:22.283  2111  2143 I 3c.files: Possibly extracting file widgets/Widget_Graph_network-light to /storage/emulated/0/Android/data/ccc71.at.free/widgets/Widget_Graph_network-light
07-07 15:18:22.283  2111  2143 I 3c.files: Adding extracted size 102 = 1845 vs 10064
07-07 15:18:22.283  2111  2143 I 3c.files: Possibly extracting file widgets/Widget_Graph_temperatures-dark to /storage/emulated/0/Android/data/ccc71.at.free/widgets/Widget_Graph_temperatures-dark
07-07 15:18:22.283  2111  2128 W 3c.ui.utils: Done initializing shortcuts
07-07 15:18:22.283  2111  2143 I 3c.files: Adding extracted size 106 = 1951 vs 10064
07-07 15:18:22.283  2111  2143 I 3c.files: Possibly extracting file widgets/Widget_Graph_temperatures-light to /storage/emulated/0/Android/data/ccc71.at.free/widgets/Widget_Graph_temperatures-light
07-07 15:18:22.284  2111  2143 I 3c.files: Adding extracted size 106 = 2057 vs 10064
07-07 15:18:22.284  2111  2143 I 3c.files: Possibly extracting file widgets/Widget_Single_battery to /storage/emulated/0/Android/data/ccc71.at.free/widgets/Widget_Single_battery
07-07 15:18:22.285  2111  2143 I 3c.files: Adding extracted size 85 = 2142 vs 10064
07-07 15:18:22.285  2111  2143 I 3c.files: Possibly extracting file widgets/Widget_Single_battery_temp to /storage/emulated/0/Android/data/ccc71.at.free/widgets/Widget_Single_battery_temp
07-07 15:18:22.285  2111  2143 I 3c.files: Adding extracted size 85 = 2227 vs 10064
07-07 15:18:22.285  2111  2143 I 3c.files: Possibly extracting file widgets/Widget_Single_cpu to /storage/emulated/0/Android/data/ccc71.at.free/widgets/Widget_Single_cpu
07-07 15:18:22.285  2111  2143 I 3c.files: Adding extracted size 83 = 2310 vs 10064
07-07 15:18:22.285  2111  2143 I 3c.files: Possibly extracting file widgets/Widget_Single_cpu_temp to /storage/emulated/0/Android/data/ccc71.at.free/widgets/Widget_Single_cpu_temp
07-07 15:18:22.285  2111  2146 W 3c.app.tb: Removing shortcut GPU: no GPU
07-07 15:18:22.285  2111  2146 W 3c.app.tb: Removing shortcut Times: no TIMES
07-07 15:18:22.285  2111  2146 W 3c.app.tb: Removing shortcut Voltage: no VOLTAGE
07-07 15:18:22.285  2111  2146 W 3c.app.tb: Removing shortcut Thermal: no THERMAL
07-07 15:18:22.285  2111  2146 W 3c.app.tb: Removing shortcut MPDecision: no MP
07-07 15:18:22.285  2111  2143 I 3c.files: Adding extracted size 84 = 2394 vs 10064
07-07 15:18:22.285  2111  2143 I 3c.files: Possibly extracting file widgets/Widget_Summary_blue to /storage/emulated/0/Android/data/ccc71.at.free/widgets/Widget_Summary_blue
07-07 15:18:22.286  2111  2143 I 3c.files: Adding extracted size 94 = 2488 vs 10064
07-07 15:18:22.286  2111  2143 I 3c.files: Possibly extracting file widgets/Widget_Summary_green to /storage/emulated/0/Android/data/ccc71.at.free/widgets/Widget_Summary_green
07-07 15:18:22.286  2111  2143 I 3c.files: Adding extracted size 96 = 2584 vs 10064
07-07 15:18:22.286  2111  2143 I 3c.files: Possibly extracting file widgets/Widget_Summary_orange to /storage/emulated/0/Android/data/ccc71.at.free/widgets/Widget_Summary_orange
07-07 15:18:22.286  2111  2143 I 3c.files: Adding extracted size 90 = 2674 vs 10064
07-07 15:18:22.286  2111  2143 I 3c.files: Possibly extracting file widgets/Widget_Summary_red to /storage/emulated/0/Android/data/ccc71.at.free/widgets/Widget_Summary_red
07-07 15:18:22.286  2111  2146 W 3c.app.tb: Removing shortcut Gamma: no GAMMA
07-07 15:18:22.287  2111  2143 I 3c.files: Adding extracted size 91 = 2765 vs 10064
07-07 15:18:22.287  2111  2143 I 3c.files: Possibly extracting file widgets/Widget_T4X1_basic to /storage/emulated/0/Android/data/ccc71.at.free/widgets/Widget_T4X1_basic
07-07 15:18:22.287  2111  2143 I 3c.files: Adding extracted size 119 = 2884 vs 10064
07-07 15:18:22.287  2111  2143 I 3c.files: Possibly extracting file widgets/Widget_T4X1_extras to /storage/emulated/0/Android/data/ccc71.at.free/widgets/Widget_T4X1_extras
07-07 15:18:22.288  2111  2143 I 3c.files: Adding extracted size 129 = 3013 vs 10064
07-07 15:18:22.288  2111  2143 I 3c.files: Possibly extracting file widgets/Widget_T4X1_full_row to /storage/emulated/0/Android/data/ccc71.at.free/widgets/Widget_T4X1_full_row
07-07 15:18:22.289  2111  2143 I 3c.files: Adding extracted size 149 = 3162 vs 10064
07-07 15:18:22.289  2111  2143 I 3c.files: Possibly extracting file widgets/Widget_T4X1_mixed to /storage/emulated/0/Android/data/ccc71.at.free/widgets/Widget_T4X1_mixed
07-07 15:18:22.289  2111  2143 I 3c.files: Adding extracted size 158 = 3320 vs 10064
07-07 15:18:22.289  2111  2143 I 3c.files: Possibly extracting file widgets/Widget_T4X1_network to /storage/emulated/0/Android/data/ccc71.at.free/widgets/Widget_T4X1_network
07-07 15:18:22.289  2111  2144 W 3c.app.tb: Removing shortcut Graphics: API != 23
07-07 15:18:22.289  2111  2143 I 3c.files: Adding extracted size 135 = 3455 vs 10064
07-07 15:18:22.290  2111  2143 I 3c.files: Possibly extracting file widgets/Widget_T4X1_row1 to /storage/emulated/0/Android/data/ccc71.at.free/widgets/Widget_T4X1_row1
07-07 15:18:22.290  2111  2144 W 3c.app.tb: Removing shortcut Wi-Fi AP: API < 23
07-07 15:18:22.290  2111  2143 I 3c.files: Adding extracted size 148 = 3603 vs 10064
07-07 15:18:22.290  2111  2143 I 3c.files: Possibly extracting file widgets/Widget_T4X1_row2 to /storage/emulated/0/Android/data/ccc71.at.free/widgets/Widget_T4X1_row2
07-07 15:18:22.290  2111  2143 I 3c.files: Adding extracted size 145 = 3748 vs 10064
07-07 15:18:22.290  2111  2143 I 3c.files: Possibly extracting file widgets/Widget_T4X1_shortcuts to /storage/emulated/0/Android/data/ccc71.at.free/widgets/Widget_T4X1_shortcuts
07-07 15:18:22.290  2111  2143 I 3c.files: Adding extracted size 158 = 3906 vs 10064
07-07 15:18:22.291  2111  2143 D 3c.lib  : Installing ZIP file presets.zip
07-07 15:18:22.291  2111  2146 W 3c.app.tb: Removing shortcut Sound: no SOUND
07-07 15:18:22.292  2111  2146 W 3c.ui.utils: Done initializing shortcuts
07-07 15:18:22.294  2111  2143 W 3c.files: Is external SD secure:false
07-07 15:18:22.294  2111  2143 I 3c.files: Extracting ZIP file /data/user/0/ccc71.at.free/presets.zip from c.ka2@80e5060 to /storage/emulated/0/Android/data/ccc71.at.free (notifying on null)
07-07 15:18:22.294  2111  2143 I 3c.files: Possibly extracting file gammas/ to /storage/emulated/0/Android/data/ccc71.at.free/gammas/
07-07 15:18:22.294  2111  2128 D 3c.processes: Loaded known list: 0
07-07 15:18:22.294  2111  2143 I 3c.files: Adding extracted size 0 = 0 vs 9174
07-07 15:18:22.294  2111  2143 I 3c.files: Possibly extracting file gammas/1031Vulcan to /storage/emulated/0/Android/data/ccc71.at.free/gammas/1031Vulcan
07-07 15:18:22.296   529   799 D PackageManager: Ephemeral installer not found with new action; try old one
07-07 15:18:22.296   529   799 D PackageManager: Clear ephemeral installer activity
07-07 15:18:22.296   529   795 D PackageManager: Ephemeral installer not found with new action; try old one
07-07 15:18:22.296   529   795 D PackageManager: Clear ephemeral installer activity
07-07 15:18:22.296  2111  2189 W 3c.app.tb: Removing shortcut Graphics: API != 23
07-07 15:18:22.297  2111  2128 D 3c.processes: Got 0 excluded processes
07-07 15:18:22.297  2111  2128 D 3c.processes: Loaded excluded list: 0
07-07 15:18:22.297  2111  2189 W 3c.app.tb: Removing shortcut Wi-Fi AP: API < 23
07-07 15:18:22.297  2111  2128 W 3c.app.tb: Starting missing services after force-stop
07-07 15:18:22.297  2111  2128 W 3c.ui   : Auto-kill screen-off :false root: true, SDK: 27
07-07 15:18:22.301  2111  2144 W 3c.app.tb: Removing shortcut GPU: no GPU
07-07 15:18:22.301  2111  2144 W 3c.app.tb: Removing shortcut Times: no TIMES
07-07 15:18:22.301  2111  2144 W 3c.app.tb: Removing shortcut Voltage: no VOLTAGE
07-07 15:18:22.301  2111  2189 W 3c.app.tb: Removing shortcut GPU: no GPU
07-07 15:18:22.301  2111  2189 W 3c.app.tb: Removing shortcut Times: no TIMES
07-07 15:18:22.301  2111  2189 W 3c.app.tb: Removing shortcut Voltage: no VOLTAGE
07-07 15:18:22.301  2111  2144 W 3c.app.tb: Removing shortcut Thermal: no THERMAL
07-07 15:18:22.301  2111  2144 W 3c.app.tb: Removing shortcut MPDecision: no MP
07-07 15:18:22.301  2111  2189 W 3c.app.tb: Removing shortcut Thermal: no THERMAL
07-07 15:18:22.302  2111  2189 W 3c.app.tb: Removing shortcut MPDecision: no MP
07-07 15:18:22.302  2111  2144 W 3c.app.tb: Removing shortcut Gamma: no GAMMA
07-07 15:18:22.302  2111  2144 W 3c.app.tb: Removing shortcut Sound: no SOUND
07-07 15:18:22.303  2111  2189 W 3c.app.tb: Removing shortcut Gamma: no GAMMA
07-07 15:18:22.303  2111  2189 W 3c.app.tb: Removing shortcut Sound: no SOUND
07-07 15:18:22.306  2111  2144 W 3c.ui.utils: Done initializing shortcuts
07-07 15:18:22.306  2111  2189 W 3c.ui.utils: Done initializing shortcuts
07-07 15:18:22.312  2111  2143 I 3c.files: Adding extracted size 46 = 46 vs 9174
07-07 15:18:22.313  2111  2143 I 3c.files: Possibly extracting file gammas/Archmag3 to /storage/emulated/0/Android/data/ccc71.at.free/gammas/Archmag3
07-07 15:18:22.314  2111  2143 I 3c.files: Adding extracted size 45 = 91 vs 9174
07-07 15:18:22.314  2111  2143 I 3c.files: Possibly extracting file gammas/ceejay83 to /storage/emulated/0/Android/data/ccc71.at.free/gammas/ceejay83
07-07 15:18:22.316  2111  2143 I 3c.files: Adding extracted size 44 = 135 vs 9174
07-07 15:18:22.316  2111  2143 I 3c.files: Possibly extracting file gammas/HRodMusic to /storage/emulated/0/Android/data/ccc71.at.free/gammas/HRodMusic
07-07 15:18:22.316  2111  2143 I 3c.files: Adding extracted size 45 = 180 vs 9174
07-07 15:18:22.316  2111  2143 I 3c.files: Possibly extracting file gammas/Kel to /storage/emulated/0/Android/data/ccc71.at.free/gammas/Kel
07-07 15:18:22.316  2111  2143 I 3c.files: Adding extracted size 55 = 235 vs 9174
07-07 15:18:22.316  2111  2143 I 3c.files: Possibly extracting file gammas/Krunk83 to /storage/emulated/0/Android/data/ccc71.at.free/gammas/Krunk83
07-07 15:18:22.319  2111  2143 I 3c.files: Adding extracted size 47 = 282 vs 9174
07-07 15:18:22.319  2111  2143 I 3c.files: Possibly extracting file gammas/molesarecoming to /storage/emulated/0/Android/data/ccc71.at.free/gammas/molesarecoming
07-07 15:18:22.320  2111  2143 I 3c.files: Adding extracted size 50 = 332 vs 9174
07-07 15:18:22.320  2111  2143 I 3c.files: Possibly extracting file gammas/night-mode to /storage/emulated/0/Android/data/ccc71.at.free/gammas/night-mode
07-07 15:18:22.320  2111  2143 I 3c.files: Adding extracted size 45 = 377 vs 9174
07-07 15:18:22.320  2111  2143 I 3c.files: Possibly extracting file gammas/obsanity to /storage/emulated/0/Android/data/ccc71.at.free/gammas/obsanity
07-07 15:18:22.321  2111  2143 I 3c.files: Adding extracted size 41 = 418 vs 9174
07-07 15:18:22.321  2111  2143 I 3c.files: Possibly extracting file gammas/sadoway to /storage/emulated/0/Android/data/ccc71.at.free/gammas/sadoway
07-07 15:18:22.321  2111  2143 I 3c.files: Adding extracted size 50 = 468 vs 9174
07-07 15:18:22.322  2111  2143 I 3c.files: Possibly extracting file gammas/Sandman2749 to /storage/emulated/0/Android/data/ccc71.at.free/gammas/Sandman2749
07-07 15:18:22.323  2111  2143 I 3c.files: Adding extracted size 45 = 513 vs 9174
07-07 15:18:22.323  2111  2143 I 3c.files: Possibly extracting file gammas/sebacestmoi to /storage/emulated/0/Android/data/ccc71.at.free/gammas/sebacestmoi
07-07 15:18:22.324  2111  2143 I 3c.files: Adding extracted size 44 = 557 vs 9174
07-07 15:18:22.324  2111  2143 I 3c.files: Possibly extracting file gammas/TonyHoyle to /storage/emulated/0/Android/data/ccc71.at.free/gammas/TonyHoyle
07-07 15:18:22.325  2111  2143 I 3c.files: Adding extracted size 44 = 601 vs 9174
07-07 15:18:22.325  2111  2143 I 3c.files: Possibly extracting file sysctl/ to /storage/emulated/0/Android/data/ccc71.at.free/sysctl/
07-07 15:18:22.325  2111  2143 I 3c.files: Adding extracted size 0 = 601 vs 9174
07-07 15:18:22.325  2111  2143 I 3c.files: Possibly extracting file sysctl/generic to /storage/emulated/0/Android/data/ccc71.at.free/sysctl/generic
07-07 15:18:22.325  2111  2143 I 3c.files: Adding extracted size 412 = 1013 vs 9174
07-07 15:18:22.325  2111  2143 I 3c.files: Possibly extracting file sysctl/generic_11 to /storage/emulated/0/Android/data/ccc71.at.free/sysctl/generic_11
07-07 15:18:22.326  2111  2143 I 3c.files: Adding extracted size 564 = 1576 vs 9174
07-07 15:18:22.326  2111  2143 I 3c.files: Possibly extracting file sysctl/generic_4.4_kitkat to /storage/emulated/0/Android/data/ccc71.at.free/sysctl/generic_4.4_kitkat
07-07 15:18:22.327  2111  2143 I 3c.files: Adding extracted size 469 = 2045 vs 9174
07-07 15:18:22.327  2111  2143 I 3c.files: Possibly extracting file sysctl/generic_4.x_jb to /storage/emulated/0/Android/data/ccc71.at.free/sysctl/generic_4.x_jb
07-07 15:18:22.327  2111  2143 I 3c.files: Adding extracted size 469 = 2514 vs 9174
07-07 15:18:22.327  2111  2143 I 3c.files: Possibly extracting file sysctl/generic_5.x_lollipop to /storage/emulated/0/Android/data/ccc71.at.free/sysctl/generic_5.x_lollipop
07-07 15:18:22.328  2111  2143 I 3c.files: Adding extracted size 401 = 2915 vs 9174
07-07 15:18:22.328  2111  2143 I 3c.files: Possibly extracting file sysctl/generic_6.0_marshmallow to /storage/emulated/0/Android/data/ccc71.at.free/sysctl/generic_6.0_marshmallow
07-07 15:18:22.328  2111  2128 E 3c.settings: Prefs prefskey.watch.id default -1
07-07 15:18:22.328  2111  2128 W 3c.lib  : Calling native ls(false, false, /data/user/0/ccc71.at.free/xposed
07-07 15:18:22.328  2111  2143 I 3c.files: Adding extracted size 401 = 3316 vs 9174
07-07 15:18:22.329  2111  2143 I 3c.files: Possibly extracting file sysctl/generic_7.x_nougat to /storage/emulated/0/Android/data/ccc71.at.free/sysctl/generic_7.x_nougat
07-07 15:18:22.329  2111  2143 I 3c.files: Adding extracted size 401 = 3717 vs 9174
07-07 15:18:22.329  2111  2143 I 3c.files: Possibly extracting file sysctl/generic_8.x_oreo to /storage/emulated/0/Android/data/ccc71.at.free/sysctl/generic_8.x_oreo
07-07 15:18:22.329  2111  2143 I 3c.files: Adding extracted size 401 = 4118 vs 9174
07-07 15:18:22.329  2111  2143 I 3c.files: Possibly extracting file sysctl/generic_9.x_pie to /storage/emulated/0/Android/data/ccc71.at.free/sysctl/generic_9.x_pie
07-07 15:18:22.329  2111  2143 I 3c.files: Adding extracted size 401 = 4519 vs 9174
07-07 15:18:22.330  2111  2143 I 3c.files: Possibly extracting file sysctl/generic_g2x to /storage/emulated/0/Android/data/ccc71.at.free/sysctl/generic_g2x
07-07 15:18:22.330  2111  2143 I 3c.files: Adding extracted size 948 = 5466 vs 9174
07-07 15:18:22.330  2111  2143 D 3c.lib  : Installing ZIP file debloat.zip
07-07 15:18:22.331  2111  2143 W 3c.files: Is external SD secure:false
07-07 15:18:22.331  2111  2143 I 3c.files: Extracting ZIP file /data/user/0/ccc71.at.free/debloat.zip from c.ka2@647c6ec to /storage/emulated/0/Android/data/ccc71.at.free (notifying on null)
07-07 15:18:22.331  2111  2143 I 3c.files: Possibly extracting file debloat/ to /storage/emulated/0/Android/data/ccc71.at.free/debloat/
07-07 15:18:22.331  2111  2143 I 3c.files: Adding extracted size 0 = 0 vs 4751
07-07 15:18:22.331  2111  2143 I 3c.files: Possibly extracting file debloat/aosp to /storage/emulated/0/Android/data/ccc71.at.free/debloat/aosp
07-07 15:18:22.331  2111  2143 I 3c.files: Adding extracted size 213 = 213 vs 4751
07-07 15:18:22.332  2111  2143 I 3c.files: Possibly extracting file debloat/google to /storage/emulated/0/Android/data/ccc71.at.free/debloat/google
07-07 15:18:22.332  2111  2143 I 3c.files: Adding extracted size 182 = 395 vs 4751
07-07 15:18:22.332  2111  2143 I 3c.files: Possibly extracting file debloat/lg to /storage/emulated/0/Android/data/ccc71.at.free/debloat/lg
07-07 15:18:22.332  2111  2143 I 3c.files: Adding extracted size 522 = 916 vs 4751
07-07 15:18:22.332  2111  2143 I 3c.files: Possibly extracting file debloat/oneplus to /storage/emulated/0/Android/data/ccc71.at.free/debloat/oneplus
07-07 15:18:22.332  2111  2143 I 3c.files: Adding extracted size 237 = 1153 vs 4751
07-07 15:18:22.332  2111  2143 I 3c.files: Possibly extracting file debloat/oppo to /storage/emulated/0/Android/data/ccc71.at.free/debloat/oppo
07-07 15:18:22.333  2111  2143 I 3c.files: Adding extracted size 793 = 1945 vs 4751
07-07 15:18:22.333  2111  2143 I 3c.files: Possibly extracting file debloat/samsung to /storage/emulated/0/Android/data/ccc71.at.free/debloat/samsung
07-07 15:18:22.333  2111  2143 I 3c.files: Adding extracted size 860 = 2804 vs 4751
07-07 15:18:22.333  2111  2143 I 3c.files: Possibly extracting file debloat/xiaomi to /storage/emulated/0/Android/data/ccc71.at.free/debloat/xiaomi
07-07 15:18:22.333  2111  2143 I 3c.files: Adding extracted size 826 = 3629 vs 4751
07-07 15:18:22.340  2237  2237 W zygote  : Unexpected CPU variant for X86 using defaults: x86
07-07 15:18:22.342   529   795 I ActivityManager: Start proc 2237:ccc71.at.free/u0a68 for service ccc71.at.free/lib3c.controls.xposed.lib3c_logcat_service
07-07 15:18:22.343  2111  2116 I zygote  : Do full code cache collection, code=125KB, data=88KB
07-07 15:18:22.343  2111  2116 I zygote  : After code cache collection, code=111KB, data=69KB
07-07 15:18:22.344  2111  2143 W 3c.files: Is external SD secure:false
07-07 15:18:22.345  2111  2143 W 3c.files: Is external SD secure:false
07-07 15:18:22.347  2111  2143 D 3c.files: Transforming SD device from /dev/block/by-name/data into /dev/block/sdb3
07-07 15:18:22.356  2111  2143 D 3c.control: Checking availability: /sys/devices/virtual/bdi/8:16/read_ahead_kb
07-07 15:18:22.358  2111  2143 W 3c.files: Is external SD secure:false
07-07 15:18:22.358  2111  2143 D 3c.control: Checking availability: /sys/block/sdb/queue/scheduler
07-07 15:18:22.359  2237  2237 I MultiDex: VM with version 2.1.0 has multidex support
07-07 15:18:22.359  2237  2237 I MultiDex: Installing application
07-07 15:18:22.359  2237  2237 I MultiDex: VM has multidex support, MultiDex support library is disabled.
07-07 15:18:22.359  2111  2128 E 3c.settings: Prefs prefskey.profile.id default -1
07-07 15:18:22.359  2111  2128 W 3c.profiles: Current profile: -1
07-07 15:18:22.359  2111  2143 D 3c.control: Checking availability: /sys/module/sync/parameters/fsync_enabled
07-07 15:18:22.360  2111  2143 D 3c.control: Checking availability: /sys/kernel/dyn_fsync/Dyn_fsync_active
07-07 15:18:22.360  2111  2143 D 3c.control: Checking availability: /sys/devices/virtual/misc/fsynccontrol/fsync_enabled
07-07 15:18:22.360  2111  2143 D 3c.control: Checking availability: /sys/class/misc/fsynccontrol/fsync_enabled
07-07 15:18:22.360  2111  2128 D 3c.profiles: tweaks needed: profile: null
07-07 15:18:22.361  2111  2143 D 3c.control: Checking availability: /sys/android_touch/sweep2wake
07-07 15:18:22.361  2111  2143 D 3c.control: Checking availability: /sys/devices/virtual/misc/touchwake/enabled
