07-07 15:19:48.508  2577  2577 I su      : type=1400 audit(0.0:1471): avc: denied { search } for name="com.genymotion.superuser" dev="sdb3" ino=81703 scontext=u:r:su_daemon:s0 tcontext=u:object_r:system_app_data_file:s0 tclass=dir permissive=1
07-07 15:19:48.508  2577  2577 I su      : type=1400 audit(0.0:1472): avc: denied { getattr } for path="/data/data/com.genymotion.superuser" dev="sdb3" ino=81703 scontext=u:r:su_daemon:s0 tcontext=u:object_r:system_app_data_file:s0 tclass=dir permissive=1
07-07 15:19:48.508  2577  2577 I su      : type=1400 audit(0.0:1473): avc: denied { getattr } for path="/data/data/com.genymotion.superuser/databases/su.sqlite" dev="sdb3" ino=81818 scontext=u:r:su_daemon:s0 tcontext=u:object_r:system_app_data_file:s0 tclass=file permissive=1
07-07 15:19:48.508  2577  2577 I su      : type=1400 audit(0.0:1474): avc: denied { read } for name="su.sqlite" dev="sdb3" ino=81818 scontext=u:r:su_daemon:s0 tcontext=u:object_r:system_app_data_file:s0 tclass=file permissive=1
07-07 15:19:48.508  2577  2577 I su      : type=1400 audit(0.0:1475): avc: denied { open } for path="/data/data/com.genymotion.superuser/databases/su.sqlite" dev="sdb3" ino=81818 scontext=u:r:su_daemon:s0 tcontext=u:object_r:system_app_data_file:s0 tclass=file permissive=1
07-07 15:19:48.508  2577  2577 I su      : type=1400 audit(0.0:1476): avc: denied { lock } for path="/data/data/com.genymotion.superuser/databases/su.sqlite" dev="sdb3" ino=81818 scontext=u:r:su_daemon:s0 tcontext=u:object_r:system_app_data_file:s0 tclass=file permissive=1
07-07 15:19:48.514  2552  2571 D libEGL  : loaded /vendor/lib/egl/libGLESv2_emulation.so
07-07 15:19:48.508  2577  2577 I su      : type=1400 audit(0.0:1477): avc: denied { execute } for name="sh" dev="sda6" ino=579 scontext=u:r:su_daemon:s0 tcontext=u:object_r:shell_exec:s0 tclass=file permissive=1
07-07 15:19:48.508  2577  2577 I su      : type=1400 audit(0.0:1478): avc: denied { read open } for path="/system/bin/sh" dev="sda6" ino=579 scontext=u:r:su_daemon:s0 tcontext=u:object_r:shell_exec:s0 tclass=file permissive=1
07-07 15:19:48.508  2577  2577 I su      : type=1400 audit(0.0:1479): avc: denied { execute_no_trans } for path="/system/bin/sh" dev="sda6" ino=579 scontext=u:r:su_daemon:s0 tcontext=u:object_r:shell_exec:s0 tclass=file permissive=1
07-07 15:19:48.508  2577  2577 I sh      : type=1400 audit(0.0:1480): avc: denied { getattr } for path="/system/bin/sh" dev="sda6" ino=579 scontext=u:r:su_daemon:s0 tcontext=u:object_r:shell_exec:s0 tclass=file permissive=1
07-07 15:19:48.512  2577  2577 I sh      : type=1400 audit(0.0:1481): avc: denied { ioctl } for path="pipe:[34528]" dev="pipefs" ino=34528 ioctlcmd=5401 scontext=u:r:su_daemon:s0 tcontext=u:r:untrusted_app:s0:c512,c768 tclass=fifo_file permissive=1
07-07 15:19:48.512  2577  2577 I sh      : type=1400 audit(0.0:1482): avc: denied { getattr } for path="pipe:[34528]" dev="pipefs" ino=34528 scontext=u:r:su_daemon:s0 tcontext=u:r:untrusted_app:s0:c512,c768 tclass=fifo_file permissive=1
07-07 15:19:48.512  2577  2577 I sh      : type=1400 audit(0.0:1483): avc: denied { getattr } for path="/data/app/ccc71.at.free-T69qXGMfeYinLahOZFBQLg==/lib/x86/liblib3c.so" dev="sdb3" ino=39 scontext=u:r:su_daemon:s0 tcontext=u:object_r:apk_data_file:s0 tclass=file permissive=1
07-07 15:19:48.512  2577  2577 I sh      : type=1400 audit(0.0:1484): avc: denied { execute } for name="liblib3c.so" dev="sdb3" ino=39 scontext=u:r:su_daemon:s0 tcontext=u:object_r:apk_data_file:s0 tclass=file permissive=1
07-07 15:19:48.521  2552  2552 D 3c.ui.utils: at_activity.initAll(ccc71.at.at_main_popup@be55b42, true);
07-07 15:19:48.529  2552  2570 W 3c.lib  : Got root access, resetting attempts
07-07 15:19:48.537  2552  2570 W 3c.app.tb: Removing shortcut Usage: API != 22
07-07 15:19:48.537  2552  2570 W 3c.app.tb: Removing shortcut Optimization: API != 23
07-07 15:19:48.541  2552  2582 D OpenGLRenderer: Skia GL Pipeline
07-07 15:19:48.551  2552  2570 W 3c.app.tb: Removing shortcut Graphics: API != 23
07-07 15:19:48.552  2552  2570 W 3c.app.tb: Removing shortcut Wi-Fi AP: API < 23
07-07 15:19:48.557  2552  2582 D         : HostConnection::get() New Host Connection established 0xe44a4500, pid 2552, tid 2582
07-07 15:19:48.558   461  2583 D local_opengl: Sending id 29 to host
07-07 15:19:48.558  2552  2582 D         : HostComposition ext ANDROID_EMU_host_composition_v1 ANDROID_EMU_host_composition_v2 ANDROID_EMU_async_unmap_buffer ANDROID_EMU_sync_buffer_data GL_OES_EGL_image_external_essl3 GL_OES_vertex_array_object GL_KHR_texture_compression_astc_ldr ANDROID_EMU_host_side_tracing ANDROID_EMU_async_frame_commands ANDROID_EMU_gles_max_version_3_1 
07-07 15:19:48.558  2552  2582 W         : Process pipe failed
07-07 15:19:48.560  2552  2552 I 3c.ui.utils: Preparing conf with language: en - US = en_US
07-07 15:19:48.560  2552  2570 W 3c.app.tb: Removing shortcut GPU: no GPU
07-07 15:19:48.560  2552  2552 I 3c.ui.utils: Creating conf with language: US / en
07-07 15:19:48.560  2552  2570 W 3c.app.tb: Removing shortcut Times: no TIMES
07-07 15:19:48.561  2552  2570 D 3c.control: max_cpu Read valid core for max cpu
07-07 15:19:48.561  2552  2570 D 3c.control: max_cpu Read valid core: 0-3
07-07 15:19:48.561  2552  2570 D 3c.control: max_cpu Read single core: 0 from 0
07-07 15:19:48.561  2552  2570 D 3c.control: max_cpu Read single core: 3 from 3
07-07 15:19:48.561  2552  2570 W 3c.app.tb: Removing shortcut Voltage: no VOLTAGE
07-07 15:19:48.562  2552  2570 W 3c.app.tb: Removing shortcut Thermal: no THERMAL
07-07 15:19:48.562  2552  2570 W 3c.app.tb: Removing shortcut MPDecision: no MP
07-07 15:19:48.563  2552  2582 I ccc71.at.free:ui: android::hardware::configstore::V1_0::ISurfaceFlingerConfigs::hasWideColorDisplay retrieved: 0
07-07 15:19:48.563  2552  2582 I OpenGLRenderer: Initialized EGL, version 1.4
07-07 15:19:48.563  2552  2582 D OpenGLRenderer: Swap behavior 1
07-07 15:19:48.563  2552  2582 W OpenGLRenderer: Failed to choose config with EGL_SWAP_BEHAVIOR_PRESERVED, retrying without...
07-07 15:19:48.563  2552  2582 D OpenGLRenderer: Swap behavior 0
07-07 15:19:48.564  2552  2552 D 3c.ui.utils: at_activity.initAll(ccc71.at.activities.easy_tabs.at_easy_tabs@34f9857, false);
07-07 15:19:48.565  2552  2582 D EGL_emulation: eglCreateContext: 0xe4485420: maj 3 min 1 rcv 4
07-07 15:19:48.566  2552  2585 W 3c.ui.utils: Running init once...
07-07 15:19:48.566  2552  2570 D 3c.control: Checking availability: /sys/devices/platform/mipi_lgit.1537/kgamma_r
07-07 15:19:48.566  2552  2570 D 3c.control: Checking availability: /sys/devices/platform/mipi_lgit.1537/kgamma_g
07-07 15:19:48.566  2552  2570 D 3c.control: Checking availability: /sys/devices/platform/mipi_lgit.1537/kgamma_b
07-07 15:19:48.566  2552  2570 D 3c.control: Checking availability: /sys/devices/platform/mipi_lgit.1537/kgamma_ctrl
07-07 15:19:48.566  2552  2570 D 3c.control: Checking availability: /sys/devices/platform/kcal_ctrl.0/kcal
07-07 15:19:48.566  2552  2570 D 3c.control: Checking availability: /sys/devices/platform/kcal_ctrl.0/kcal_ctrl
07-07 15:19:48.566  2552  2570 D 3c.control: Checking availability: /sys/devices/platform/mipi_lgit.1537/refresh_screen
07-07 15:19:48.566  2552  2570 D 3c.control: Checking availability: /sys/class/misc/colorcontrol/multiplier_disabled
07-07 15:19:48.566  2552  2570 W 3c.app.tb: Removing shortcut Gamma: no GAMMA
07-07 15:19:48.566  2552  2570 D 3c.control: Checking availability: /sys/kernel/sound_control/cam_mic_gain
07-07 15:19:48.566  2552  2585 D 3c.ui   : Found version:2.7.5 previous:2.7.5
07-07 15:19:48.566  2552  2585 D 3c.ui   : Same version, not showing update
07-07 15:19:48.566  2552  2570 D 3c.control: Checking availability: /sys/kernel/sound_control/headphone_gain
07-07 15:19:48.566  2552  2570 D 3c.control: Checking availability: /sys/kernel/sound_control/mic_gain
07-07 15:19:48.567  2552  2570 D 3c.control: Checking availability: /sys/kernel/sound_control/speaker_gain
07-07 15:19:48.567  2552  2570 D 3c.control: Checking availability: /sys/kernel/sound_control/gpl_sound_control_locked
07-07 15:19:48.567  2552  2570 W 3c.app.tb: Removing shortcut Sound: no SOUND
07-07 15:19:48.567  2552  2585 D 3c.notifications: Got notifications packages: 
07-07 15:19:48.568  1206  1295 E eglCodecCommon: goldfish_dma_create_region: could not obtain fd to device! fd -1 errno=2
07-07 15:19:48.581  2552  2585 D 3c.app.bm: Battery receiver needed: Notif shortcut: -1 - notif: false - overlay: false - screen on: true - recording: false - shorcut: false
07-07 15:19:48.581  2552  2585 D 3c.notifications: Got notifications packages: 
07-07 15:19:48.583  2552  2570 W 3c.ui.utils: Done initializing shortcuts
07-07 15:19:48.584  2552  2552 D 3c.ui   : addDrawer on ccc71.at.activities.easy_tabs.at_easy_tabs@34f9857 / android.widget.LinearLayout{64c9c55 V.E...... ......I. 0,0-0,0 #7f0903e2 app:id/layoutMain}
07-07 15:19:48.585  2552  2570 D 3c.processes: Loaded known list: 1
07-07 15:19:48.586  2552  2570 D 3c.processes: Got 1 excluded processes
07-07 15:19:48.586  2552  2570 D 3c.processes: Loaded excluded list: 1
07-07 15:19:48.586  2552  2570 W 3c.app.tb: Starting missing services after force-stop
07-07 15:19:48.587  2552  2570 W 3c.ui   : Auto-kill screen-off :false root: true, SDK: 27
07-07 15:19:48.587  2552  2552 D 3c.ui   : in content frame = android.widget.FrameLayout{98d010d V.E...... ......I. 0,0-0,0 #7f09020d app:id/content_frame}
07-07 15:19:48.588  2552  2552 D 3c.ui   : new screenWidth = 1440
07-07 15:19:48.588  2552  2552 D 3c.ui   : result new screenWidth = 1152
07-07 15:19:48.588  2552  2570 E 3c.settings: Prefs prefskey.watch.id default -1
07-07 15:19:48.588  2552  2570 W 3c.lib  : Calling native ls(false, false, /data/user/0/ccc71.at.free/xposed
07-07 15:19:48.589  2552  2586 W 3c.ui.utils: shortcut initialized  / 109 / Main screen
07-07 15:19:48.589  2552  2585 D 3c.app.tb: Disabling backup accessibility service
07-07 15:19:48.590  2552  2570 E 3c.settings: Prefs prefskey.profile.id default -1
07-07 15:19:48.590  2552  2570 W 3c.profiles: Current profile: -1
07-07 15:19:48.590  2552  2570 D 3c.profiles: tweaks needed: profile: null
07-07 15:19:48.593  2552  2582 E eglCodecCommon: glUtilsParamSize: unknow param 0x00008f38
07-07 15:19:48.593  2552  2582 E eglCodecCommon: glUtilsParamSize: unknow param 0x00008f38
07-07 15:19:48.594  2552  2582 E eglCodecCommon: glUtilsParamSize: unknow param 0x000090ca
07-07 15:19:48.594  2552  2582 E eglCodecCommon: glUtilsParamSize: unknow param 0x000090ca
07-07 15:19:48.595  2552  2582 E eglCodecCommon: glUtilsParamSize: unknow param 0x000090ce
07-07 15:19:48.595  2552  2582 E eglCodecCommon: glUtilsParamSize: unknow param 0x000090ce
07-07 15:19:48.595  2552  2582 E eglCodecCommon: glUtilsParamSize: unknow param 0x000090cf
07-07 15:19:48.596  2552  2585 D 3c.lib  : Installing ZIP file widgets.zip
07-07 15:19:48.596  2552  2582 E eglCodecCommon: glUtilsParamSize: unknow param 0x000090cf
07-07 15:19:48.596  2552  2585 D 3c.lib  : Installing ZIP file presets.zip
07-07 15:19:48.596  2552  2585 D 3c.lib  : Installing ZIP file debloat.zip
07-07 15:19:48.602  2552  2582 D vndksupport: Loading /vendor/lib/hw/android.hardware.graphics.mapper@2.0-impl.so from current namespace instead of sphal namespace.
07-07 15:19:48.603  2552  2582 D vndksupport: Loading /vendor/lib/hw/gralloc.vbox86.so from current namespace instead of sphal namespace.
07-07 15:19:48.603  2552  2582 D         : createUnique: call
07-07 15:19:48.603  2552  2582 D         : HostConnection::get() New Host Connection established 0xe44a4410, pid 2552, tid 2582
07-07 15:19:48.605   461  2592 D local_opengl: Sending id 30 to host
07-07 15:19:48.605  2552  2585 W 3c.files: Is external SD secure:false
07-07 15:19:48.607  2552  2582 D         : HostComposition ext ANDROID_EMU_host_composition_v1 ANDROID_EMU_host_composition_v2 ANDROID_EMU_async_unmap_buffer ANDROID_EMU_sync_buffer_data GL_OES_EGL_image_external_essl3 GL_OES_vertex_array_object GL_KHR_texture_compression_astc_ldr ANDROID_EMU_host_side_tracing ANDROID_EMU_async_frame_commands ANDROID_EMU_gles_max_version_3_1 
07-07 15:19:48.607  2552  2585 W 3c.files: Is external SD secure:false
07-07 15:19:48.608   529  1162 I ActivityManager: Start proc 2589:ccc71.at.free/u0a68 for service ccc71.at.free/lib3c.indicators.lib3c_indicators_service
07-07 15:19:48.608  2552  2570 D 3c.notifications: Got notifications packages: 
07-07 15:19:48.609  2589  2589 W zygote  : Unexpected CPU variant for X86 using defaults: x86
07-07 15:19:48.609  2552  2552 W ActionBarDrawerToggle: DrawerToggle may not show up because NavigationIcon is not visible. You may need to call actionbar.setDisplayHomeAsUpEnabled(true);
07-07 15:19:48.610  2552  2585 D 3c.files: Transforming SD device from /dev/block/by-name/data into /dev/block/sdb3
07-07 15:19:48.610  2552  2570 D 3c.notifications: Got notifications packages: 
07-07 15:19:48.611  2552  2552 W 3c.ui   : resume - call_onshow set to fragment xk1{76e44c5} (23e69fbe-f88a-4a02-bc93-0d9dbc4ae5cc)
07-07 15:19:48.611  2552  2598 W 3c.ui.utils: shortcut initialized  / 109 / Main screen
07-07 15:19:48.613  2552  2570 E 3c.settings: Prefs prefskey.watch.id default -1
07-07 15:19:48.615  2552  2570 E 3c.lib  : Received uncaught exception
07-07 15:19:48.615  2552  2570 E 3c.lib  : java.lang.NoClassDefFoundError: Failed resolution of: Llib3c/service/boot/lib3c_boot_service;
07-07 15:19:48.615  2552  2570 E 3c.lib  : 	at lib3c.service.tasker.lib3c_task_receiver.a(Unknown Source:156)
07-07 15:19:48.615  2552  2570 E 3c.lib  : 	at ccc71.at.at_application.a(Unknown Source:260)
07-07 15:19:48.615  2552  2570 E 3c.lib  : 	at lib3c.application.lib3c_application$a.runThread(Unknown Source:204)
07-07 15:19:48.615  2552  2570 E 3c.lib  : 	at c.gh2.run(Unknown Source:2)
07-07 15:19:48.615  2552  2570 E 3c.lib  : Caused by: java.lang.ClassNotFoundException: Didn't find class "lib3c.service.boot.lib3c_boot_service" on path: DexPathList[[zip file "/data/app/ccc71.at.free-T69qXGMfeYinLahOZFBQLg==/base.apk"],nativeLibraryDirectories=[/data/app/ccc71.at.free-T69qXGMfeYinLahOZFBQLg==/lib/x86, /data/app/ccc71.at.free-T69qXGMfeYinLahOZFBQLg==/base.apk!/lib/x86, /system/lib, /system/vendor/lib]]
07-07 15:19:48.615  2552  2570 E 3c.lib  : 	at dalvik.system.BaseDexClassLoader.findClass(BaseDexClassLoader.java:125)
07-07 15:19:48.615  2552  2570 E 3c.lib  : 	at java.lang.ClassLoader.loadClass(ClassLoader.java:379)
07-07 15:19:48.615  2552  2570 E 3c.lib  : 	at java.lang.ClassLoader.loadClass(ClassLoader.java:312)
07-07 15:19:48.615  2552  2570 E 3c.lib  : 	... 4 more
07-07 15:19:48.616  2552  2582 E eglCodecCommon: goldfish_dma_create_region: could not obtain fd to device! fd -1 errno=2
07-07 15:19:48.617  2552  2585 D 3c.control: Checking availability: /sys/devices/virtual/bdi/8:16/read_ahead_kb
07-07 15:19:48.617  2552  2570 I 3c.lib  : Finished logging uncaught exception
07-07 15:19:48.619  2552  2585 W 3c.files: Is external SD secure:false
07-07 15:19:48.619  2552  2585 D 3c.control: Checking availability: /sys/block/sdb/queue/scheduler
07-07 15:19:48.619  2552  2585 D 3c.control: Checking availability: /sys/module/sync/parameters/fsync_enabled
07-07 15:19:48.619  2552  2585 D 3c.control: Checking availability: /sys/kernel/dyn_fsync/Dyn_fsync_active
07-07 15:19:48.619  2552  2585 D 3c.control: Checking availability: /sys/devices/virtual/misc/fsynccontrol/fsync_enabled
07-07 15:19:48.619  2552  2585 D 3c.control: Checking availability: /sys/class/misc/fsynccontrol/fsync_enabled
07-07 15:19:48.619  2552  2585 D 3c.control: Checking availability: /sys/android_touch/sweep2wake
07-07 15:19:48.619  2552  2585 D 3c.control: Checking availability: /sys/devices/virtual/misc/touchwake/enabled
07-07 15:19:48.619  2552  2585 D 3c.control: Checking availability: /sys/android_key/sweep2wake
07-07 15:19:48.620  2552  2585 D 3c.control: Checking availability: /sys/android_touch/sweep2sleep
07-07 15:19:48.620  2552  2585 D 3c.control: Checking availability: /sys/android_key/sweep2sleep
07-07 15:19:48.620  2552  2585 D 3c.control: Checking availability: /sys/android_touch/doubletap2wake
07-07 15:19:48.620  2552  2585 D 3c.control: Checking availability: /sys/android_key/doubletap2wake
07-07 15:19:48.620  2552  2585 D 3c.control: Checking availability: /sys/devices/platform/htc_battery/fast_charge
07-07 15:19:48.620  2552  2585 D 3c.control: Checking availability: /sys/kernel/fast_charge/force_fast_charge
07-07 15:19:48.620  2552  2585 I 3c.app.tb: Checking Xposed configuration
07-07 15:19:48.635  2589  2589 I MultiDex: VM with version 2.1.0 has multidex support
07-07 15:19:48.635  2589  2589 I MultiDex: Installing application
07-07 15:19:48.635  2589  2589 I MultiDex: VM has multidex support, MultiDex support library is disabled.
07-07 15:19:48.644  2589  2589 D WM-WrkMgrInitializer: Initializing WorkManager with default configuration.
07-07 15:19:48.658  2589  2589 D 3c.explorer: provider.onCreate
07-07 15:19:48.682  2589  2610 W 3c.settings: Loaded 10 shared preference settings
07-07 15:19:48.682  2589  2589 W 3c.settings: Loaded 10 shared preference settings
07-07 15:19:48.682  2589  2589 W 3c.settings: Reloading shared preferences
07-07 15:19:48.682  2589  2610 W 3c.lib  : Loading exception handler onto file /storage/emulated/0/Android/data/ccc71.at.free/support/crash_reports.txt
07-07 15:19:48.682  2589  2589 W 3c.settings: Loaded 10 shared preference settings
07-07 15:19:48.682  2589  2610 E 3c.lib  : Checking isUI thread
07-07 15:19:48.683  2589  2610 I 3c.lib  : Checking isUI (from AM):false - ccc71.at.free
07-07 15:19:48.683  2589  2610 W 3c.ui.utils: shortcut initialized  / 0 / empty
07-07 15:19:48.683  2589  2610 W 3c.ui.utils: Loading language into shortcuts initializer
07-07 15:19:48.683  2589  2610 W 3c.ui.utils: Loaded language into shortcuts initializer: en_US
07-07 15:19:48.701  2589  2589 W 3c.settings: Reloading shared preferences
07-07 15:19:48.701  2589  2589 W 3c.settings: Loaded 10 shared preference settings
07-07 15:19:48.701  2589  2589 W 3c.notifications: Registering lib3c_notification_timer
07-07 15:19:48.703  2589  2610 W 3c.lib  : Trying to gain root access, remaining attempts: 1
07-07 15:19:48.703  2589  2610 W 3c.lib  : Running lib as root: /data/app/ccc71.at.free-T69qXGMfeYinLahOZFBQLg==/lib/x86/liblib3c.so
07-07 15:19:48.709  2578  2578 D AndroidRuntime: >>>>>> START com.android.internal.os.RuntimeInit uid 0 <<<<<<
07-07 15:19:48.713  2589  2589 W 3c.screen: Registered lib3c_screen_receiver (screen true)
07-07 15:19:48.714  2589  2589 D 3c.notifications: Got notifications packages: 
07-07 15:19:48.714  2589  2589 W 3c.screen: UNregistered lib3c_screen_receiver
07-07 15:19:48.714  2589  2589 W 3c.notifications: Unregistering lib3c_notification_timer - not needed
07-07 15:19:48.714  2589  2589 D 3c.notifications: Got notifications packages: 
07-07 15:19:48.720  2589  2589 D 3c.notifications: Got notifications packages: 
07-07 15:19:48.725  2552  2556 I zygote  : Do partial code cache collection, code=15KB, data=26KB
07-07 15:19:48.725  2552  2556 I zygote  : After code cache collection, code=15KB, data=26KB
07-07 15:19:48.725  2552  2556 I zygote  : Increasing code cache capacity to 128KB
07-07 15:19:48.753  2589  2610 W 3c.lib  : Got root access, resetting attempts
07-07 15:19:48.760  2589  2610 W 3c.app.tb: Removing shortcut Usage: API != 22
07-07 15:19:48.761  2589  2610 W 3c.app.tb: Removing shortcut Optimization: API != 23
07-07 15:19:48.773  2578  2578 W /system/bin/app_process: Unexpected CPU variant for X86 using defaults: x86
07-07 15:19:48.775  2578  2578 I /system/bin/app_process: The ClassLoaderContext is a special shared library.
07-07 15:19:48.777  2589  2610 W 3c.app.tb: Removing shortcut Graphics: API != 23
07-07 15:19:48.778  2589  2610 W 3c.app.tb: Removing shortcut Wi-Fi AP: API < 23
07-07 15:19:48.795  2589  2610 W 3c.app.tb: Removing shortcut GPU: no GPU
07-07 15:19:48.797  2589  2600 W 3c.db   : c.of2.close() was never called to clean-up resources
07-07 15:19:48.797  2589  2600 W 3c.db   : java.lang.Exception: Process has leaked c.of2
07-07 15:19:48.797  2589  2600 W 3c.db   : 	at c.e82.<init>(Unknown Source:32)
07-07 15:19:48.797  2589  2600 W 3c.db   : 	at c.of2.<init>(Unknown Source:7)
07-07 15:19:48.797  2589  2600 W 3c.db   : 	at c.nf2.u(Unknown Source:17)
07-07 15:19:48.797  2589  2600 W 3c.db   : 	at c.nf2.H(Unknown Source:0)
07-07 15:19:48.797  2589  2600 W 3c.db   : 	at lib3c.application.lib3c_application$a.runThread(Unknown Source:17)
07-07 15:19:48.797  2589  2600 W 3c.db   : 	at c.gh2.run(Unknown Source:2)
07-07 15:19:48.799  2552  2552 W 3c.ui.utils: Finishing init...
07-07 15:19:48.800  2589  2610 W 3c.app.tb: Removing shortcut Times: no TIMES
07-07 15:19:48.800  2552  2552 D 3c.ui.utils: lib3c_ui_utils.initInApps
07-07 15:19:48.802  2589  2610 D 3c.control: max_cpu Read valid core for max cpu
07-07 15:19:48.802  2552  2552 D 3c.ui.utils: at_activity.initInAppPurchase(false);
07-07 15:19:48.804  2589  2610 D 3c.control: max_cpu Read valid core: 0-3
07-07 15:19:48.804  2589  2610 D 3c.control: max_cpu Read single core: 0 from 0
07-07 15:19:48.804  2589  2610 D 3c.control: max_cpu Read single core: 3 from 3
07-07 15:19:48.804  2552  2552 I zygote  : Deoptimizing boolean androidx.appcompat.widget.TintContextWrapper.shouldWrap(android.content.Context) due to JIT inline cache
07-07 15:19:48.805  2552  2552 D 3c.ui   : Trying to set icons visible in menu
07-07 15:19:48.805  2589  2610 W 3c.app.tb: Removing shortcut Voltage: no VOLTAGE
07-07 15:19:48.806  2552  2552 D 3c.ui   : Trying to set icons visible in menu
07-07 15:19:48.807  2578  2578 D AndroidRuntime: Calling main entry com.android.commands.am.Am
07-07 15:19:48.807  2589  2610 W 3c.app.tb: Removing shortcut Thermal: no THERMAL
07-07 15:19:48.808  2589  2610 W 3c.app.tb: Removing shortcut MPDecision: no MP
07-07 15:19:48.810  2589  2610 D 3c.control: Checking availability: /sys/devices/platform/mipi_lgit.1537/kgamma_r
07-07 15:19:48.811  2589  2610 D 3c.control: Checking availability: /sys/devices/platform/mipi_lgit.1537/kgamma_g
07-07 15:19:48.811  2589  2610 D 3c.control: Checking availability: /sys/devices/platform/mipi_lgit.1537/kgamma_b
07-07 15:19:48.811  2589  2610 D 3c.control: Checking availability: /sys/devices/platform/mipi_lgit.1537/kgamma_ctrl
07-07 15:19:48.811  2589  2610 D 3c.control: Checking availability: /sys/devices/platform/kcal_ctrl.0/kcal
07-07 15:19:48.811  2589  2610 D 3c.control: Checking availability: /sys/devices/platform/kcal_ctrl.0/kcal_ctrl
07-07 15:19:48.811  2589  2610 D 3c.control: Checking availability: /sys/devices/platform/mipi_lgit.1537/refresh_screen
07-07 15:19:48.811  2589  2610 D 3c.control: Checking availability: /sys/class/misc/colorcontrol/multiplier_disabled
07-07 15:19:48.811  2589  2610 W 3c.app.tb: Removing shortcut Gamma: no GAMMA
07-07 15:19:48.812  2589  2610 D 3c.control: Checking availability: /sys/kernel/sound_control/cam_mic_gain
07-07 15:19:48.812  2589  2610 D 3c.control: Checking availability: /sys/kernel/sound_control/headphone_gain
07-07 15:19:48.812  2589  2610 D 3c.control: Checking availability: /sys/kernel/sound_control/mic_gain
07-07 15:19:48.812  2589  2610 D 3c.control: Checking availability: /sys/kernel/sound_control/speaker_gain
07-07 15:19:48.812  2589  2610 D 3c.control: Checking availability: /sys/kernel/sound_control/gpl_sound_control_locked
07-07 15:19:48.812  2589  2610 W 3c.app.tb: Removing shortcut Sound: no SOUND
07-07 15:19:48.815  2552  2556 I zygote  : Do partial code cache collection, code=59KB, data=54KB
07-07 15:19:48.815  2552  2556 I zygote  : After code cache collection, code=58KB, data=54KB
07-07 15:19:48.815  2552  2556 I zygote  : Increasing code cache capacity to 256KB
07-07 15:19:48.819  2589  2610 W 3c.ui.utils: Done initializing shortcuts
07-07 15:19:48.822  2589  2610 D 3c.processes: Loaded known list: 1
07-07 15:19:48.826  2589  2610 D 3c.processes: Got 1 excluded processes
07-07 15:19:48.826  2589  2610 D 3c.processes: Loaded excluded list: 1
07-07 15:19:48.826  2589  2610 D 3c.widgets: Enumerating existing widgets...
07-07 15:19:48.836  2589  2610 D 3c.widgets: Recovered 0 widget(s)
07-07 15:19:48.836  2589  2610 W 3c.widgets: has refreshable widgets: false
07-07 15:19:48.842  2589  2589 W 3c.widgets: has refreshable widgets: false
07-07 15:19:48.842  2589  2589 I 3c.widgets: Widgets service started but not needed!
07-07 15:19:48.843  2589  2589 W 3c.widgets: has refreshable widgets: false
07-07 15:19:48.850  2578  2578 D AndroidRuntime: Shutting down VM
07-07 15:19:48.896   529   553 I ActivityManager: Displayed ccc71.at.free/ccc71.at.activities.easy_tabs.at_easy_tabs: +346ms (total +472ms)
07-07 15:19:48.899  2620  2620 D AndroidRuntime: >>>>>> START com.android.internal.os.RuntimeInit uid 0 <<<<<<
07-07 15:19:48.900  1206  1295 W OpenGLRenderer: Incorrectly called buildLayer on View: ShortcutAndWidgetContainer, destroying layer...
07-07 15:19:48.947  2620  2620 W /system/bin/app_process: Unexpected CPU variant for X86 using defaults: x86
07-07 15:19:48.948  2620  2620 I /system/bin/app_process: The ClassLoaderContext is a special shared library.
07-07 15:19:48.957  2620  2620 D AndroidRuntime: Calling main entry com.android.commands.am.Am
07-07 15:19:48.973  2620  2620 D AndroidRuntime: Shutting down VM
07-07 15:19:49.106  2552  2552 D 3c.ui   : Trying to set icons visible in menu
07-07 15:19:49.776   475   475 I android.hardwar: type=1400 audit(0.0:1549): avc: denied { write } for scontext=u:r:hal_wifi_default:s0 tcontext=u:r:hal_wifi_default:s0 tclass=netlink_route_socket permissive=1
07-07 15:19:49.776   475   475 I android.hardwar: type=1400 audit(0.0:1550): avc: denied { nlmsg_read } for scontext=u:r:hal_wifi_default:s0 tcontext=u:r:hal_wifi_default:s0 tclass=netlink_route_socket permissive=1
07-07 15:19:49.776   475   475 I android.hardwar: type=1400 audit(0.0:1551): avc: denied { read } for scontext=u:r:hal_wifi_default:s0 tcontext=u:r:hal_wifi_default:s0 tclass=netlink_route_socket permissive=1
07-07 15:19:50.340   476   476 I batteryd: type=1400 audit(0.0:1552): avc: denied { read } for name="capacity" dev="sysfs" ino=3641 scontext=u:r:batteryd:s0 tcontext=u:object_r:sysfs:s0 tclass=file permissive=1
07-07 15:19:50.340   476   476 I batteryd: type=1400 audit(0.0:1553): avc: denied { open } for path="/sys/devices/LNXSYSTM:00/LNXSYBUS:00/PNP0A03:00/PNP0C0A:00/power_supply/BAT0/capacity" dev="sysfs" ino=3641 scontext=u:r:batteryd:s0 tcontext=u:object_r:sysfs:s0 tclass=file permissive=1
07-07 15:19:50.340   510   510 I healthd : type=1400 audit(0.0:1554): avc: denied { read } for name="capacity" dev="fuse" ino=8 scontext=u:r:healthd:s0 tcontext=u:object_r:fuse:s0 tclass=file permissive=1
07-07 15:19:50.340   510   510 I healthd : type=1400 audit(0.0:1555): avc: denied { open } for path="/dev/pipe/battery/BAT0/capacity" dev="fuse" ino=8 scontext=u:r:healthd:s0 tcontext=u:object_r:fuse:s0 tclass=file permissive=1
07-07 15:19:50.340   510   510 I healthd : type=1400 audit(0.0:1556): avc: denied { getattr } for path="/dev/pipe/battery/BAT0/capacity" dev="fuse" ino=8 scontext=u:r:healthd:s0 tcontext=u:object_r:fuse:s0 tclass=file permissive=1
07-07 15:19:52.004   529   529 W WindowManager: removeWindowToken: Attempted to remove non-existing token: android.os.Binder@65611e6
07-07 15:19:52.019   482   482 D SurfaceFlinger: duplicate layer name: changing Toast to Toast#1
07-07 15:19:52.218   529   650 E TaskPersister: File error accessing recents directory (directory doesn't exist?).
07-07 15:19:54.009   529   529 W WindowManager: removeWindowToken: Attempted to remove non-existing token: android.os.Binder@67c9b9c
07-07 15:19:54.012  1656  2210 E eglCodecCommon: goldfish_dma_create_region: could not obtain fd to device! fd -1 errno=2
07-07 15:19:54.716  2589  2643 D ProfileInstaller: Skipping profile installation for ccc71.at.free
07-07 15:19:56.015   529   529 W WindowManager: removeWindowToken: Attempted to remove non-existing token: android.os.Binder@b24b85d
07-07 15:19:56.017  1656  2210 E eglCodecCommon: goldfish_dma_create_region: could not obtain fd to device! fd -1 errno=2
07-07 15:19:57.832   378   378 I hostapd : type=1400 audit(0.0:1557): avc: denied { read } for scontext=u:r:execns:s0 tcontext=u:r:execns:s0 tclass=netlink_generic_socket permissive=1
07-07 15:19:57.832   378   378 I hostapd : type=1400 audit(0.0:1558): avc: denied { write } for scontext=u:r:execns:s0 tcontext=u:r:execns:s0 tclass=netlink_generic_socket permissive=1
07-07 15:19:57.832   378   378 I hostapd : type=1400 audit(0.0:1559): avc: denied { net_admin } for capability=12 scontext=u:r:execns:s0 tcontext=u:r:execns:s0 tclass=capability permissive=1
07-07 15:20:00.003   529   545 E memtrack: Couldn't load memtrack module
07-07 15:20:00.003   529   545 W android.os.Debug: failed to get memory consumption info: -1
07-07 15:20:02.757   529   864 D SntpClient: request time failed: java.net.SocketTimeoutException: Poll timed out
07-07 15:20:13.707   529  1162 I ActivityManager: Force stopping ccc71.at.free appid=10068 user=0: from pid 2648
07-07 15:20:13.708   529  1162 I ActivityManager: Killing 2552:ccc71.at.free:ui/u0a68 (adj 0): stop ccc71.at.free
07-07 15:20:13.708   529  1162 W ActivityManager: Force removing ActivityRecord{9fde327 u0 ccc71.at.free/ccc71.at.activities.easy_tabs.at_easy_tabs t11}: app died, no saved state
07-07 15:20:13.708   529   548 W system_server: kill(-2552, 9) failed: No such process
07-07 15:20:13.710   529  1162 I WindowManager: Failed to capture screenshot of Token{379c9d4 ActivityRecord{9fde327 u0 ccc71.at.free/ccc71.at.activities.easy_tabs.at_easy_tabs t11 f}} appWin=Window{45351ca u0 ccc71.at.free/ccc71.at.activities.easy_tabs.at_easy_tabs} drawState=4
07-07 15:20:13.714   529  1162 I ActivityManager: Killing 2589:ccc71.at.free/u0a68 (adj 900): stop ccc71.at.free
07-07 15:20:13.716   529   545 E memtrack: Couldn't load memtrack module
07-07 15:20:13.716   529   545 W android.os.Debug: failed to get memory consumption info: -1
07-07 15:20:13.718   868   868 D CarrierSvcBindHelper: No carrier app for: 0
07-07 15:20:13.732   529   553 W ActivityManager: setHasOverlayUi called on unknown pid: 2552
07-07 15:20:13.752   529   548 W system_server: kill(-2552, 9) failed: No such process
07-07 15:20:13.752   529   548 I system_server: Successfully killed process cgroup uid 10068 pid 2552 in 43ms
07-07 15:20:13.752   529   548 W system_server: kill(-2589, 9) failed: No such process
07-07 15:20:13.752   529   548 I system_server: Successfully killed process cgroup uid 10068 pid 2589 in 0ms
07-07 15:20:13.796   461   461 I local_opengl: type=1400 audit(0.0:1560): avc: denied { write } for laddr=192.168.56.102 lport=22468 faddr=192.168.56.1 fport=45402 scontext=u:r:local_opengl:s0 tcontext=u:r:local_opengl:s0 tclass=tcp_socket permissive=1
07-07 15:20:13.796   461   461 I local_opengl: type=1400 audit(0.0:1561): avc: denied { read } for laddr=192.168.56.102 lport=22468 faddr=192.168.56.1 fport=45402 scontext=u:r:local_opengl:s0 tcontext=u:r:local_opengl:s0 tclass=tcp_socket permissive=1
07-07 15:20:14.334  1206  1295 W OpenGLRenderer: Incorrectly called buildLayer on View: ShortcutAndWidgetContainer, destroying layer...
07-07 15:20:15.832   238   238 E adbd    : failed to connect to socket 'tcp:27042': Connection refused
07-07 15:20:16.751   529   650 E TaskPersister: File error accessing recents directory (directory doesn't exist?).
07-07 15:20:33.806  1417  1876 I Dialer  : OmtpVvmCarrierCfgHlpr - OmtpEvent:CONFIG_STATUS_SMS_TIME_OUT
07-07 15:20:33.807  1417  1417 I Dialer  : RetryPolicy - discarding deferred status: configuration_state=4
07-07 15:20:33.808  1417  1417 I Dialer  : VvmTaskExecutor - no more tasks, stopping service if no task are added in 5000 millis
07-07 15:20:33.809   529   545 E memtrack: Couldn't load memtrack module
07-07 15:20:33.809  1417  1417 I Dialer  : VvmTaskReceiver - task received
07-07 15:20:33.809   529   545 W android.os.Debug: failed to get memory consumption info: -1
07-07 15:20:33.809  1417  1417 I Dialer  : VvmTaskReceiver - TaskExecutor already running
07-07 15:20:33.810  1417  1417 I Dialer  : Task.createTask - create task:com.android.voicemail.impl.ActivationTask
07-07 15:20:33.810  1417  1417 I Dialer  : RetryPolicy - retry #4 for com.android.voicemail.impl.ActivationTask@a8f18f2 queued, executing in 5000
07-07 15:20:33.810  1417  1417 I Dialer  : VvmTaskExecutor - com.android.voicemail.impl.ActivationTask@a8f18f2 added
07-07 15:20:33.810  1417  1417 I Dialer  : VvmTaskExecutor - minimal wait time:5000
07-07 15:20:33.810  1417  1417 I Dialer  : VvmTaskExecutor - sleep for 5000 millis
07-07 15:20:33.825   529   545 E memtrack: Couldn't load memtrack module
07-07 15:20:33.825   529   545 W android.os.Debug: failed to get memory consumption info: -1
07-07 15:20:38.852  1417  1876 I Dialer  : VvmTaskExecutor - executing task com.android.voicemail.impl.ActivationTask@a8f18f2
07-07 15:20:38.852  1417  1876 I Dialer  : PreOMigrationHandler - ComponentInfo{com.android.phone/com.android.services.telephony.TelephonyConnectionService}, [5fef04621e9a9b41849c3df35e75799299008300], UserHandle{0} already migrated
07-07 15:20:38.877  1417  1876 I Dialer  : VvmActivationTask - VVM content provider configured - vvm_type_cvvm
07-07 15:20:38.878  1417  1876 I Dialer  : OmtpVvmCarrierCfgHlpr - OmtpEvent:CONFIG_ACTIVATING
07-07 15:20:38.886  1417  1876 I Dialer  : TelephonyMangerCompat.setVisualVoicemailSmsFilterSettings - using TelephonyManager
07-07 15:20:38.887  1417  1876 I Dialer  : TelephonyMangerCompat.sendVisualVoicemailSms - using TelephonyManager
07-07 15:20:38.891   499  1710 D baseband-sms: newsms
07-07 15:20:38.891   499  1710 D baseband-sms: sender:(N/A)
07-07 15:20:38.891   499  1710 D baseband-sms: receiver:122
07-07 15:20:38.891   499  1710 D baseband-sms: index:1/1
07-07 15:20:38.891   499  1710 D baseband-sms: txt:'FQKf.:et#W'
07-07 15:20:38.884   217   217 I redis   : type=1400 audit(0.0:1562): avc: denied { read } for path="socket:[15523]" dev="sockfs" ino=15523 scontext=u:r:redis:s0 tcontext=u:r:redis:s0 tclass=tcp_socket permissive=1
07-07 15:20:38.888   217   217 I redis   : type=1400 audit(0.0:1563): avc: denied { write } for path="socket:[15523]" dev="sockfs" ino=15523 scontext=u:r:redis:s0 tcontext=u:r:redis:s0 tclass=tcp_socket permissive=1
07-07 15:20:38.982   529  2539 I ActivityManager: Force stopping ccc71.at.free appid=10068 user=0: from pid 2664
07-07 15:20:38.984   868   868 D CarrierSvcBindHelper: No carrier app for: 0
07-07 15:20:51.737   238   238 E adbd    : failed to connect to socket 'tcp:27042': Connection refused
07-07 15:20:52.808   378   378 I hostapd : type=1400 audit(0.0:1564): avc: denied { read } for scontext=u:r:execns:s0 tcontext=u:r:execns:s0 tclass=netlink_generic_socket permissive=1
07-07 15:20:52.808   378   378 I hostapd : type=1400 audit(0.0:1565): avc: denied { write } for scontext=u:r:execns:s0 tcontext=u:r:execns:s0 tclass=netlink_generic_socket permissive=1
07-07 15:21:09.372  2378  2378 I CLIPDUMP-INFO-LOG: Error Connecting to Frida
07-07 15:21:09.368   217   217 I redis   : type=1400 audit(0.0:1566): avc: denied { accept } for lport=6379 scontext=u:r:redis:s0 tcontext=u:r:redis:s0 tclass=tcp_socket permissive=1
07-07 15:21:09.368   217   217 I redis   : type=1400 audit(0.0:1567): avc: denied { write } for name="fwmarkd" dev="tmpfs" ino=11446 scontext=u:r:redis:s0 tcontext=u:object_r:fwmarkd_socket:s0 tclass=sock_file permissive=1
07-07 15:21:09.368   217   217 I redis   : type=1400 audit(0.0:1568): avc: denied { connectto } for path="/dev/socket/fwmarkd" scontext=u:r:redis:s0 tcontext=u:r:netd:s0 tclass=unix_stream_socket permissive=1
07-07 15:21:09.368   229   229 I netd    : type=1400 audit(0.0:1569): avc: denied { use } for path="socket:[33379]" dev="sockfs" ino=33379 scontext=u:r:netd:s0 tcontext=u:r:redis:s0 tclass=fd permissive=1
07-07 15:21:09.368   229   229 I netd    : type=1400 audit(0.0:1570): avc: denied { read write } for path="socket:[33379]" dev="sockfs" ino=33379 scontext=u:r:netd:s0 tcontext=u:r:redis:s0 tclass=tcp_socket permissive=1
07-07 15:21:09.368   229   229 I netd    : type=1400 audit(0.0:1571): avc: denied { getopt } for laddr=127.0.0.1 lport=6379 faddr=127.0.0.1 fport=49144 scontext=u:r:netd:s0 tcontext=u:r:redis:s0 tclass=tcp_socket permissive=1
07-07 15:21:09.368   229   229 I netd    : type=1400 audit(0.0:1572): avc: denied { setopt } for laddr=127.0.0.1 lport=6379 faddr=127.0.0.1 fport=49144 scontext=u:r:netd:s0 tcontext=u:r:redis:s0 tclass=tcp_socket permissive=1
07-07 15:21:09.368   217   217 I redis   : type=1400 audit(0.0:1573): avc: denied { setopt } for laddr=127.0.0.1 lport=6379 faddr=127.0.0.1 fport=49144 scontext=u:r:redis:s0 tcontext=u:r:redis:s0 tclass=tcp_socket permissive=1
07-07 15:21:14.344   510   510 I healthd : type=1400 audit(0.0:1574): avc: denied { read } for name="capacity" dev="fuse" ino=8 scontext=u:r:healthd:s0 tcontext=u:object_r:fuse:s0 tclass=file permissive=1
07-07 15:21:14.344   510   510 I healthd : type=1400 audit(0.0:1575): avc: denied { open } for path="/dev/pipe/battery/BAT0/capacity" dev="fuse" ino=8 scontext=u:r:healthd:s0 tcontext=u:object_r:fuse:s0 tclass=file permissive=1
07-07 15:21:14.344   510   510 I healthd : type=1400 audit(0.0:1576): avc: denied { getattr } for path="/dev/pipe/battery/BAT0/capacity" dev="fuse" ino=8 scontext=u:r:healthd:s0 tcontext=u:object_r:fuse:s0 tclass=file permissive=1
07-07 15:21:21.691   529   545 I GnssLocationProvider: WakeLock acquired by handleInjectNtpTime()
07-07 15:21:26.699   529  2678 D SntpClient: request time failed: java.net.SocketTimeoutException: Poll timed out
07-07 15:21:26.699   529  2678 E GnssLocationProvider: requestTime failed
07-07 15:21:26.699   529  2678 I GnssLocationProvider: WakeLock acquired by sendMessage(INJECT_NTP_TIME_FINISHED, 0, null)
07-07 15:21:26.699   529  2678 I GnssLocationProvider: WakeLock released by handleInjectNtpTime()
07-07 15:21:26.699   529   545 I GnssLocationProvider: WakeLock released by handleMessage(INJECT_NTP_TIME_FINISHED, 0, null)
07-07 15:21:32.741   529   545 E memtrack: Couldn't load memtrack module
07-07 15:21:32.741   529   545 W android.os.Debug: failed to get memory consumption info: -1
07-07 15:21:33.004   378   378 I hostapd : type=1400 audit(0.0:1577): avc: denied { net_admin } for capability=12 scontext=u:r:execns:s0 tcontext=u:r:execns:s0 tclass=capability permissive=1
07-07 15:21:37.079   529  2539 D WificondControl: Scan result ready event
07-07 15:21:38.925  1417  1876 I Dialer  : OmtpVvmCarrierCfgHlpr - OmtpEvent:CONFIG_STATUS_SMS_TIME_OUT
07-07 15:21:38.925  1417  1417 I Dialer  : RetryPolicy - Retry limit for com.android.voicemail.impl.ActivationTask@a8f18f2 reached
07-07 15:21:38.925  1417  1417 I Dialer  : RetryPolicy - committing deferred status: configuration_state=4
07-07 15:21:38.938  1417  1417 I Dialer  : VvmTaskExecutor - no more tasks, stopping service if no task are added in 5000 millis
07-07 15:21:43.978  1417  1417 I Dialer  : VvmTaskExecutor - Stopping service
07-07 15:21:43.979  1417  1417 I Dialer  : VvmTaskExecutor - finishing Job
07-07 15:21:43.979  1417  1417 I Dialer  : TaskSchedulerJobService - finishing job
07-07 15:21:43.981  1417  1417 I Dialer  : JobFinishedPoller.run - Job finished
07-07 15:21:43.981  1417  1417 I Dialer  : VvmTaskExecutor - terminated